Archive member included to satisfy reference by file (symbol)

/home/vraiti/ukl/ukl/glibc/rtld-build/elf/rtld-libc.a(rtld-check_fds.os)
                              /home/vraiti/ukl/ukl/glibc/rtld-build/elf/dl-allobjs.os (__libc_check_standard_fds)
/home/vraiti/ukl/ukl/glibc/rtld-build/elf/rtld-libc.a(rtld-errno.os)
                              /home/vraiti/ukl/ukl/glibc/rtld-build/elf/dl-allobjs.os (rtld_errno)
/home/vraiti/ukl/ukl/glibc/rtld-build/elf/rtld-libc.a(rtld-closedir.os)
                              /home/vraiti/ukl/ukl/glibc/rtld-build/elf/dl-allobjs.os (__closedir)
/home/vraiti/ukl/ukl/glibc/rtld-build/elf/rtld-libc.a(rtld-rewinddir.os)
                              /home/vraiti/ukl/ukl/glibc/rtld-build/elf/dl-allobjs.os (__rewinddir)
/home/vraiti/ukl/ukl/glibc/rtld-build/elf/rtld-libc.a(rtld-readdir64.os)
                              /home/vraiti/ukl/ukl/glibc/rtld-build/elf/dl-allobjs.os (__readdir)
/home/vraiti/ukl/ukl/glibc/rtld-build/elf/rtld-libc.a(rtld-fdopendir.os)
                              /home/vraiti/ukl/ukl/glibc/rtld-build/elf/dl-allobjs.os (__fdopendir)
/home/vraiti/ukl/ukl/glibc/rtld-build/elf/rtld-libc.a(rtld-getdents64.os)
                              /home/vraiti/ukl/ukl/glibc/rtld-build/elf/rtld-libc.a(rtld-readdir64.os) (__getdents64)
/home/vraiti/ukl/ukl/glibc/rtld-build/elf/rtld-libc.a(rtld-dl-addr-obj.os)
                              /home/vraiti/ukl/ukl/glibc/rtld-build/elf/dl-allobjs.os (_dl_addr_inside_object)
/home/vraiti/ukl/ukl/glibc/rtld-build/elf/rtld-libc.a(rtld-profil.os)
                              /home/vraiti/ukl/ukl/glibc/rtld-build/elf/dl-allobjs.os (__profil)
/home/vraiti/ukl/ukl/glibc/rtld-build/elf/rtld-libc.a(rtld-prof-freq.os)
                              /home/vraiti/ukl/ukl/glibc/rtld-build/elf/dl-allobjs.os (__profile_frequency)
/home/vraiti/ukl/ukl/glibc/rtld-build/elf/rtld-libc.a(rtld-xstat.os)
                              /home/vraiti/ukl/ukl/glibc/rtld-build/elf/dl-allobjs.os (__GI___xstat64)
/home/vraiti/ukl/ukl/glibc/rtld-build/elf/rtld-libc.a(rtld-fxstat.os)
                              /home/vraiti/ukl/ukl/glibc/rtld-build/elf/dl-allobjs.os (__GI___fxstat64)
/home/vraiti/ukl/ukl/glibc/rtld-build/elf/rtld-libc.a(rtld-lxstat.os)
                              /home/vraiti/ukl/ukl/glibc/rtld-build/elf/dl-allobjs.os (__GI___lxstat64)
/home/vraiti/ukl/ukl/glibc/rtld-build/elf/rtld-libc.a(rtld-lseek64.os)
                              /home/vraiti/ukl/ukl/glibc/rtld-build/elf/dl-allobjs.os (__lseek)
/home/vraiti/ukl/ukl/glibc/rtld-build/elf/rtld-libc.a(rtld-access.os)
                              /home/vraiti/ukl/ukl/glibc/rtld-build/elf/dl-allobjs.os (__access)
/home/vraiti/ukl/ukl/glibc/rtld-build/elf/rtld-libc.a(rtld-close_nocancel.os)
                              /home/vraiti/ukl/ukl/glibc/rtld-build/elf/dl-allobjs.os (__GI___close_nocancel)
/home/vraiti/ukl/ukl/glibc/rtld-build/elf/rtld-libc.a(rtld-fcntl_nocancel.os)
                              /home/vraiti/ukl/ukl/glibc/rtld-build/elf/dl-allobjs.os (__GI___fcntl64_nocancel)
/home/vraiti/ukl/ukl/glibc/rtld-build/elf/rtld-libc.a(rtld-open64_nocancel.os)
                              /home/vraiti/ukl/ukl/glibc/rtld-build/elf/dl-allobjs.os (__GI___open64_nocancel)
/home/vraiti/ukl/ukl/glibc/rtld-build/elf/rtld-libc.a(rtld-openat64_nocancel.os)
                              /home/vraiti/ukl/ukl/glibc/rtld-build/elf/dl-allobjs.os (__GI___openat64_nocancel)
/home/vraiti/ukl/ukl/glibc/rtld-build/elf/rtld-libc.a(rtld-read_nocancel.os)
                              /home/vraiti/ukl/ukl/glibc/rtld-build/elf/dl-allobjs.os (__GI___read_nocancel)
/home/vraiti/ukl/ukl/glibc/rtld-build/elf/rtld-libc.a(rtld-pread64_nocancel.os)
                              /home/vraiti/ukl/ukl/glibc/rtld-build/elf/dl-allobjs.os (__GI___pread64_nocancel)
/home/vraiti/ukl/ukl/glibc/rtld-build/elf/rtld-libc.a(rtld-write_nocancel.os)
                              /home/vraiti/ukl/ukl/glibc/rtld-build/elf/dl-allobjs.os (__GI___write_nocancel)
/home/vraiti/ukl/ukl/glibc/rtld-build/elf/rtld-libc.a(rtld-scratch_buffer_set_array_size.os)
                              /home/vraiti/ukl/ukl/glibc/rtld-build/elf/dl-allobjs.os (__libc_scratch_buffer_set_array_size)
/home/vraiti/ukl/ukl/glibc/rtld-build/elf/rtld-libc.a(rtld-mmap64.os)
                              /home/vraiti/ukl/ukl/glibc/rtld-build/elf/dl-allobjs.os (__mmap)
/home/vraiti/ukl/ukl/glibc/rtld-build/elf/rtld-libc.a(rtld-munmap.os)
                              /home/vraiti/ukl/ukl/glibc/rtld-build/elf/dl-allobjs.os (__munmap)
/home/vraiti/ukl/ukl/glibc/rtld-build/elf/rtld-libc.a(rtld-mprotect.os)
                              /home/vraiti/ukl/ukl/glibc/rtld-build/elf/dl-allobjs.os (__mprotect)
/home/vraiti/ukl/ukl/glibc/rtld-build/elf/rtld-libc.a(rtld-uname.os)
                              /home/vraiti/ukl/ukl/glibc/rtld-build/elf/dl-allobjs.os (__uname)
/home/vraiti/ukl/ukl/glibc/rtld-build/elf/rtld-libc.a(rtld-_exit.os)
[...]
Memory Configuration

Name             Origin             Length             Attributes
*default*        0x0000000000000000 0xffffffffffffffff

Linker script and memory map

START GROUP
LOAD /home/vraiti/ukl/ukl/glibc/rtld-build/elf/dl-allobjs.os
LOAD /home/vraiti/ukl/ukl/glibc/rtld-build/elf/rtld-libc.a
LOAD /usr/lib/gcc/x86_64-linux-gnu/12/libgcc.a
END GROUP

.interp
 *(.interp)

.note.gnu.build-id
 *(.note.gnu.build-id)

.hash
 *(.hash)

.gnu.hash
 *(.gnu.hash)

.dynsym
 *(.dynsym)

.dynstr
 *(.dynstr)

.gnu.version
 *(.gnu.version)

.gnu.version_d
 *(.gnu.version_d)

.gnu.version_r
 *(.gnu.version_r)

.rela.init
 *(.rela.init)

.rela.text
 *(.rela.text)

.rela.fini
 *(.rela.fini)

.rela.rodata
 *(.rela.rodata)

.rela.data.rel.ro
 *(.rela.data.rel.ro)

.rela.data
 *(.rela.data)

.rela.tdata
 *(.rela.tdata)

.rela.tbss
 *(.rela.tbss)

.rela.ctors
 *(.rela.ctors)

.rela.dtors
 *(.rela.dtors)

.rela.got
 *(.rela.got)

.rela.bss
 *(.rela.bss)

.rela.ldata
 *(.rela.ldata)

.rela.lbss
 *(.rela.lbss)

.rela.lrodata
 *(.rela.lrodata)

.rela.ifunc
 *(.rela.ifunc)

.rela.plt
 *(.rela.plt)

.relr.dyn
 *(.relr.dyn)

.init
 *(SORT_NONE(.init))

.plt
 *(.plt)

.plt.got
 *(.plt.got)

.plt.sec
 *(.plt.sec)

.text           0x0000000000000000    0x1ddfe
 *(.text .stub)
 .text          0x0000000000000000    0x18fa0 /home/vraiti/ukl/ukl/glibc/rtld-build/elf/dl-allobjs.os
                0x0000000000000000                _start
                0x0000000000000008                _dl_start_user
                0x0000000000001250                handle_preload_list
                0x00000000000074b0                _dl_dst_count
                0x0000000000007550                _dl_dst_substitute
                0x0000000000007c50                _dl_init_paths
                0x0000000000007f60                _dl_map_object
                0x0000000000008b00                _dl_rtld_di_serinfo
                0x0000000000009ba0                _dl_lookup_symbol_x
                0x000000000000ab00                _dl_setup_hash
                0x000000000000abc0                _dl_add_to_namespace_list
                0x000000000000ac70                _dl_new_object
                0x000000000000b040                _dl_try_allocate_static_tls
                0x000000000000b130                _dl_allocate_static_tls
                0x000000000000b160                _dl_nothread_init_static_tls
                0x000000000000b1a0                _dl_protect_relro
                0x000000000000b200                _dl_reloc_bad_type
                0x000000000000b2d0                _dl_relocate_object
                0x000000000000cd10                _dl_map_object_deps
                0x000000000000dd90                _dl_important_hwcaps
                0x000000000000e520                _dl_fixup
                0x000000000000e6f0                _dl_profile_fixup
                0x000000000000edd0                _dl_call_pltexit
                0x000000000000f060                _dl_init
                0x000000000000f1a0                _dl_fini
                0x000000000000f5b0                _dl_debug_state
                0x000000000000f5b0                __GI__dl_debug_state
                0x000000000000f5c0                _dl_debug_initialize
                0x000000000000fca0                _dl_sysdep_read_whole_file
                0x000000000000fd40                _dl_debug_printf
                0x000000000000fdf0                _dl_debug_printf_c
                0x000000000000fea0                _dl_dprintf
                0x000000000000ff40                _dl_name_match_p
                0x000000000000ffb0                _dl_higher_prime_number
                0x0000000000010000                _dl_strtoul
                0x0000000000010160                _dl_check_map_versions
                0x00000000000108e0                _dl_check_all_versions
                0x0000000000010950                _dl_start_profile
                0x00000000000110c0                __GI__dl_mcount
                0x00000000000110c0                _dl_mcount
                0x00000000000115f0                _dl_next_tls_modid
                0x00000000000116e0                _dl_count_modids
                0x0000000000011750                _dl_determine_tlsoffset
                0x0000000000011910                _dl_get_tls_static_info
                0x0000000000011930                _dl_allocate_tls_storage
                0x00000000000119f0                __GI__dl_allocate_tls_init
                0x00000000000119f0                _dl_allocate_tls_init
                0x0000000000011c30                __GI__dl_allocate_tls
                0x0000000000011c30                _dl_allocate_tls
                0x0000000000011ca0                _dl_deallocate_tls
                0x0000000000011ca0                __GI__dl_deallocate_tls
                0x0000000000011d20                _dl_update_slotinfo
                0x0000000000011f60                __GI___tls_get_addr
                0x0000000000011f60                ___tls_get_addr
                0x0000000000011fa0                _dl_tls_get_addr_soft
                0x0000000000012010                _dl_add_to_slotinfo
                0x0000000000012100                __tls_get_addr_slow
                0x0000000000012130                _dl_get_origin
                0x0000000000012290                _dl_scope_free
                0x0000000000012350                _dl_make_stack_executable
                0x0000000000012350                __GI__dl_make_stack_executable
                0x00000000000126b0                __GI__dl_find_dso_for_object
                0x00000000000126b0                _dl_find_dso_for_object
                0x0000000000012780                _dl_open
                0x0000000000012a80                _dl_show_scope
                0x0000000000013840                _dl_close_worker
                0x00000000000149c0                _dl_close
                0x0000000000014a30                _dl_runtime_profile_avx512
                0x0000000000014eb0                _dl_runtime_profile_avx
                0x0000000000015330                _dl_runtime_profile_sse
                0x0000000000015530                _dl_runtime_resolve_fxsave
                0x00000000000155b0                _dl_runtime_resolve_xsave
                0x0000000000015680                _dl_runtime_resolve_xsavec
                0x0000000000015770                _dl_exception_create
                0x0000000000015770                __GI__dl_exception_create
                0x0000000000015840                __GI__dl_exception_create_format
                0x0000000000015840                _dl_exception_create_format
                0x0000000000015ca0                _dl_exception_free
                0x0000000000015ca0                __GI__dl_exception_free
                0x0000000000015cc0                _dl_sort_maps
                0x0000000000015f80                _dl_cache_libcmp
                0x0000000000016060                _dl_load_cache_lookup
                0x0000000000016670                _dl_unload_cache
                0x00000000000166b0                _dl_make_tlsdesc_dynamic
                0x0000000000016990                _dl_tlsdesc_resolve_rela_fixup
                0x0000000000016b60                _dl_tlsdesc_resolve_hold_fixup
                0x0000000000016b90                _dl_unmap
                0x0000000000016c10                _dl_tlsdesc_return
                0x0000000000016c20                _dl_tlsdesc_undefweak
                0x0000000000016c30                _dl_tlsdesc_dynamic
                0x0000000000016cd0                _dl_tlsdesc_resolve_rela
                0x0000000000016d40                _dl_tlsdesc_resolve_hold
                0x0000000000016dc0                __tls_get_addr
                0x0000000000016e00                __get_cpu_features
                0x00000000000171e0                _dl_sysdep_start
                0x0000000000017970                _dl_sysdep_start_cleanup
                0x0000000000017980                _dl_show_auxv
                0x0000000000017b30                _dl_discover_osversion
                0x0000000000017d10                _dl_next_ld_env_entry
                0x0000000000017d60                unsetenv
                0x0000000000017de0                malloc
                0x0000000000017f00                calloc
                0x0000000000017f30                free
                0x0000000000017f70                __sigjmp_save
                0x0000000000017f80                __strerror_r
                0x0000000000018070                __GI___libc_fatal
                0x0000000000018070                __libc_fatal
                0x00000000000180a0                __GI___chk_fail
                0x00000000000180a0                __chk_fail
                0x00000000000180b0                __GI___assert_fail
                0x00000000000180b0                __assert_fail
                0x0000000000018100                realloc
                0x0000000000018190                __GI___assert_perror_fail
                0x0000000000018190                __assert_perror_fail
                0x0000000000018200                _itoa
                0x0000000000018260                __strsep
                0x0000000000018260                strsep
                0x0000000000018260                __strsep_g
                0x00000000000183a0                _dl_signal_exception
                0x00000000000183f0                _dl_signal_error
                0x0000000000018440                _dl_signal_cexception
                0x00000000000184c0                _dl_signal_cerror
                0x0000000000018540                _dl_catch_exception
                0x0000000000018610                _dl_catch_error
                0x0000000000018660                _dl_receive_error
                0x00000000000186b0                _dl_resolve_conflicts
                0x0000000000018830                __brk
                0x0000000000018830                brk
                0x0000000000018880                sbrk
                0x0000000000018880                __sbrk
                0x0000000000018910                __getcwd
                0x0000000000018910                getcwd
                0x0000000000018d80                openat64
                0x0000000000018de0                __alloc_dir
                0x0000000000018eb0                __opendir
                0x0000000000018eb0                opendir
                0x0000000000018f50                __fxstatat
                0x0000000000018f50                __fxstatat64
                0x0000000000018f50                __GI___fxstatat64
 .text          0x0000000000018fa0       0xe2 /home/vraiti/ukl/ukl/glibc/rtld-build/elf/rtld-libc.a(rtld-check_fds.os)
                0x0000000000019050                __libc_check_standard_fds
 .text          0x0000000000019082        0x0 /home/vraiti/ukl/ukl/glibc/rtld-build/elf/rtld-libc.a(rtld-errno.os)
 *fill*         0x0000000000019082        0xe 
 .text          0x0000000000019090       0x25 /home/vraiti/ukl/ukl/glibc/rtld-build/elf/rtld-libc.a(rtld-closedir.os)
                0x0000000000019090                __closedir
                0x0000000000019090                closedir
 *fill*         0x00000000000190b5        0xb 
 .text          0x00000000000190c0       0x28 /home/vraiti/ukl/ukl/glibc/rtld-build/elf/rtld-libc.a(rtld-rewinddir.os)
                0x00000000000190c0                rewinddir
                0x00000000000190c0                __rewinddir
 *fill*         0x00000000000190e8        0x8 
 .text          0x00000000000190f0       0x8d /home/vraiti/ukl/ukl/glibc/rtld-build/elf/rtld-libc.a(rtld-readdir64.os)
                0x00000000000190f0                readdir
                0x00000000000190f0                __readdir64
                0x00000000000190f0                __readdir
                0x00000000000190f0                readdir64
 *fill*         0x000000000001917d        0x3 
 .text          0x0000000000019180       0x8e /home/vraiti/ukl/ukl/glibc/rtld-build/elf/rtld-libc.a(rtld-fdopendir.os)
                0x0000000000019180                fdopendir
                0x0000000000019180                __fdopendir
 *fill*         0x000000000001920e        0x2 
 .text          0x0000000000019210       0x38 /home/vraiti/ukl/ukl/glibc/rtld-build/elf/rtld-libc.a(rtld-getdents64.os)
                0x0000000000019210                __getdents
                0x0000000000019210                getdents64
                0x0000000000019210                __getdents64
 *fill*         0x0000000000019248        0x8 
 .text          0x0000000000019250       0x7b /home/vraiti/ukl/ukl/glibc/rtld-build/elf/rtld-libc.a(rtld-dl-addr-obj.os)
                0x0000000000019250                _dl_addr_inside_object
 *fill*         0x00000000000192cb        0x5 
 .text          0x00000000000192d0      0x11b /home/vraiti/ukl/ukl/glibc/rtld-build/elf/rtld-libc.a(rtld-profil.os)
                0x0000000000019320                __profil
                0x0000000000019320                profil
 *fill*         0x00000000000193eb        0x5 
 .text          0x00000000000193f0        0x7 /home/vraiti/ukl/ukl/glibc/rtld-build/elf/rtld-libc.a(rtld-prof-freq.os)
                0x00000000000193f0                __profile_frequency
 *fill*         0x00000000000193f7        0x9 
 .text          0x0000000000019400       0x50 /home/vraiti/ukl/ukl/glibc/rtld-build/elf/rtld-libc.a(rtld-xstat.os)
                0x0000000000019400                _xstat
                0x0000000000019400                __xstat64
                0x0000000000019400                __GI___xstat64
                0x0000000000019400                __GI___xstat
                0x0000000000019400                __xstat
 .text          0x0000000000019450       0x50 /home/vraiti/ukl/ukl/glibc/rtld-build/elf/rtld-libc.a(rtld-fxstat.os)
                0x0000000000019450                __GI___fxstat
                0x0000000000019450                __GI___fxstat64
                0x0000000000019450                __fxstat64
                0x0000000000019450                _fxstat
                0x0000000000019450                __fxstat
 .text          0x00000000000194a0       0x50 /home/vraiti/ukl/ukl/glibc/rtld-build/elf/rtld-libc.a(rtld-lxstat.os)
                0x00000000000194a0                __GI___lxstat
                0x00000000000194a0                _lxstat
                0x00000000000194a0                __lxstat
                0x00000000000194a0                __lxstat64
                0x00000000000194a0                __GI___lxstat64
 .text          0x00000000000194f0       0x30 /home/vraiti/ukl/ukl/glibc/rtld-build/elf/rtld-libc.a(rtld-lseek64.os)
                0x00000000000194f0                __lseek64
                0x00000000000194f0                lseek
                0x00000000000194f0                __libc_lseek64
                0x00000000000194f0                __lseek
                0x00000000000194f0                __libc_lseek
                0x00000000000194f0                lseek64
 .text          0x0000000000019520       0x2e /home/vraiti/ukl/ukl/glibc/rtld-build/elf/rtld-libc.a(rtld-access.os)
                0x0000000000019520                access
                0x0000000000019520                __access
 *fill*         0x000000000001954e        0x2 
 .text          0x0000000000019550       0x2e /home/vraiti/ukl/ukl/glibc/rtld-build/elf/rtld-libc.a(rtld-close_nocancel.os)
                0x0000000000019550                __GI___close_nocancel
 *fill*         0x000000000001957e        0x2 
 .text          0x0000000000019580      0x10e /home/vraiti/ukl/ukl/glibc/rtld-build/elf/rtld-libc.a(rtld-fcntl_nocancel.os)
                0x0000000000019580                __fcntl64_nocancel
                0x0000000000019580                __GI___fcntl64_nocancel
                0x0000000000019610                __fcntl64_nocancel_adjusted
 *fill*         0x000000000001968e        0x2 
 .text          0x0000000000019690       0x82 /home/vraiti/ukl/ukl/glibc/rtld-build/elf/rtld-libc.a(rtld-open64_nocancel.os)
                0x0000000000019690                __GI___open_nocancel
                0x0000000000019690                __open_nocancel
                0x0000000000019690                __GI___open64_nocancel
                0x0000000000019690                __open64_nocancel
 *fill*         0x0000000000019712        0xe 
 .text          0x0000000000019720       0x7a /home/vraiti/ukl/ukl/glibc/rtld-build/elf/rtld-libc.a(rtld-openat64_nocancel.os)
                0x0000000000019720                __GI___openat64_nocancel
                0x0000000000019720                __openat64_nocancel
                0x0000000000019720                __GI___openat_nocancel
                0x0000000000019720                __openat_nocancel
 *fill*         0x000000000001979a        0x6 
 .text          0x00000000000197a0       0x28 /home/vraiti/ukl/ukl/glibc/rtld-build/elf/rtld-libc.a(rtld-read_nocancel.os)
                0x00000000000197a0                __read_nocancel
                0x00000000000197a0                __GI___read_nocancel
 *fill*         0x00000000000197c8        0x8 
 .text          0x00000000000197d0       0x30 /home/vraiti/ukl/ukl/glibc/rtld-build/elf/rtld-libc.a(rtld-pread64_nocancel.os)
                0x00000000000197d0                __GI___pread64_nocancel
                0x00000000000197d0                __pread64_nocancel
 .text          0x0000000000019800       0x30 /home/vraiti/ukl/ukl/glibc/rtld-build/elf/rtld-libc.a(rtld-write_nocancel.os)
                0x0000000000019800                __GI___write_nocancel
                0x0000000000019800                __write_nocancel
 .text          0x0000000000019830       0xa1 /home/vraiti/ukl/ukl/glibc/rtld-build/elf/rtld-libc.a(rtld-scratch_buffer_set_array_size.os)
                0x0000000000019830                __libc_scratch_buffer_set_array_size
 *fill*         0x00000000000198d1        0xf 
 .text          0x00000000000198e0       0xa1 /home/vraiti/ukl/ukl/glibc/rtld-build/elf/rtld-libc.a(rtld-mmap64.os)
                0x00000000000198e0                __mmap
                0x00000000000198e0                mmap
                0x00000000000198e0                __mmap64
                0x00000000000198e0                mmap64
 *fill*         0x0000000000019981        0xf 
 .text          0x0000000000019990       0x2e /home/vraiti/ukl/ukl/glibc/rtld-build/elf/rtld-libc.a(rtld-munmap.os)
                0x0000000000019990                munmap
                0x0000000000019990                __munmap
 *fill*         0x00000000000199be        0x2 
 .text          0x00000000000199c0       0x2e /home/vraiti/ukl/ukl/glibc/rtld-build/elf/rtld-libc.a(rtld-mprotect.os)
                0x00000000000199c0                __mprotect
                0x00000000000199c0                mprotect
 *fill*         0x00000000000199ee        0x2 
 .text          0x00000000000199f0       0x7a /home/vraiti/ukl/ukl/glibc/rtld-build/elf/rtld-libc.a(rtld-uname.os)
                0x00000000000199f0                uname
                0x00000000000199f0                __uname
 *fill*         0x0000000000019a6a        0x6 
 .text          0x0000000000019a70       0x52 /home/vraiti/ukl/ukl/glibc/rtld-build/elf/rtld-libc.a(rtld-_exit.os)
                0x0000000000019a70                _Exit
                0x0000000000019a70                __GI__exit
                0x0000000000019a70                _exit
 *fill*         0x0000000000019ac2        0xe 
 .text          0x0000000000019ad0       0x2e /home/vraiti/ukl/ukl/glibc/rtld-build/elf/rtld-libc.a(rtld-getpid.os)
                0x0000000000019ad0                __getpid
                0x0000000000019ad0                getpid
 .text          0x0000000000019afe        0x0 /home/vraiti/ukl/ukl/glibc/rtld-build/elf/rtld-libc.a(rtld-environ.os)
 *fill*         0x0000000000019afe        0x2 
 .text          0x0000000000019b00       0x4f /home/vraiti/ukl/ukl/glibc/rtld-build/elf/rtld-libc.a(rtld-setjmp.os)
                0x0000000000019b00                __sigsetjmp
                0x0000000000019b00                __GI___sigsetjmp
 *fill*         0x0000000000019b4f        0x1 
 .text          0x0000000000019b50       0x4a /home/vraiti/ukl/ukl/glibc/rtld-build/elf/rtld-libc.a(rtld-__longjmp.os)
                0x0000000000019b50                __longjmp
 *fill*         0x0000000000019b9a        0x6 
 .text          0x0000000000019ba0      0x1f8 /home/vraiti/ukl/ukl/glibc/rtld-build/elf/rtld-libc.a(rtld-sigaction.os)
                0x0000000000019bc0                __libc_sigaction
                0x0000000000019d70                sigaction
                0x0000000000019d70                __sigaction
 *fill*         0x0000000000019d98        0x8 
 .text          0x0000000000019da0       0x39 /home/vraiti/ukl/ukl/glibc/rtld-build/elf/rtld-libc.a(rtld-strdup.os)
                0x0000000000019da0                __strdup
                0x0000000000019da0                strdup
 *fill*         0x0000000000019dd9        0x7 
 .text          0x0000000000019de0     0x1439 /home/vraiti/ukl/ukl/glibc/rtld-build/elf/rtld-libc.a(rtld-strcmp-sse2.os)
                0x0000000000019de0                strcmp
 *fill*         0x000000000001b219        0x7 
 .text          0x000000000001b220     0x1849 /home/vraiti/ukl/ukl/glibc/rtld-build/elf/rtld-libc.a(rtld-strncmp-sse2.os)
                0x000000000001b220                strncmp
 *fill*         0x000000000001ca69        0x7 
 .text          0x000000000001ca70      0x323 /home/vraiti/ukl/ukl/glibc/rtld-build/elf/rtld-libc.a(rtld-memchr-sse2.os)
                0x000000000001ca70                memchr
                0x000000000001ca70                __memchr
 *fill*         0x000000000001cd93        0xd 
 .text          0x000000000001cda0      0x1f9 /home/vraiti/ukl/ukl/glibc/rtld-build/elf/rtld-libc.a(rtld-rawmemchr-sse2.os)
                0x000000000001cda0                __rawmemchr
                0x000000000001cda0                rawmemchr
 *fill*         0x000000000001cf99        0x7 
 .text          0x000000000001cfa0      0x400 /home/vraiti/ukl/ukl/glibc/rtld-build/elf/rtld-libc.a(rtld-memcmp-sse2.os)
                0x000000000001cfa0                bcmp
                0x000000000001cfa0                memcmp
 .text          0x000000000001d3a0      0x21a /home/vraiti/ukl/ukl/glibc/rtld-build/elf/rtld-libc.a(rtld-strchr-sse2.os)
                0x000000000001d3a0                index
                0x000000000001d3a0                strchr
 *fill*         0x000000000001d5ba        0x6 
 .text          0x000000000001d5c0      0x19c /home/vraiti/ukl/ukl/glibc/rtld-build/elf/rtld-libc.a(rtld-strlen-sse2.os)
                0x000000000001d5c0                strlen
 *fill*         0x000000000001d75c        0x4 
 .text          0x000000000001d760      0x218 /home/vraiti/ukl/ukl/glibc/rtld-build/elf/rtld-libc.a(rtld-strnlen-sse2.os)
                0x000000000001d760                __strnlen
                0x000000000001d760                strnlen
 *fill*         0x000000000001d978        0x8 
 .text          0x000000000001d980       0xdc /home/vraiti/ukl/ukl/glibc/rtld-build/elf/rtld-libc.a(rtld-stpcpy-sse2.os)
                0x000000000001d980                stpcpy
                0x000000000001d980                __stpcpy
 *fill*         0x000000000001da5c        0x4 
 .text          0x000000000001da60       0x97 /home/vraiti/ukl/ukl/glibc/rtld-build/elf/rtld-libc.a(rtld-strcspn-sse2.os)
                0x000000000001da60                strcspn
 *fill*         0x000000000001daf7        0x9 
 .text          0x000000000001db00      0x1ed /home/vraiti/ukl/ukl/glibc/rtld-build/elf/rtld-libc.a(rtld-memmove-sse2-unaligned-erms.os)
                0x000000000001db00                mempcpy
                0x000000000001db00                __mempcpy
                0x000000000001db10                memmove
                0x000000000001db10                memcpy
 *fill*         0x000000000001dced        0x3 
 .text          0x000000000001dcf0       0xda /home/vraiti/ukl/ukl/glibc/rtld-build/elf/rtld-libc.a(rtld-memset-sse2-unaligned-erms.os)
                0x000000000001dcf0                memset
 *fill*         0x000000000001ddca        0x6 
 .text          0x000000000001ddd0       0x2e /home/vraiti/ukl/ukl/glibc/rtld-build/elf/rtld-libc.a(rtld-setitimer.os)
                0x000000000001ddd0                setitimer
                0x000000000001ddd0                __setitimer
 *(.gnu.warning)

.fini
 *(SORT_NONE(.fini))

.rodata         0x0000000000000000      0xd88
 *(.rodata)
 .rodata        0x0000000000000000      0xd04 /home/vraiti/ukl/ukl/glibc/rtld-build/elf/dl-allobjs.os
 *fill*         0x0000000000000d04        0x4 
 .rodata        0x0000000000000d08       0x40 /home/vraiti/ukl/ukl/glibc/rtld-build/elf/rtld-libc.a(rtld-strcmp-sse2.os)
 .rodata        0x0000000000000d48       0x40 /home/vraiti/ukl/ukl/glibc/rtld-build/elf/rtld-libc.a(rtld-strncmp-sse2.os)

.rodata.str1.1  0x0000000000000000      0xf07
 .rodata.str1.1
                0x0000000000000000      0xef3 /home/vraiti/ukl/ukl/glibc/rtld-build/elf/dl-allobjs.os
 .rodata.str1.1
                0x0000000000000ef3       0x14 /home/vraiti/ukl/ukl/glibc/rtld-build/elf/rtld-libc.a(rtld-check_fds.os)

.rodata.str1.8  0x0000000000000000     0x26c1
 .rodata.str1.8
                0x0000000000000000     0x26c1 /home/vraiti/ukl/ukl/glibc/rtld-build/elf/dl-allobjs.os

.rodata.str1.16
                0x0000000000000000      0x3a6
 .rodata.str1.16
                0x0000000000000000      0x3a6 /home/vraiti/ukl/ukl/glibc/rtld-build/elf/dl-allobjs.os
                0x0000000000000370                __GI__itoa_lower_digits
                0x0000000000000370                _itoa_lower_digits

.rodata.cst16   0x0000000000000000       0x40
 .rodata.cst16  0x0000000000000000       0x40 /home/vraiti/ukl/ukl/glibc/rtld-build/elf/dl-allobjs.os

.rodata.cst4    0x0000000000000000        0x4
 .rodata.cst4   0x0000000000000000        0x4 /home/vraiti/ukl/ukl/glibc/rtld-build/elf/dl-allobjs.os

.rodata.str1.32
                0x0000000000000000       0x5b
 .rodata.str1.32
                0x0000000000000000       0x5b /home/vraiti/ukl/ukl/glibc/rtld-build/elf/dl-allobjs.os

.rodata.cst2    0x0000000000000000        0x4
 .rodata.cst2   0x0000000000000000        0x4 /home/vraiti/ukl/ukl/glibc/rtld-build/elf/dl-allobjs.os

.rodata.cst8    0x0000000000000000        0x8
 .rodata.cst8   0x0000000000000000        0x8 /home/vraiti/ukl/ukl/glibc/rtld-build/elf/dl-allobjs.os

.rodata1
 *(.rodata1)

.eh_frame_hdr
 *(.eh_frame_hdr)

.eh_frame       0x0000000000000000     0x3114
 *(.eh_frame)
 .eh_frame      0x0000000000000000     0x26b8 /home/vraiti/ukl/ukl/glibc/rtld-build/elf/dl-allobjs.os
                                       0x270c (size before relaxing)
 *fill*         0x00000000000026b8        0x0 
 .eh_frame      0x00000000000026b8       0x68 /home/vraiti/ukl/ukl/glibc/rtld-build/elf/rtld-libc.a(rtld-check_fds.os)
 .eh_frame      0x0000000000002720       0x38 /home/vraiti/ukl/ukl/glibc/rtld-build/elf/rtld-libc.a(rtld-closedir.os)
 .eh_frame      0x0000000000002758       0x38 /home/vraiti/ukl/ukl/glibc/rtld-build/elf/rtld-libc.a(rtld-rewinddir.os)
 .eh_frame      0x0000000000002790       0x48 /home/vraiti/ukl/ukl/glibc/rtld-build/elf/rtld-libc.a(rtld-readdir64.os)
 .eh_frame      0x00000000000027d8       0x48 /home/vraiti/ukl/ukl/glibc/rtld-build/elf/rtld-libc.a(rtld-fdopendir.os)
 .eh_frame      0x0000000000002820       0x30 /home/vraiti/ukl/ukl/glibc/rtld-build/elf/rtld-libc.a(rtld-getdents64.os)
 .eh_frame      0x0000000000002850       0x30 /home/vraiti/ukl/ukl/glibc/rtld-build/elf/rtld-libc.a(rtld-dl-addr-obj.os)
 .eh_frame      0x0000000000002880       0x48 /home/vraiti/ukl/ukl/glibc/rtld-build/elf/rtld-libc.a(rtld-profil.os)
 .eh_frame      0x00000000000028c8       0x30 /home/vraiti/ukl/ukl/glibc/rtld-build/elf/rtld-libc.a(rtld-prof-freq.os)
 .eh_frame      0x00000000000028f8       0x30 /home/vraiti/ukl/ukl/glibc/rtld-build/elf/rtld-libc.a(rtld-xstat.os)
 .eh_frame      0x0000000000002928       0x30 /home/vraiti/ukl/ukl/glibc/rtld-build/elf/rtld-libc.a(rtld-fxstat.os)
 .eh_frame      0x0000000000002958       0x30 /home/vraiti/ukl/ukl/glibc/rtld-build/elf/rtld-libc.a(rtld-lxstat.os)
 .eh_frame      0x0000000000002988       0x30 /home/vraiti/ukl/ukl/glibc/rtld-build/elf/rtld-libc.a(rtld-lseek64.os)
 .eh_frame      0x00000000000029b8       0x30 /home/vraiti/ukl/ukl/glibc/rtld-build/elf/rtld-libc.a(rtld-access.os)
 .eh_frame      0x00000000000029e8       0x30 /home/vraiti/ukl/ukl/glibc/rtld-build/elf/rtld-libc.a(rtld-close_nocancel.os)
 .eh_frame      0x0000000000002a18       0x50 /home/vraiti/ukl/ukl/glibc/rtld-build/elf/rtld-libc.a(rtld-fcntl_nocancel.os)
 .eh_frame      0x0000000000002a68       0x38 /home/vraiti/ukl/ukl/glibc/rtld-build/elf/rtld-libc.a(rtld-open64_nocancel.os)
 .eh_frame      0x0000000000002aa0       0x38 /home/vraiti/ukl/ukl/glibc/rtld-build/elf/rtld-libc.a(rtld-openat64_nocancel.os)
 .eh_frame      0x0000000000002ad8       0x30 /home/vraiti/ukl/ukl/glibc/rtld-build/elf/rtld-libc.a(rtld-read_nocancel.os)
 .eh_frame      0x0000000000002b08       0x30 /home/vraiti/ukl/ukl/glibc/rtld-build/elf/rtld-libc.a(rtld-pread64_nocancel.os)
 .eh_frame      0x0000000000002b38       0x30 /home/vraiti/ukl/ukl/glibc/rtld-build/elf/rtld-libc.a(rtld-write_nocancel.os)
 .eh_frame      0x0000000000002b68       0x48 /home/vraiti/ukl/ukl/glibc/rtld-build/elf/rtld-libc.a(rtld-scratch_buffer_set_array_size.os)
 .eh_frame      0x0000000000002bb0       0x48 /home/vraiti/ukl/ukl/glibc/rtld-build/elf/rtld-libc.a(rtld-mmap64.os)
 .eh_frame      0x0000000000002bf8       0x30 /home/vraiti/ukl/ukl/glibc/rtld-build/elf/rtld-libc.a(rtld-munmap.os)
 .eh_frame      0x0000000000002c28       0x30 /home/vraiti/ukl/ukl/glibc/rtld-build/elf/rtld-libc.a(rtld-mprotect.os)
 .eh_frame      0x0000000000002c58       0x30 /home/vraiti/ukl/ukl/glibc/rtld-build/elf/rtld-libc.a(rtld-uname.os)
 .eh_frame      0x0000000000002c88       0x30 /home/vraiti/ukl/ukl/glibc/rtld-build/elf/rtld-libc.a(rtld-_exit.os)
 .eh_frame      0x0000000000002cb8       0x30 /home/vraiti/ukl/ukl/glibc/rtld-build/elf/rtld-libc.a(rtld-getpid.os)
 .eh_frame      0x0000000000002ce8       0x30 /home/vraiti/ukl/ukl/glibc/rtld-build/elf/rtld-libc.a(rtld-setjmp.os)
 .eh_frame      0x0000000000002d18       0x48 /home/vraiti/ukl/ukl/glibc/rtld-build/elf/rtld-libc.a(rtld-__longjmp.os)
 .eh_frame      0x0000000000002d60       0xe0 /home/vraiti/ukl/ukl/glibc/rtld-build/elf/rtld-libc.a(rtld-sigaction.os)
                                         0xe8 (size before relaxing)
 .eh_frame      0x0000000000002e40       0x50 /home/vraiti/ukl/ukl/glibc/rtld-build/elf/rtld-libc.a(rtld-strdup.os)
 .eh_frame      0x0000000000002e90       0x30 /home/vraiti/ukl/ukl/glibc/rtld-build/elf/rtld-libc.a(rtld-strcmp-sse2.os)
 .eh_frame      0x0000000000002ec0       0x30 /home/vraiti/ukl/ukl/glibc/rtld-build/elf/rtld-libc.a(rtld-strncmp-sse2.os)
 .eh_frame      0x0000000000002ef0       0x30 /home/vraiti/ukl/ukl/glibc/rtld-build/elf/rtld-libc.a(rtld-memchr-sse2.os)
 .eh_frame      0x0000000000002f20       0x30 /home/vraiti/ukl/ukl/glibc/rtld-build/elf/rtld-libc.a(rtld-rawmemchr-sse2.os)
 .eh_frame      0x0000000000002f50       0x30 /home/vraiti/ukl/ukl/glibc/rtld-build/elf/rtld-libc.a(rtld-memcmp-sse2.os)
 .eh_frame      0x0000000000002f80       0x30 /home/vraiti/ukl/ukl/glibc/rtld-build/elf/rtld-libc.a(rtld-strchr-sse2.os)
 .eh_frame      0x0000000000002fb0       0x30 /home/vraiti/ukl/ukl/glibc/rtld-build/elf/rtld-libc.a(rtld-strlen-sse2.os)
 .eh_frame      0x0000000000002fe0       0x30 /home/vraiti/ukl/ukl/glibc/rtld-build/elf/rtld-libc.a(rtld-strnlen-sse2.os)
 .eh_frame      0x0000000000003010       0x30 /home/vraiti/ukl/ukl/glibc/rtld-build/elf/rtld-libc.a(rtld-stpcpy-sse2.os)
 .eh_frame      0x0000000000003040       0x38 /home/vraiti/ukl/ukl/glibc/rtld-build/elf/rtld-libc.a(rtld-strcspn-sse2.os)
 .eh_frame      0x0000000000003078       0x40 /home/vraiti/ukl/ukl/glibc/rtld-build/elf/rtld-libc.a(rtld-memmove-sse2-unaligned-erms.os)
 .eh_frame      0x00000000000030b8       0x30 /home/vraiti/ukl/ukl/glibc/rtld-build/elf/rtld-libc.a(rtld-memset-sse2-unaligned-erms.os)
 .eh_frame      0x00000000000030e8       0x2c /home/vraiti/ukl/ukl/glibc/rtld-build/elf/rtld-libc.a(rtld-setitimer.os)
                                         0x30 (size before relaxing)

.sframe
 *(.sframe)

.gcc_except_table
 *(.gcc_except_table)

.gnu_extab
 *(.gnu_extab*)

.exception_ranges
 *(.exception_ranges)

.eh_frame
 *(.eh_frame)

.sframe
 *(.sframe)

.gnu_extab
 *(.gnu_extab)

.gcc_except_table
 *(.gcc_except_table)

.exception_ranges
 *(.exception_ranges)

.tdata
 *(.tdata)

.tbss
 *(.tbss)

.jcr
 *(.jcr)

.dynamic
 *(.dynamic)

.got
 *(.got)

.got.plt
 *(.got.plt)

.data           0x0000000000000000      0xf98
 *(.data)
 .data          0x0000000000000000      0xf98 /home/vraiti/ukl/ukl/glibc/rtld-build/elf/dl-allobjs.os
                0x0000000000000000                _rtld_global
                0x0000000000000000                _rtld_local
 .data          0x0000000000000f98        0x0 /home/vraiti/ukl/ukl/glibc/rtld-build/elf/rtld-libc.a(rtld-check_fds.os)
 .data          0x0000000000000f98        0x0 /home/vraiti/ukl/ukl/glibc/rtld-build/elf/rtld-libc.a(rtld-errno.os)
 .data          0x0000000000000f98        0x0 /home/vraiti/ukl/ukl/glibc/rtld-build/elf/rtld-libc.a(rtld-closedir.os)
 .data          0x0000000000000f98        0x0 /home/vraiti/ukl/ukl/glibc/rtld-build/elf/rtld-libc.a(rtld-rewinddir.os)
 .data          0x0000000000000f98        0x0 /home/vraiti/ukl/ukl/glibc/rtld-build/elf/rtld-libc.a(rtld-readdir64.os)
 .data          0x0000000000000f98        0x0 /home/vraiti/ukl/ukl/glibc/rtld-build/elf/rtld-libc.a(rtld-fdopendir.os)
 .data          0x0000000000000f98        0x0 /home/vraiti/ukl/ukl/glibc/rtld-build/elf/rtld-libc.a(rtld-getdents64.os)
 .data          0x0000000000000f98        0x0 /home/vraiti/ukl/ukl/glibc/rtld-build/elf/rtld-libc.a(rtld-dl-addr-obj.os)
 .data          0x0000000000000f98        0x0 /home/vraiti/ukl/ukl/glibc/rtld-build/elf/rtld-libc.a(rtld-profil.os)
 .data          0x0000000000000f98        0x0 /home/vraiti/ukl/ukl/glibc/rtld-build/elf/rtld-libc.a(rtld-prof-freq.os)
 .data          0x0000000000000f98        0x0 /home/vraiti/ukl/ukl/glibc/rtld-build/elf/rtld-libc.a(rtld-xstat.os)
 .data          0x0000000000000f98        0x0 /home/vraiti/ukl/ukl/glibc/rtld-build/elf/rtld-libc.a(rtld-fxstat.os)
 .data          0x0000000000000f98        0x0 /home/vraiti/ukl/ukl/glibc/rtld-build/elf/rtld-libc.a(rtld-lxstat.os)
 .data          0x0000000000000f98        0x0 /home/vraiti/ukl/ukl/glibc/rtld-build/elf/rtld-libc.a(rtld-lseek64.os)
 .data          0x0000000000000f98        0x0 /home/vraiti/ukl/ukl/glibc/rtld-build/elf/rtld-libc.a(rtld-access.os)
 .data          0x0000000000000f98        0x0 /home/vraiti/ukl/ukl/glibc/rtld-build/elf/rtld-libc.a(rtld-close_nocancel.os)
 .data          0x0000000000000f98        0x0 /home/vraiti/ukl/ukl/glibc/rtld-build/elf/rtld-libc.a(rtld-fcntl_nocancel.os)
 .data          0x0000000000000f98        0x0 /home/vraiti/ukl/ukl/glibc/rtld-build/elf/rtld-libc.a(rtld-open64_nocancel.os)
 .data          0x0000000000000f98        0x0 /home/vraiti/ukl/ukl/glibc/rtld-build/elf/rtld-libc.a(rtld-openat64_nocancel.os)
 .data          0x0000000000000f98        0x0 /home/vraiti/ukl/ukl/glibc/rtld-build/elf/rtld-libc.a(rtld-read_nocancel.os)
 .data          0x0000000000000f98        0x0 /home/vraiti/ukl/ukl/glibc/rtld-build/elf/rtld-libc.a(rtld-pread64_nocancel.os)
 .data          0x0000000000000f98        0x0 /home/vraiti/ukl/ukl/glibc/rtld-build/elf/rtld-libc.a(rtld-write_nocancel.os)
 .data          0x0000000000000f98        0x0 /home/vraiti/ukl/ukl/glibc/rtld-build/elf/rtld-libc.a(rtld-scratch_buffer_set_array_size.os)
 .data          0x0000000000000f98        0x0 /home/vraiti/ukl/ukl/glibc/rtld-build/elf/rtld-libc.a(rtld-mmap64.os)
 .data          0x0000000000000f98        0x0 /home/vraiti/ukl/ukl/glibc/rtld-build/elf/rtld-libc.a(rtld-munmap.os)
 .data          0x0000000000000f98        0x0 /home/vraiti/ukl/ukl/glibc/rtld-build/elf/rtld-libc.a(rtld-mprotect.os)
 .data          0x0000000000000f98        0x0 /home/vraiti/ukl/ukl/glibc/rtld-build/elf/rtld-libc.a(rtld-uname.os)
 .data          0x0000000000000f98        0x0 /home/vraiti/ukl/ukl/glibc/rtld-build/elf/rtld-libc.a(rtld-_exit.os)
 .data          0x0000000000000f98        0x0 /home/vraiti/ukl/ukl/glibc/rtld-build/elf/rtld-libc.a(rtld-getpid.os)
 .data          0x0000000000000f98        0x0 /home/vraiti/ukl/ukl/glibc/rtld-build/elf/rtld-libc.a(rtld-environ.os)
 .data          0x0000000000000f98        0x0 /home/vraiti/ukl/ukl/glibc/rtld-build/elf/rtld-libc.a(rtld-setjmp.os)
 .data          0x0000000000000f98        0x0 /home/vraiti/ukl/ukl/glibc/rtld-build/elf/rtld-libc.a(rtld-__longjmp.os)
 .data          0x0000000000000f98        0x0 /home/vraiti/ukl/ukl/glibc/rtld-build/elf/rtld-libc.a(rtld-sigaction.os)
 .data          0x0000000000000f98        0x0 /home/vraiti/ukl/ukl/glibc/rtld-build/elf/rtld-libc.a(rtld-strdup.os)
 .data          0x0000000000000f98        0x0 /home/vraiti/ukl/ukl/glibc/rtld-build/elf/rtld-libc.a(rtld-strcmp-sse2.os)
 .data          0x0000000000000f98        0x0 /home/vraiti/ukl/ukl/glibc/rtld-build/elf/rtld-libc.a(rtld-strncmp-sse2.os)
 .data          0x0000000000000f98        0x0 /home/vraiti/ukl/ukl/glibc/rtld-build/elf/rtld-libc.a(rtld-memchr-sse2.os)
 .data          0x0000000000000f98        0x0 /home/vraiti/ukl/ukl/glibc/rtld-build/elf/rtld-libc.a(rtld-rawmemchr-sse2.os)
 .data          0x0000000000000f98        0x0 /home/vraiti/ukl/ukl/glibc/rtld-build/elf/rtld-libc.a(rtld-memcmp-sse2.os)
 .data          0x0000000000000f98        0x0 /home/vraiti/ukl/ukl/glibc/rtld-build/elf/rtld-libc.a(rtld-strchr-sse2.os)
 .data          0x0000000000000f98        0x0 /home/vraiti/ukl/ukl/glibc/rtld-build/elf/rtld-libc.a(rtld-strlen-sse2.os)
 .data          0x0000000000000f98        0x0 /home/vraiti/ukl/ukl/glibc/rtld-build/elf/rtld-libc.a(rtld-strnlen-sse2.os)
 .data          0x0000000000000f98        0x0 /home/vraiti/ukl/ukl/glibc/rtld-build/elf/rtld-libc.a(rtld-stpcpy-sse2.os)
 .data          0x0000000000000f98        0x0 /home/vraiti/ukl/ukl/glibc/rtld-build/elf/rtld-libc.a(rtld-strcspn-sse2.os)
 .data          0x0000000000000f98        0x0 /home/vraiti/ukl/ukl/glibc/rtld-build/elf/rtld-libc.a(rtld-memmove-sse2-unaligned-erms.os)
 .data          0x0000000000000f98        0x0 /home/vraiti/ukl/ukl/glibc/rtld-build/elf/rtld-libc.a(rtld-memset-sse2-unaligned-erms.os)
 .data          0x0000000000000f98        0x0 /home/vraiti/ukl/ukl/glibc/rtld-build/elf/rtld-libc.a(rtld-setitimer.os)

.data.rel.ro    0x0000000000000000      0x37c
 .data.rel.ro   0x0000000000000000      0x37c /home/vraiti/ukl/ukl/glibc/rtld-build/elf/dl-allobjs.os
                0x00000000000000d0                __pointer_chk_guard_local
                0x00000000000000d8                _dl_skip_args
                0x00000000000000e0                __GI__dl_argv
                0x00000000000000e0                _dl_argv
                0x00000000000000e8                _dl_argc
                0x0000000000000100                _rtld_global_ro
                0x0000000000000100                _rtld_local_ro
                0x0000000000000360                __stack_prot
                0x0000000000000368                _dl_random
                0x0000000000000370                __libc_stack_end
                0x0000000000000370                __GI___libc_stack_end
                0x0000000000000378                __GI___libc_enable_secure
                0x0000000000000378                __libc_enable_secure

.data1
 *(.data1)

.bss            0x0000000000000000      0x198
 *(.bss)
 .bss           0x0000000000000000      0x168 /home/vraiti/ukl/ukl/glibc/rtld-build/elf/dl-allobjs.os
                0x0000000000000000                audit_list_string
                0x00000000000000a0                _r_debug
                0x0000000000000130                __libc_multiple_libcs
                0x0000000000000160                __curbrk
 .bss           0x0000000000000168        0x0 /home/vraiti/ukl/ukl/glibc/rtld-build/elf/rtld-libc.a(rtld-check_fds.os)
 .bss           0x0000000000000168        0x4 /home/vraiti/ukl/ukl/glibc/rtld-build/elf/rtld-libc.a(rtld-errno.os)
                0x0000000000000168                rtld_errno
 .bss           0x000000000000016c        0x0 /home/vraiti/ukl/ukl/glibc/rtld-build/elf/rtld-libc.a(rtld-closedir.os)
 .bss           0x000000000000016c        0x0 /home/vraiti/ukl/ukl/glibc/rtld-build/elf/rtld-libc.a(rtld-rewinddir.os)
 .bss           0x000000000000016c        0x0 /home/vraiti/ukl/ukl/glibc/rtld-build/elf/rtld-libc.a(rtld-readdir64.os)
 .bss           0x000000000000016c        0x0 /home/vraiti/ukl/ukl/glibc/rtld-build/elf/rtld-libc.a(rtld-fdopendir.os)
 .bss           0x000000000000016c        0x0 /home/vraiti/ukl/ukl/glibc/rtld-build/elf/rtld-libc.a(rtld-getdents64.os)
 .bss           0x000000000000016c        0x0 /home/vraiti/ukl/ukl/glibc/rtld-build/elf/rtld-libc.a(rtld-dl-addr-obj.os)
 *fill*         0x000000000000016c        0x4 
 .bss           0x0000000000000170       0x20 /home/vraiti/ukl/ukl/glibc/rtld-build/elf/rtld-libc.a(rtld-profil.os)
 .bss           0x0000000000000190        0x0 /home/vraiti/ukl/ukl/glibc/rtld-build/elf/rtld-libc.a(rtld-prof-freq.os)
 .bss           0x0000000000000190        0x0 /home/vraiti/ukl/ukl/glibc/rtld-build/elf/rtld-libc.a(rtld-xstat.os)
 .bss           0x0000000000000190        0x0 /home/vraiti/ukl/ukl/glibc/rtld-build/elf/rtld-libc.a(rtld-fxstat.os)
 .bss           0x0000000000000190        0x0 /home/vraiti/ukl/ukl/glibc/rtld-build/elf/rtld-libc.a(rtld-lxstat.os)
 .bss           0x0000000000000190        0x0 /home/vraiti/ukl/ukl/glibc/rtld-build/elf/rtld-libc.a(rtld-lseek64.os)
 .bss           0x0000000000000190        0x0 /home/vraiti/ukl/ukl/glibc/rtld-build/elf/rtld-libc.a(rtld-access.os)
 .bss           0x0000000000000190        0x0 /home/vraiti/ukl/ukl/glibc/rtld-build/elf/rtld-libc.a(rtld-close_nocancel.os)
 .bss           0x0000000000000190        0x0 /home/vraiti/ukl/ukl/glibc/rtld-build/elf/rtld-libc.a(rtld-fcntl_nocancel.os)
 .bss           0x0000000000000190        0x0 /home/vraiti/ukl/ukl/glibc/rtld-build/elf/rtld-libc.a(rtld-open64_nocancel.os)
 .bss           0x0000000000000190        0x0 /home/vraiti/ukl/ukl/glibc/rtld-build/elf/rtld-libc.a(rtld-openat64_nocancel.os)
 .bss           0x0000000000000190        0x0 /home/vraiti/ukl/ukl/glibc/rtld-build/elf/rtld-libc.a(rtld-read_nocancel.os)
 .bss           0x0000000000000190        0x0 /home/vraiti/ukl/ukl/glibc/rtld-build/elf/rtld-libc.a(rtld-pread64_nocancel.os)
 .bss           0x0000000000000190        0x0 /home/vraiti/ukl/ukl/glibc/rtld-build/elf/rtld-libc.a(rtld-write_nocancel.os)
 .bss           0x0000000000000190        0x0 /home/vraiti/ukl/ukl/glibc/rtld-build/elf/rtld-libc.a(rtld-scratch_buffer_set_array_size.os)
 .bss           0x0000000000000190        0x0 /home/vraiti/ukl/ukl/glibc/rtld-build/elf/rtld-libc.a(rtld-mmap64.os)
 .bss           0x0000000000000190        0x0 /home/vraiti/ukl/ukl/glibc/rtld-build/elf/rtld-libc.a(rtld-munmap.os)
 .bss           0x0000000000000190        0x0 /home/vraiti/ukl/ukl/glibc/rtld-build/elf/rtld-libc.a(rtld-mprotect.os)
 .bss           0x0000000000000190        0x0 /home/vraiti/ukl/ukl/glibc/rtld-build/elf/rtld-libc.a(rtld-uname.os)
 .bss           0x0000000000000190        0x0 /home/vraiti/ukl/ukl/glibc/rtld-build/elf/rtld-libc.a(rtld-_exit.os)
 .bss           0x0000000000000190        0x0 /home/vraiti/ukl/ukl/glibc/rtld-build/elf/rtld-libc.a(rtld-getpid.os)
 .bss           0x0000000000000190        0x8 /home/vraiti/ukl/ukl/glibc/rtld-build/elf/rtld-libc.a(rtld-environ.os)
                0x0000000000000190                _environ
                0x0000000000000190                __environ
                0x0000000000000190                environ
 .bss           0x0000000000000198        0x0 /home/vraiti/ukl/ukl/glibc/rtld-build/elf/rtld-libc.a(rtld-setjmp.os)
 .bss           0x0000000000000198        0x0 /home/vraiti/ukl/ukl/glibc/rtld-build/elf/rtld-libc.a(rtld-__longjmp.os)
 .bss           0x0000000000000198        0x0 /home/vraiti/ukl/ukl/glibc/rtld-build/elf/rtld-libc.a(rtld-sigaction.os)
 .bss           0x0000000000000198        0x0 /home/vraiti/ukl/ukl/glibc/rtld-build/elf/rtld-libc.a(rtld-strdup.os)
 .bss           0x0000000000000198        0x0 /home/vraiti/ukl/ukl/glibc/rtld-build/elf/rtld-libc.a(rtld-strcmp-sse2.os)
 .bss           0x0000000000000198        0x0 /home/vraiti/ukl/ukl/glibc/rtld-build/elf/rtld-libc.a(rtld-strncmp-sse2.os)
 .bss           0x0000000000000198        0x0 /home/vraiti/ukl/ukl/glibc/rtld-build/elf/rtld-libc.a(rtld-memchr-sse2.os)
 .bss           0x0000000000000198        0x0 /home/vraiti/ukl/ukl/glibc/rtld-build/elf/rtld-libc.a(rtld-rawmemchr-sse2.os)
 .bss           0x0000000000000198        0x0 /home/vraiti/ukl/ukl/glibc/rtld-build/elf/rtld-libc.a(rtld-memcmp-sse2.os)
 .bss           0x0000000000000198        0x0 /home/vraiti/ukl/ukl/glibc/rtld-build/elf/rtld-libc.a(rtld-strchr-sse2.os)
 .bss           0x0000000000000198        0x0 /home/vraiti/ukl/ukl/glibc/rtld-build/elf/rtld-libc.a(rtld-strlen-sse2.os)
 .bss           0x0000000000000198        0x0 /home/vraiti/ukl/ukl/glibc/rtld-build/elf/rtld-libc.a(rtld-strnlen-sse2.os)
 .bss           0x0000000000000198        0x0 /home/vraiti/ukl/ukl/glibc/rtld-build/elf/rtld-libc.a(rtld-stpcpy-sse2.os)
 .bss           0x0000000000000198        0x0 /home/vraiti/ukl/ukl/glibc/rtld-build/elf/rtld-libc.a(rtld-strcspn-sse2.os)
 .bss           0x0000000000000198        0x0 /home/vraiti/ukl/ukl/glibc/rtld-build/elf/rtld-libc.a(rtld-memmove-sse2-unaligned-erms.os)
 .bss           0x0000000000000198        0x0 /home/vraiti/ukl/ukl/glibc/rtld-build/elf/rtld-libc.a(rtld-memset-sse2-unaligned-erms.os)
 .bss           0x0000000000000198        0x0 /home/vraiti/ukl/ukl/glibc/rtld-build/elf/rtld-libc.a(rtld-setitimer.os)

.lbss
 *(.lbss)

.lrodata
 *(.lrodata)

.ldata
 *(.ldata)

.stab
 *(.stab)

.stabstr
 *(.stabstr)

.stab.excl
 *(.stab.excl)

.stab.exclstr
 *(.stab.exclstr)

.stab.index
 *(.stab.index)

.stab.indexstr
 *(.stab.indexstr)

.comment        0x0000000000000000      0x8a0
 *(.comment)
 .comment       0x0000000000000000      0x480 /home/vraiti/ukl/ukl/glibc/rtld-build/elf/dl-allobjs.os
 .comment       0x0000000000000480       0x20 /home/vraiti/ukl/ukl/glibc/rtld-build/elf/rtld-libc.a(rtld-check_fds.os)
 .comment       0x00000000000004a0       0x20 /home/vraiti/ukl/ukl/glibc/rtld-build/elf/rtld-libc.a(rtld-errno.os)
 .comment       0x00000000000004c0       0x20 /home/vraiti/ukl/ukl/glibc/rtld-build/elf/rtld-libc.a(rtld-closedir.os)
 .comment       0x00000000000004e0       0x20 /home/vraiti/ukl/ukl/glibc/rtld-build/elf/rtld-libc.a(rtld-rewinddir.os)
 .comment       0x0000000000000500       0x20 /home/vraiti/ukl/ukl/glibc/rtld-build/elf/rtld-libc.a(rtld-readdir64.os)
 .comment       0x0000000000000520       0x20 /home/vraiti/ukl/ukl/glibc/rtld-build/elf/rtld-libc.a(rtld-fdopendir.os)
 .comment       0x0000000000000540       0x20 /home/vraiti/ukl/ukl/glibc/rtld-build/elf/rtld-libc.a(rtld-getdents64.os)
 .comment       0x0000000000000560       0x20 /home/vraiti/ukl/ukl/glibc/rtld-build/elf/rtld-libc.a(rtld-dl-addr-obj.os)
 .comment       0x0000000000000580       0x20 /home/vraiti/ukl/ukl/glibc/rtld-build/elf/rtld-libc.a(rtld-profil.os)
 .comment       0x00000000000005a0       0x20 /home/vraiti/ukl/ukl/glibc/rtld-build/elf/rtld-libc.a(rtld-prof-freq.os)
 .comment       0x00000000000005c0       0x20 /home/vraiti/ukl/ukl/glibc/rtld-build/elf/rtld-libc.a(rtld-xstat.os)
 .comment       0x00000000000005e0       0x20 /home/vraiti/ukl/ukl/glibc/rtld-build/elf/rtld-libc.a(rtld-fxstat.os)
 .comment       0x0000000000000600       0x20 /home/vraiti/ukl/ukl/glibc/rtld-build/elf/rtld-libc.a(rtld-lxstat.os)
 .comment       0x0000000000000620       0x20 /home/vraiti/ukl/ukl/glibc/rtld-build/elf/rtld-libc.a(rtld-lseek64.os)
 .comment       0x0000000000000640       0x20 /home/vraiti/ukl/ukl/glibc/rtld-build/elf/rtld-libc.a(rtld-access.os)
 .comment       0x0000000000000660       0x20 /home/vraiti/ukl/ukl/glibc/rtld-build/elf/rtld-libc.a(rtld-close_nocancel.os)
 .comment       0x0000000000000680       0x20 /home/vraiti/ukl/ukl/glibc/rtld-build/elf/rtld-libc.a(rtld-fcntl_nocancel.os)
 .comment       0x00000000000006a0       0x20 /home/vraiti/ukl/ukl/glibc/rtld-build/elf/rtld-libc.a(rtld-open64_nocancel.os)
 .comment       0x00000000000006c0       0x20 /home/vraiti/ukl/ukl/glibc/rtld-build/elf/rtld-libc.a(rtld-openat64_nocancel.os)
 .comment       0x00000000000006e0       0x20 /home/vraiti/ukl/ukl/glibc/rtld-build/elf/rtld-libc.a(rtld-read_nocancel.os)
 .comment       0x0000000000000700       0x20 /home/vraiti/ukl/ukl/glibc/rtld-build/elf/rtld-libc.a(rtld-pread64_nocancel.os)
 .comment       0x0000000000000720       0x20 /home/vraiti/ukl/ukl/glibc/rtld-build/elf/rtld-libc.a(rtld-write_nocancel.os)
 .comment       0x0000000000000740       0x20 /home/vraiti/ukl/ukl/glibc/rtld-build/elf/rtld-libc.a(rtld-scratch_buffer_set_array_size.os)
 .comment       0x0000000000000760       0x20 /home/vraiti/ukl/ukl/glibc/rtld-build/elf/rtld-libc.a(rtld-mmap64.os)
 .comment       0x0000000000000780       0x20 /home/vraiti/ukl/ukl/glibc/rtld-build/elf/rtld-libc.a(rtld-munmap.os)
 .comment       0x00000000000007a0       0x20 /home/vraiti/ukl/ukl/glibc/rtld-build/elf/rtld-libc.a(rtld-mprotect.os)
 .comment       0x00000000000007c0       0x20 /home/vraiti/ukl/ukl/glibc/rtld-build/elf/rtld-libc.a(rtld-uname.os)
 .comment       0x00000000000007e0       0x20 /home/vraiti/ukl/ukl/glibc/rtld-build/elf/rtld-libc.a(rtld-_exit.os)
 .comment       0x0000000000000800       0x20 /home/vraiti/ukl/ukl/glibc/rtld-build/elf/rtld-libc.a(rtld-getpid.os)
 .comment       0x0000000000000820       0x20 /home/vraiti/ukl/ukl/glibc/rtld-build/elf/rtld-libc.a(rtld-environ.os)
 .comment       0x0000000000000840       0x20 /home/vraiti/ukl/ukl/glibc/rtld-build/elf/rtld-libc.a(rtld-sigaction.os)
 .comment       0x0000000000000860       0x20 /home/vraiti/ukl/ukl/glibc/rtld-build/elf/rtld-libc.a(rtld-strdup.os)
 .comment       0x0000000000000880       0x20 /home/vraiti/ukl/ukl/glibc/rtld-build/elf/rtld-libc.a(rtld-setitimer.os)

.note.GNU-stack
                0x0000000000000000        0x0
 .note.GNU-stack
                0x0000000000000000        0x0 /home/vraiti/ukl/ukl/glibc/rtld-build/elf/dl-allobjs.os
 .note.GNU-stack
                0x0000000000000000        0x0 /home/vraiti/ukl/ukl/glibc/rtld-build/elf/rtld-libc.a(rtld-check_fds.os)
 .note.GNU-stack
                0x0000000000000000        0x0 /home/vraiti/ukl/ukl/glibc/rtld-build/elf/rtld-libc.a(rtld-errno.os)
 .note.GNU-stack
                0x0000000000000000        0x0 /home/vraiti/ukl/ukl/glibc/rtld-build/elf/rtld-libc.a(rtld-closedir.os)
 .note.GNU-stack
                0x0000000000000000        0x0 /home/vraiti/ukl/ukl/glibc/rtld-build/elf/rtld-libc.a(rtld-rewinddir.os)
 .note.GNU-stack
                0x0000000000000000        0x0 /home/vraiti/ukl/ukl/glibc/rtld-build/elf/rtld-libc.a(rtld-readdir64.os)
 .note.GNU-stack
                0x0000000000000000        0x0 /home/vraiti/ukl/ukl/glibc/rtld-build/elf/rtld-libc.a(rtld-fdopendir.os)
 .note.GNU-stack
                0x0000000000000000        0x0 /home/vraiti/ukl/ukl/glibc/rtld-build/elf/rtld-libc.a(rtld-getdents64.os)
 .note.GNU-stack
                0x0000000000000000        0x0 /home/vraiti/ukl/ukl/glibc/rtld-build/elf/rtld-libc.a(rtld-dl-addr-obj.os)
 .note.GNU-stack
                0x0000000000000000        0x0 /home/vraiti/ukl/ukl/glibc/rtld-build/elf/rtld-libc.a(rtld-profil.os)
 .note.GNU-stack
                0x0000000000000000        0x0 /home/vraiti/ukl/ukl/glibc/rtld-build/elf/rtld-libc.a(rtld-prof-freq.os)
 .note.GNU-stack
                0x0000000000000000        0x0 /home/vraiti/ukl/ukl/glibc/rtld-build/elf/rtld-libc.a(rtld-xstat.os)
 .note.GNU-stack
                0x0000000000000000        0x0 /home/vraiti/ukl/ukl/glibc/rtld-build/elf/rtld-libc.a(rtld-fxstat.os)
 .note.GNU-stack
                0x0000000000000000        0x0 /home/vraiti/ukl/ukl/glibc/rtld-build/elf/rtld-libc.a(rtld-lxstat.os)
 .note.GNU-stack
                0x0000000000000000        0x0 /home/vraiti/ukl/ukl/glibc/rtld-build/elf/rtld-libc.a(rtld-lseek64.os)
 .note.GNU-stack
                0x0000000000000000        0x0 /home/vraiti/ukl/ukl/glibc/rtld-build/elf/rtld-libc.a(rtld-access.os)
 .note.GNU-stack
                0x0000000000000000        0x0 /home/vraiti/ukl/ukl/glibc/rtld-build/elf/rtld-libc.a(rtld-close_nocancel.os)
 .note.GNU-stack
                0x0000000000000000        0x0 /home/vraiti/ukl/ukl/glibc/rtld-build/elf/rtld-libc.a(rtld-fcntl_nocancel.os)
 .note.GNU-stack
                0x0000000000000000        0x0 /home/vraiti/ukl/ukl/glibc/rtld-build/elf/rtld-libc.a(rtld-open64_nocancel.os)
 .note.GNU-stack
                0x0000000000000000        0x0 /home/vraiti/ukl/ukl/glibc/rtld-build/elf/rtld-libc.a(rtld-openat64_nocancel.os)
 .note.GNU-stack
                0x0000000000000000        0x0 /home/vraiti/ukl/ukl/glibc/rtld-build/elf/rtld-libc.a(rtld-read_nocancel.os)
 .note.GNU-stack
                0x0000000000000000        0x0 /home/vraiti/ukl/ukl/glibc/rtld-build/elf/rtld-libc.a(rtld-pread64_nocancel.os)
 .note.GNU-stack
                0x0000000000000000        0x0 /home/vraiti/ukl/ukl/glibc/rtld-build/elf/rtld-libc.a(rtld-write_nocancel.os)
 .note.GNU-stack
                0x0000000000000000        0x0 /home/vraiti/ukl/ukl/glibc/rtld-build/elf/rtld-libc.a(rtld-scratch_buffer_set_array_size.os)
 .note.GNU-stack
                0x0000000000000000        0x0 /home/vraiti/ukl/ukl/glibc/rtld-build/elf/rtld-libc.a(rtld-mmap64.os)
 .note.GNU-stack
                0x0000000000000000        0x0 /home/vraiti/ukl/ukl/glibc/rtld-build/elf/rtld-libc.a(rtld-munmap.os)
 .note.GNU-stack
                0x0000000000000000        0x0 /home/vraiti/ukl/ukl/glibc/rtld-build/elf/rtld-libc.a(rtld-mprotect.os)
 .note.GNU-stack
                0x0000000000000000        0x0 /home/vraiti/ukl/ukl/glibc/rtld-build/elf/rtld-libc.a(rtld-uname.os)
 .note.GNU-stack
                0x0000000000000000        0x0 /home/vraiti/ukl/ukl/glibc/rtld-build/elf/rtld-libc.a(rtld-_exit.os)
 .note.GNU-stack
                0x0000000000000000        0x0 /home/vraiti/ukl/ukl/glibc/rtld-build/elf/rtld-libc.a(rtld-getpid.os)
 .note.GNU-stack
                0x0000000000000000        0x0 /home/vraiti/ukl/ukl/glibc/rtld-build/elf/rtld-libc.a(rtld-environ.os)
 .note.GNU-stack
                0x0000000000000000        0x0 /home/vraiti/ukl/ukl/glibc/rtld-build/elf/rtld-libc.a(rtld-setjmp.os)
 .note.GNU-stack
                0x0000000000000000        0x0 /home/vraiti/ukl/ukl/glibc/rtld-build/elf/rtld-libc.a(rtld-__longjmp.os)
 .note.GNU-stack
                0x0000000000000000        0x0 /home/vraiti/ukl/ukl/glibc/rtld-build/elf/rtld-libc.a(rtld-sigaction.os)
 .note.GNU-stack
                0x0000000000000000        0x0 /home/vraiti/ukl/ukl/glibc/rtld-build/elf/rtld-libc.a(rtld-strdup.os)
 .note.GNU-stack
                0x0000000000000000        0x0 /home/vraiti/ukl/ukl/glibc/rtld-build/elf/rtld-libc.a(rtld-strcmp-sse2.os)
 .note.GNU-stack
                0x0000000000000000        0x0 /home/vraiti/ukl/ukl/glibc/rtld-build/elf/rtld-libc.a(rtld-strncmp-sse2.os)
 .note.GNU-stack
                0x0000000000000000        0x0 /home/vraiti/ukl/ukl/glibc/rtld-build/elf/rtld-libc.a(rtld-memchr-sse2.os)
 .note.GNU-stack
                0x0000000000000000        0x0 /home/vraiti/ukl/ukl/glibc/rtld-build/elf/rtld-libc.a(rtld-rawmemchr-sse2.os)
 .note.GNU-stack
                0x0000000000000000        0x0 /home/vraiti/ukl/ukl/glibc/rtld-build/elf/rtld-libc.a(rtld-memcmp-sse2.os)
 .note.GNU-stack
                0x0000000000000000        0x0 /home/vraiti/ukl/ukl/glibc/rtld-build/elf/rtld-libc.a(rtld-strchr-sse2.os)
 .note.GNU-stack
                0x0000000000000000        0x0 /home/vraiti/ukl/ukl/glibc/rtld-build/elf/rtld-libc.a(rtld-strlen-sse2.os)
 .note.GNU-stack
                0x0000000000000000        0x0 /home/vraiti/ukl/ukl/glibc/rtld-build/elf/rtld-libc.a(rtld-strnlen-sse2.os)
 .note.GNU-stack
                0x0000000000000000        0x0 /home/vraiti/ukl/ukl/glibc/rtld-build/elf/rtld-libc.a(rtld-stpcpy-sse2.os)
 .note.GNU-stack
                0x0000000000000000        0x0 /home/vraiti/ukl/ukl/glibc/rtld-build/elf/rtld-libc.a(rtld-strcspn-sse2.os)
 .note.GNU-stack
                0x0000000000000000        0x0 /home/vraiti/ukl/ukl/glibc/rtld-build/elf/rtld-libc.a(rtld-memmove-sse2-unaligned-erms.os)
 .note.GNU-stack
                0x0000000000000000        0x0 /home/vraiti/ukl/ukl/glibc/rtld-build/elf/rtld-libc.a(rtld-memset-sse2-unaligned-erms.os)
 .note.GNU-stack
                0x0000000000000000        0x0 /home/vraiti/ukl/ukl/glibc/rtld-build/elf/rtld-libc.a(rtld-setitimer.os)

.gnu.build.attributes
 *(.gnu.build.attributes)

.debug
 *(.debug)

.line
 *(.line)

.debug_srcinfo
 *(.debug_srcinfo)

.debug_sfnames
 *(.debug_sfnames)

.debug_aranges  0x0000000000000000     0x1000
 *(.debug_aranges)
 .debug_aranges
                0x0000000000000000      0x750 /home/vraiti/ukl/ukl/glibc/rtld-build/elf/dl-allobjs.os
 .debug_aranges
                0x0000000000000750       0x30 /home/vraiti/ukl/ukl/glibc/rtld-build/elf/rtld-libc.a(rtld-check_fds.os)
 .debug_aranges
                0x0000000000000780       0x20 /home/vraiti/ukl/ukl/glibc/rtld-build/elf/rtld-libc.a(rtld-errno.os)
 .debug_aranges
                0x00000000000007a0       0x30 /home/vraiti/ukl/ukl/glibc/rtld-build/elf/rtld-libc.a(rtld-closedir.os)
 .debug_aranges
                0x00000000000007d0       0x30 /home/vraiti/ukl/ukl/glibc/rtld-build/elf/rtld-libc.a(rtld-rewinddir.os)
 .debug_aranges
                0x0000000000000800       0x30 /home/vraiti/ukl/ukl/glibc/rtld-build/elf/rtld-libc.a(rtld-readdir64.os)
 .debug_aranges
                0x0000000000000830       0x30 /home/vraiti/ukl/ukl/glibc/rtld-build/elf/rtld-libc.a(rtld-fdopendir.os)
 .debug_aranges
                0x0000000000000860       0x30 /home/vraiti/ukl/ukl/glibc/rtld-build/elf/rtld-libc.a(rtld-getdents64.os)
 .debug_aranges
                0x0000000000000890       0x30 /home/vraiti/ukl/ukl/glibc/rtld-build/elf/rtld-libc.a(rtld-dl-addr-obj.os)
 .debug_aranges
                0x00000000000008c0       0x30 /home/vraiti/ukl/ukl/glibc/rtld-build/elf/rtld-libc.a(rtld-profil.os)
 .debug_aranges
                0x00000000000008f0       0x30 /home/vraiti/ukl/ukl/glibc/rtld-build/elf/rtld-libc.a(rtld-prof-freq.os)
 .debug_aranges
                0x0000000000000920       0x30 /home/vraiti/ukl/ukl/glibc/rtld-build/elf/rtld-libc.a(rtld-xstat.os)
 .debug_aranges
                0x0000000000000950       0x30 /home/vraiti/ukl/ukl/glibc/rtld-build/elf/rtld-libc.a(rtld-fxstat.os)
 .debug_aranges
                0x0000000000000980       0x30 /home/vraiti/ukl/ukl/glibc/rtld-build/elf/rtld-libc.a(rtld-lxstat.os)
 .debug_aranges
                0x00000000000009b0       0x30 /home/vraiti/ukl/ukl/glibc/rtld-build/elf/rtld-libc.a(rtld-lseek64.os)
 .debug_aranges
                0x00000000000009e0       0x30 /home/vraiti/ukl/ukl/glibc/rtld-build/elf/rtld-libc.a(rtld-access.os)
 .debug_aranges
                0x0000000000000a10       0x30 /home/vraiti/ukl/ukl/glibc/rtld-build/elf/rtld-libc.a(rtld-close_nocancel.os)
 .debug_aranges
                0x0000000000000a40       0x30 /home/vraiti/ukl/ukl/glibc/rtld-build/elf/rtld-libc.a(rtld-fcntl_nocancel.os)
 .debug_aranges
                0x0000000000000a70       0x30 /home/vraiti/ukl/ukl/glibc/rtld-build/elf/rtld-libc.a(rtld-open64_nocancel.os)
 .debug_aranges
                0x0000000000000aa0       0x30 /home/vraiti/ukl/ukl/glibc/rtld-build/elf/rtld-libc.a(rtld-openat64_nocancel.os)
 .debug_aranges
                0x0000000000000ad0       0x30 /home/vraiti/ukl/ukl/glibc/rtld-build/elf/rtld-libc.a(rtld-read_nocancel.os)
 .debug_aranges
                0x0000000000000b00       0x30 /home/vraiti/ukl/ukl/glibc/rtld-build/elf/rtld-libc.a(rtld-pread64_nocancel.os)
 .debug_aranges
                0x0000000000000b30       0x30 /home/vraiti/ukl/ukl/glibc/rtld-build/elf/rtld-libc.a(rtld-write_nocancel.os)
 .debug_aranges
                0x0000000000000b60       0x30 /home/vraiti/ukl/ukl/glibc/rtld-build/elf/rtld-libc.a(rtld-scratch_buffer_set_array_size.os)
 .debug_aranges
                0x0000000000000b90       0x30 /home/vraiti/ukl/ukl/glibc/rtld-build/elf/rtld-libc.a(rtld-mmap64.os)
 .debug_aranges
                0x0000000000000bc0       0x30 /home/vraiti/ukl/ukl/glibc/rtld-build/elf/rtld-libc.a(rtld-munmap.os)
 .debug_aranges
                0x0000000000000bf0       0x30 /home/vraiti/ukl/ukl/glibc/rtld-build/elf/rtld-libc.a(rtld-mprotect.os)
 .debug_aranges
                0x0000000000000c20       0x30 /home/vraiti/ukl/ukl/glibc/rtld-build/elf/rtld-libc.a(rtld-uname.os)
 .debug_aranges
                0x0000000000000c50       0x30 /home/vraiti/ukl/ukl/glibc/rtld-build/elf/rtld-libc.a(rtld-_exit.os)
 .debug_aranges
                0x0000000000000c80       0x30 /home/vraiti/ukl/ukl/glibc/rtld-build/elf/rtld-libc.a(rtld-getpid.os)
 .debug_aranges
                0x0000000000000cb0       0x20 /home/vraiti/ukl/ukl/glibc/rtld-build/elf/rtld-libc.a(rtld-environ.os)
 .debug_aranges
                0x0000000000000cd0       0x30 /home/vraiti/ukl/ukl/glibc/rtld-build/elf/rtld-libc.a(rtld-setjmp.os)
 .debug_aranges
                0x0000000000000d00       0x30 /home/vraiti/ukl/ukl/glibc/rtld-build/elf/rtld-libc.a(rtld-__longjmp.os)
 .debug_aranges
                0x0000000000000d30       0x30 /home/vraiti/ukl/ukl/glibc/rtld-build/elf/rtld-libc.a(rtld-sigaction.os)
 .debug_aranges
                0x0000000000000d60       0x30 /home/vraiti/ukl/ukl/glibc/rtld-build/elf/rtld-libc.a(rtld-strdup.os)
 .debug_aranges
                0x0000000000000d90       0x30 /home/vraiti/ukl/ukl/glibc/rtld-build/elf/rtld-libc.a(rtld-strcmp-sse2.os)
 .debug_aranges
                0x0000000000000dc0       0x30 /home/vraiti/ukl/ukl/glibc/rtld-build/elf/rtld-libc.a(rtld-strncmp-sse2.os)
 .debug_aranges
                0x0000000000000df0       0x30 /home/vraiti/ukl/ukl/glibc/rtld-build/elf/rtld-libc.a(rtld-memchr-sse2.os)
 .debug_aranges
                0x0000000000000e20       0x30 /home/vraiti/ukl/ukl/glibc/rtld-build/elf/rtld-libc.a(rtld-rawmemchr-sse2.os)
 .debug_aranges
                0x0000000000000e50       0x30 /home/vraiti/ukl/ukl/glibc/rtld-build/elf/rtld-libc.a(rtld-memcmp-sse2.os)
 .debug_aranges
                0x0000000000000e80       0x30 /home/vraiti/ukl/ukl/glibc/rtld-build/elf/rtld-libc.a(rtld-strchr-sse2.os)
 .debug_aranges
                0x0000000000000eb0       0x30 /home/vraiti/ukl/ukl/glibc/rtld-build/elf/rtld-libc.a(rtld-strlen-sse2.os)
 .debug_aranges
                0x0000000000000ee0       0x30 /home/vraiti/ukl/ukl/glibc/rtld-build/elf/rtld-libc.a(rtld-strnlen-sse2.os)
 .debug_aranges
                0x0000000000000f10       0x30 /home/vraiti/ukl/ukl/glibc/rtld-build/elf/rtld-libc.a(rtld-stpcpy-sse2.os)
 .debug_aranges
                0x0000000000000f40       0x30 /home/vraiti/ukl/ukl/glibc/rtld-build/elf/rtld-libc.a(rtld-strcspn-sse2.os)
 .debug_aranges
                0x0000000000000f70       0x30 /home/vraiti/ukl/ukl/glibc/rtld-build/elf/rtld-libc.a(rtld-memmove-sse2-unaligned-erms.os)
 .debug_aranges
                0x0000000000000fa0       0x30 /home/vraiti/ukl/ukl/glibc/rtld-build/elf/rtld-libc.a(rtld-memset-sse2-unaligned-erms.os)
 .debug_aranges
                0x0000000000000fd0       0x30 /home/vraiti/ukl/ukl/glibc/rtld-build/elf/rtld-libc.a(rtld-setitimer.os)

.debug_pubnames
 *(.debug_pubnames)

.debug_info     0x0000000000000000    0x66f9b
 *(.debug_info)
 .debug_info    0x0000000000000000    0x57b76 /home/vraiti/ukl/ukl/glibc/rtld-build/elf/dl-allobjs.os
 .debug_info    0x0000000000057b76      0x819 /home/vraiti/ukl/ukl/glibc/rtld-build/elf/rtld-libc.a(rtld-check_fds.os)
 .debug_info    0x000000000005838f      0x3e0 /home/vraiti/ukl/ukl/glibc/rtld-build/elf/rtld-libc.a(rtld-errno.os)
 .debug_info    0x000000000005876f      0x643 /home/vraiti/ukl/ukl/glibc/rtld-build/elf/rtld-libc.a(rtld-closedir.os)
 .debug_info    0x0000000000058db2      0x603 /home/vraiti/ukl/ukl/glibc/rtld-build/elf/rtld-libc.a(rtld-rewinddir.os)
 .debug_info    0x00000000000593b5      0x715 /home/vraiti/ukl/ukl/glibc/rtld-build/elf/rtld-libc.a(rtld-readdir64.os)
 .debug_info    0x0000000000059aca      0x854 /home/vraiti/ukl/ukl/glibc/rtld-build/elf/rtld-libc.a(rtld-fdopendir.os)
 .debug_info    0x000000000005a31e      0x4cc /home/vraiti/ukl/ukl/glibc/rtld-build/elf/rtld-libc.a(rtld-getdents64.os)
 .debug_info    0x000000000005a7ea      0xd8f /home/vraiti/ukl/ukl/glibc/rtld-build/elf/rtld-libc.a(rtld-dl-addr-obj.os)
 .debug_info    0x000000000005b579      0xb27 /home/vraiti/ukl/ukl/glibc/rtld-build/elf/rtld-libc.a(rtld-profil.os)
 .debug_info    0x000000000005c0a0     0x1bb5 /home/vraiti/ukl/ukl/glibc/rtld-build/elf/rtld-libc.a(rtld-prof-freq.os)
 .debug_info    0x000000000005dc55      0x643 /home/vraiti/ukl/ukl/glibc/rtld-build/elf/rtld-libc.a(rtld-xstat.os)
 .debug_info    0x000000000005e298      0x63c /home/vraiti/ukl/ukl/glibc/rtld-build/elf/rtld-libc.a(rtld-fxstat.os)
 .debug_info    0x000000000005e8d4      0x643 /home/vraiti/ukl/ukl/glibc/rtld-build/elf/rtld-libc.a(rtld-lxstat.os)
 .debug_info    0x000000000005ef17      0x4c8 /home/vraiti/ukl/ukl/glibc/rtld-build/elf/rtld-libc.a(rtld-lseek64.os)
 .debug_info    0x000000000005f3df      0x491 /home/vraiti/ukl/ukl/glibc/rtld-build/elf/rtld-libc.a(rtld-access.os)
 .debug_info    0x000000000005f870      0x467 /home/vraiti/ukl/ukl/glibc/rtld-build/elf/rtld-libc.a(rtld-close_nocancel.os)
 .debug_info    0x000000000005fcd7      0x8e2 /home/vraiti/ukl/ukl/glibc/rtld-build/elf/rtld-libc.a(rtld-fcntl_nocancel.os)
 .debug_info    0x00000000000605b9      0x58e /home/vraiti/ukl/ukl/glibc/rtld-build/elf/rtld-libc.a(rtld-open64_nocancel.os)
 .debug_info    0x0000000000060b47      0x5a0 /home/vraiti/ukl/ukl/glibc/rtld-build/elf/rtld-libc.a(rtld-openat64_nocancel.os)
 .debug_info    0x00000000000610e7      0x4da /home/vraiti/ukl/ukl/glibc/rtld-build/elf/rtld-libc.a(rtld-read_nocancel.os)
 .debug_info    0x00000000000615c1      0x516 /home/vraiti/ukl/ukl/glibc/rtld-build/elf/rtld-libc.a(rtld-pread64_nocancel.os)
 .debug_info    0x0000000000061ad7      0x4de /home/vraiti/ukl/ukl/glibc/rtld-build/elf/rtld-libc.a(rtld-write_nocancel.os)
 .debug_info    0x0000000000061fb5      0x304 /home/vraiti/ukl/ukl/glibc/rtld-build/elf/rtld-libc.a(rtld-scratch_buffer_set_array_size.os)
 .debug_info    0x00000000000622b9     0x1fb5 /home/vraiti/ukl/ukl/glibc/rtld-build/elf/rtld-libc.a(rtld-mmap64.os)
 .debug_info    0x000000000006426e      0x499 /home/vraiti/ukl/ukl/glibc/rtld-build/elf/rtld-libc.a(rtld-munmap.os)
 .debug_info    0x0000000000064707      0x4bf /home/vraiti/ukl/ukl/glibc/rtld-build/elf/rtld-libc.a(rtld-mprotect.os)
 .debug_info    0x0000000000064bc6      0x4ed /home/vraiti/ukl/ukl/glibc/rtld-build/elf/rtld-libc.a(rtld-uname.os)
 .debug_info    0x00000000000650b3      0x4ab /home/vraiti/ukl/ukl/glibc/rtld-build/elf/rtld-libc.a(rtld-_exit.os)
 .debug_info    0x000000000006555e      0x437 /home/vraiti/ukl/ukl/glibc/rtld-build/elf/rtld-libc.a(rtld-getpid.os)
 .debug_info    0x0000000000065995       0xb2 /home/vraiti/ukl/ukl/glibc/rtld-build/elf/rtld-libc.a(rtld-environ.os)
 .debug_info    0x0000000000065a47       0x48 /home/vraiti/ukl/ukl/glibc/rtld-build/elf/rtld-libc.a(rtld-setjmp.os)
 .debug_info    0x0000000000065a8f       0x39 /home/vraiti/ukl/ukl/glibc/rtld-build/elf/rtld-libc.a(rtld-__longjmp.os)
 .debug_info    0x0000000000065ac8      0xa9d /home/vraiti/ukl/ukl/glibc/rtld-build/elf/rtld-libc.a(rtld-sigaction.os)
 .debug_info    0x0000000000066565      0x19a /home/vraiti/ukl/ukl/glibc/rtld-build/elf/rtld-libc.a(rtld-strdup.os)
 .debug_info    0x00000000000666ff       0x3b /home/vraiti/ukl/ukl/glibc/rtld-build/elf/rtld-libc.a(rtld-strcmp-sse2.os)
 .debug_info    0x000000000006673a       0x3b /home/vraiti/ukl/ukl/glibc/rtld-build/elf/rtld-libc.a(rtld-strncmp-sse2.os)
 .debug_info    0x0000000000066775       0x4b /home/vraiti/ukl/ukl/glibc/rtld-build/elf/rtld-libc.a(rtld-memchr-sse2.os)
 .debug_info    0x00000000000667c0       0x4d /home/vraiti/ukl/ukl/glibc/rtld-build/elf/rtld-libc.a(rtld-rawmemchr-sse2.os)
 .debug_info    0x000000000006680d       0x4d /home/vraiti/ukl/ukl/glibc/rtld-build/elf/rtld-libc.a(rtld-memcmp-sse2.os)
 .debug_info    0x000000000006685a       0x4d /home/vraiti/ukl/ukl/glibc/rtld-build/elf/rtld-libc.a(rtld-strchr-sse2.os)
 .debug_info    0x00000000000668a7       0x3b /home/vraiti/ukl/ukl/glibc/rtld-build/elf/rtld-libc.a(rtld-strlen-sse2.os)
 .debug_info    0x00000000000668e2       0x4d /home/vraiti/ukl/ukl/glibc/rtld-build/elf/rtld-libc.a(rtld-strnlen-sse2.os)
 .debug_info    0x000000000006692f       0x4d /home/vraiti/ukl/ukl/glibc/rtld-build/elf/rtld-libc.a(rtld-stpcpy-sse2.os)
 .debug_info    0x000000000006697c       0x3b /home/vraiti/ukl/ukl/glibc/rtld-build/elf/rtld-libc.a(rtld-strcspn-sse2.os)
 .debug_info    0x00000000000669b7       0x5a /home/vraiti/ukl/ukl/glibc/rtld-build/elf/rtld-libc.a(rtld-memmove-sse2-unaligned-erms.os)
 .debug_info    0x0000000000066a11       0x3b /home/vraiti/ukl/ukl/glibc/rtld-build/elf/rtld-libc.a(rtld-memset-sse2-unaligned-erms.os)
 .debug_info    0x0000000000066a4c      0x54f /home/vraiti/ukl/ukl/glibc/rtld-build/elf/rtld-libc.a(rtld-setitimer.os)

.debug_abbrev   0x0000000000000000     0xe299
 *(.debug_abbrev)
 .debug_abbrev  0x0000000000000000     0xaa6d /home/vraiti/ukl/ukl/glibc/rtld-build/elf/dl-allobjs.os
 .debug_abbrev  0x000000000000aa6d      0x1fc /home/vraiti/ukl/ukl/glibc/rtld-build/elf/rtld-libc.a(rtld-check_fds.os)
 .debug_abbrev  0x000000000000ac69       0xde /home/vraiti/ukl/ukl/glibc/rtld-build/elf/rtld-libc.a(rtld-errno.os)
 .debug_abbrev  0x000000000000ad47      0x1c4 /home/vraiti/ukl/ukl/glibc/rtld-build/elf/rtld-libc.a(rtld-closedir.os)
 .debug_abbrev  0x000000000000af0b      0x16f /home/vraiti/ukl/ukl/glibc/rtld-build/elf/rtld-libc.a(rtld-rewinddir.os)
 .debug_abbrev  0x000000000000b07a      0x1ce /home/vraiti/ukl/ukl/glibc/rtld-build/elf/rtld-libc.a(rtld-readdir64.os)
 .debug_abbrev  0x000000000000b248      0x1d3 /home/vraiti/ukl/ukl/glibc/rtld-build/elf/rtld-libc.a(rtld-fdopendir.os)
 .debug_abbrev  0x000000000000b41b      0x14e /home/vraiti/ukl/ukl/glibc/rtld-build/elf/rtld-libc.a(rtld-getdents64.os)
 .debug_abbrev  0x000000000000b569      0x219 /home/vraiti/ukl/ukl/glibc/rtld-build/elf/rtld-libc.a(rtld-dl-addr-obj.os)
 .debug_abbrev  0x000000000000b782      0x2f9 /home/vraiti/ukl/ukl/glibc/rtld-build/elf/rtld-libc.a(rtld-profil.os)
 .debug_abbrev  0x000000000000ba7b      0x2fb /home/vraiti/ukl/ukl/glibc/rtld-build/elf/rtld-libc.a(rtld-prof-freq.os)
 .debug_abbrev  0x000000000000bd76      0x154 /home/vraiti/ukl/ukl/glibc/rtld-build/elf/rtld-libc.a(rtld-xstat.os)
 .debug_abbrev  0x000000000000beca      0x166 /home/vraiti/ukl/ukl/glibc/rtld-build/elf/rtld-libc.a(rtld-fxstat.os)
 .debug_abbrev  0x000000000000c030      0x154 /home/vraiti/ukl/ukl/glibc/rtld-build/elf/rtld-libc.a(rtld-lxstat.os)
 .debug_abbrev  0x000000000000c184      0x14d /home/vraiti/ukl/ukl/glibc/rtld-build/elf/rtld-libc.a(rtld-lseek64.os)
 .debug_abbrev  0x000000000000c2d1      0x13c /home/vraiti/ukl/ukl/glibc/rtld-build/elf/rtld-libc.a(rtld-access.os)
 .debug_abbrev  0x000000000000c40d      0x139 /home/vraiti/ukl/ukl/glibc/rtld-build/elf/rtld-libc.a(rtld-close_nocancel.os)
 .debug_abbrev  0x000000000000c546      0x27b /home/vraiti/ukl/ukl/glibc/rtld-build/elf/rtld-libc.a(rtld-fcntl_nocancel.os)
 .debug_abbrev  0x000000000000c7c1      0x17d /home/vraiti/ukl/ukl/glibc/rtld-build/elf/rtld-libc.a(rtld-open64_nocancel.os)
 .debug_abbrev  0x000000000000c93e      0x18c /home/vraiti/ukl/ukl/glibc/rtld-build/elf/rtld-libc.a(rtld-openat64_nocancel.os)
 .debug_abbrev  0x000000000000caca      0x156 /home/vraiti/ukl/ukl/glibc/rtld-build/elf/rtld-libc.a(rtld-read_nocancel.os)
 .debug_abbrev  0x000000000000cc20      0x161 /home/vraiti/ukl/ukl/glibc/rtld-build/elf/rtld-libc.a(rtld-pread64_nocancel.os)
 .debug_abbrev  0x000000000000cd81      0x154 /home/vraiti/ukl/ukl/glibc/rtld-build/elf/rtld-libc.a(rtld-write_nocancel.os)
 .debug_abbrev  0x000000000000ced5      0x21c /home/vraiti/ukl/ukl/glibc/rtld-build/elf/rtld-libc.a(rtld-scratch_buffer_set_array_size.os)
 .debug_abbrev  0x000000000000d0f1      0x3c2 /home/vraiti/ukl/ukl/glibc/rtld-build/elf/rtld-libc.a(rtld-mmap64.os)
 .debug_abbrev  0x000000000000d4b3      0x152 /home/vraiti/ukl/ukl/glibc/rtld-build/elf/rtld-libc.a(rtld-munmap.os)
 .debug_abbrev  0x000000000000d605      0x154 /home/vraiti/ukl/ukl/glibc/rtld-build/elf/rtld-libc.a(rtld-mprotect.os)
 .debug_abbrev  0x000000000000d759      0x15c /home/vraiti/ukl/ukl/glibc/rtld-build/elf/rtld-libc.a(rtld-uname.os)
 .debug_abbrev  0x000000000000d8b5      0x13b /home/vraiti/ukl/ukl/glibc/rtld-build/elf/rtld-libc.a(rtld-_exit.os)
 .debug_abbrev  0x000000000000d9f0      0x115 /home/vraiti/ukl/ukl/glibc/rtld-build/elf/rtld-libc.a(rtld-getpid.os)
 .debug_abbrev  0x000000000000db05       0x72 /home/vraiti/ukl/ukl/glibc/rtld-build/elf/rtld-libc.a(rtld-environ.os)
 .debug_abbrev  0x000000000000db77       0x28 /home/vraiti/ukl/ukl/glibc/rtld-build/elf/rtld-libc.a(rtld-setjmp.os)
 .debug_abbrev  0x000000000000db9f       0x28 /home/vraiti/ukl/ukl/glibc/rtld-build/elf/rtld-libc.a(rtld-__longjmp.os)
 .debug_abbrev  0x000000000000dbc7      0x281 /home/vraiti/ukl/ukl/glibc/rtld-build/elf/rtld-libc.a(rtld-sigaction.os)
 .debug_abbrev  0x000000000000de48      0x104 /home/vraiti/ukl/ukl/glibc/rtld-build/elf/rtld-libc.a(rtld-strdup.os)
 .debug_abbrev  0x000000000000df4c       0x28 /home/vraiti/ukl/ukl/glibc/rtld-build/elf/rtld-libc.a(rtld-strcmp-sse2.os)
 .debug_abbrev  0x000000000000df74       0x28 /home/vraiti/ukl/ukl/glibc/rtld-build/elf/rtld-libc.a(rtld-strncmp-sse2.os)
 .debug_abbrev  0x000000000000df9c       0x28 /home/vraiti/ukl/ukl/glibc/rtld-build/elf/rtld-libc.a(rtld-memchr-sse2.os)
 .debug_abbrev  0x000000000000dfc4       0x28 /home/vraiti/ukl/ukl/glibc/rtld-build/elf/rtld-libc.a(rtld-rawmemchr-sse2.os)
 .debug_abbrev  0x000000000000dfec       0x28 /home/vraiti/ukl/ukl/glibc/rtld-build/elf/rtld-libc.a(rtld-memcmp-sse2.os)
 .debug_abbrev  0x000000000000e014       0x28 /home/vraiti/ukl/ukl/glibc/rtld-build/elf/rtld-libc.a(rtld-strchr-sse2.os)
 .debug_abbrev  0x000000000000e03c       0x28 /home/vraiti/ukl/ukl/glibc/rtld-build/elf/rtld-libc.a(rtld-strlen-sse2.os)
 .debug_abbrev  0x000000000000e064       0x28 /home/vraiti/ukl/ukl/glibc/rtld-build/elf/rtld-libc.a(rtld-strnlen-sse2.os)
 .debug_abbrev  0x000000000000e08c       0x28 /home/vraiti/ukl/ukl/glibc/rtld-build/elf/rtld-libc.a(rtld-stpcpy-sse2.os)
 .debug_abbrev  0x000000000000e0b4       0x28 /home/vraiti/ukl/ukl/glibc/rtld-build/elf/rtld-libc.a(rtld-strcspn-sse2.os)
 .debug_abbrev  0x000000000000e0dc       0x28 /home/vraiti/ukl/ukl/glibc/rtld-build/elf/rtld-libc.a(rtld-memmove-sse2-unaligned-erms.os)
 .debug_abbrev  0x000000000000e104       0x28 /home/vraiti/ukl/ukl/glibc/rtld-build/elf/rtld-libc.a(rtld-memset-sse2-unaligned-erms.os)
 .debug_abbrev  0x000000000000e12c      0x16d /home/vraiti/ukl/ukl/glibc/rtld-build/elf/rtld-libc.a(rtld-setitimer.os)

.debug_line     0x0000000000000000    0x17c51
 *(.debug_line)
 .debug_line    0x0000000000000000    0x1488f /home/vraiti/ukl/ukl/glibc/rtld-build/elf/dl-allobjs.os
 .debug_line    0x000000000001488f      0x134 /home/vraiti/ukl/ukl/glibc/rtld-build/elf/rtld-libc.a(rtld-check_fds.os)
 .debug_line    0x00000000000149c3       0x68 /home/vraiti/ukl/ukl/glibc/rtld-build/elf/rtld-libc.a(rtld-errno.os)
 .debug_line    0x0000000000014a2b      0x108 /home/vraiti/ukl/ukl/glibc/rtld-build/elf/rtld-libc.a(rtld-closedir.os)
 .debug_line    0x0000000000014b33       0xed /home/vraiti/ukl/ukl/glibc/rtld-build/elf/rtld-libc.a(rtld-rewinddir.os)
 .debug_line    0x0000000000014c20      0x187 /home/vraiti/ukl/ukl/glibc/rtld-build/elf/rtld-libc.a(rtld-readdir64.os)
 .debug_line    0x0000000000014da7      0x14e /home/vraiti/ukl/ukl/glibc/rtld-build/elf/rtld-libc.a(rtld-fdopendir.os)
 .debug_line    0x0000000000014ef5       0xda /home/vraiti/ukl/ukl/glibc/rtld-build/elf/rtld-libc.a(rtld-getdents64.os)
 .debug_line    0x0000000000014fcf      0x101 /home/vraiti/ukl/ukl/glibc/rtld-build/elf/rtld-libc.a(rtld-dl-addr-obj.os)
 .debug_line    0x00000000000150d0      0x1f8 /home/vraiti/ukl/ukl/glibc/rtld-build/elf/rtld-libc.a(rtld-profil.os)
 .debug_line    0x00000000000152c8      0x114 /home/vraiti/ukl/ukl/glibc/rtld-build/elf/rtld-libc.a(rtld-prof-freq.os)
 .debug_line    0x00000000000153dc       0xe2 /home/vraiti/ukl/ukl/glibc/rtld-build/elf/rtld-libc.a(rtld-xstat.os)
 .debug_line    0x00000000000154be       0xe2 /home/vraiti/ukl/ukl/glibc/rtld-build/elf/rtld-libc.a(rtld-fxstat.os)
 .debug_line    0x00000000000155a0       0xe2 /home/vraiti/ukl/ukl/glibc/rtld-build/elf/rtld-libc.a(rtld-lxstat.os)
 .debug_line    0x0000000000015682       0xc9 /home/vraiti/ukl/ukl/glibc/rtld-build/elf/rtld-libc.a(rtld-lseek64.os)
 .debug_line    0x000000000001574b       0xbe /home/vraiti/ukl/ukl/glibc/rtld-build/elf/rtld-libc.a(rtld-access.os)
 .debug_line    0x0000000000015809       0xbc /home/vraiti/ukl/ukl/glibc/rtld-build/elf/rtld-libc.a(rtld-close_nocancel.os)
 .debug_line    0x00000000000158c5      0x19b /home/vraiti/ukl/ukl/glibc/rtld-build/elf/rtld-libc.a(rtld-fcntl_nocancel.os)
 .debug_line    0x0000000000015a60       0xfd /home/vraiti/ukl/ukl/glibc/rtld-build/elf/rtld-libc.a(rtld-open64_nocancel.os)
 .debug_line    0x0000000000015b5d      0x10e /home/vraiti/ukl/ukl/glibc/rtld-build/elf/rtld-libc.a(rtld-openat64_nocancel.os)
 .debug_line    0x0000000000015c6b       0xd2 /home/vraiti/ukl/ukl/glibc/rtld-build/elf/rtld-libc.a(rtld-read_nocancel.os)
 .debug_line    0x0000000000015d3d       0xdb /home/vraiti/ukl/ukl/glibc/rtld-build/elf/rtld-libc.a(rtld-pread64_nocancel.os)
 .debug_line    0x0000000000015e18       0xd2 /home/vraiti/ukl/ukl/glibc/rtld-build/elf/rtld-libc.a(rtld-write_nocancel.os)
 .debug_line    0x0000000000015eea      0x163 /home/vraiti/ukl/ukl/glibc/rtld-build/elf/rtld-libc.a(rtld-scratch_buffer_set_array_size.os)
 .debug_line    0x000000000001604d      0x1a5 /home/vraiti/ukl/ukl/glibc/rtld-build/elf/rtld-libc.a(rtld-mmap64.os)
 .debug_line    0x00000000000161f2       0xc7 /home/vraiti/ukl/ukl/glibc/rtld-build/elf/rtld-libc.a(rtld-munmap.os)
 .debug_line    0x00000000000162b9       0xc9 /home/vraiti/ukl/ukl/glibc/rtld-build/elf/rtld-libc.a(rtld-mprotect.os)
 .debug_line    0x0000000000016382      0x120 /home/vraiti/ukl/ukl/glibc/rtld-build/elf/rtld-libc.a(rtld-uname.os)
 .debug_line    0x00000000000164a2      0x113 /home/vraiti/ukl/ukl/glibc/rtld-build/elf/rtld-libc.a(rtld-_exit.os)
 .debug_line    0x00000000000165b5       0xba /home/vraiti/ukl/ukl/glibc/rtld-build/elf/rtld-libc.a(rtld-getpid.os)
 .debug_line    0x000000000001666f       0x3f /home/vraiti/ukl/ukl/glibc/rtld-build/elf/rtld-libc.a(rtld-environ.os)
 .debug_line    0x00000000000166ae       0x60 /home/vraiti/ukl/ukl/glibc/rtld-build/elf/rtld-libc.a(rtld-setjmp.os)
 .debug_line    0x000000000001670e       0x5d /home/vraiti/ukl/ukl/glibc/rtld-build/elf/rtld-libc.a(rtld-__longjmp.os)
 .debug_line    0x000000000001676b      0x222 /home/vraiti/ukl/ukl/glibc/rtld-build/elf/rtld-libc.a(rtld-sigaction.os)
 .debug_line    0x000000000001698d       0xa0 /home/vraiti/ukl/ukl/glibc/rtld-build/elf/rtld-libc.a(rtld-strdup.os)
 .debug_line    0x0000000000016a2d      0x48e /home/vraiti/ukl/ukl/glibc/rtld-build/elf/rtld-libc.a(rtld-strcmp-sse2.os)
 .debug_line    0x0000000000016ebb      0x524 /home/vraiti/ukl/ukl/glibc/rtld-build/elf/rtld-libc.a(rtld-strncmp-sse2.os)
 .debug_line    0x00000000000173df      0x118 /home/vraiti/ukl/ukl/glibc/rtld-build/elf/rtld-libc.a(rtld-memchr-sse2.os)
 .debug_line    0x00000000000174f7       0xc2 /home/vraiti/ukl/ukl/glibc/rtld-build/elf/rtld-libc.a(rtld-rawmemchr-sse2.os)
 .debug_line    0x00000000000175b9      0x14b /home/vraiti/ukl/ukl/glibc/rtld-build/elf/rtld-libc.a(rtld-memcmp-sse2.os)
 .debug_line    0x0000000000017704       0xd0 /home/vraiti/ukl/ukl/glibc/rtld-build/elf/rtld-libc.a(rtld-strchr-sse2.os)
 .debug_line    0x00000000000177d4       0x97 /home/vraiti/ukl/ukl/glibc/rtld-build/elf/rtld-libc.a(rtld-strlen-sse2.os)
 .debug_line    0x000000000001786b       0x97 /home/vraiti/ukl/ukl/glibc/rtld-build/elf/rtld-libc.a(rtld-strnlen-sse2.os)
 .debug_line    0x0000000000017902       0x94 /home/vraiti/ukl/ukl/glibc/rtld-build/elf/rtld-libc.a(rtld-stpcpy-sse2.os)
 .debug_line    0x0000000000017996       0x7e /home/vraiti/ukl/ukl/glibc/rtld-build/elf/rtld-libc.a(rtld-strcspn-sse2.os)
 .debug_line    0x0000000000017a14       0xdd /home/vraiti/ukl/ukl/glibc/rtld-build/elf/rtld-libc.a(rtld-memmove-sse2-unaligned-erms.os)
 .debug_line    0x0000000000017af1       0x8e /home/vraiti/ukl/ukl/glibc/rtld-build/elf/rtld-libc.a(rtld-memset-sse2-unaligned-erms.os)
 .debug_line    0x0000000000017b7f       0xd2 /home/vraiti/ukl/ukl/glibc/rtld-build/elf/rtld-libc.a(rtld-setitimer.os)

.debug_frame
 *(.debug_frame)

.debug_str      0x0000000000000000    0x38969
 *(.debug_str)
 .debug_str     0x0000000000000000    0x2dea0 /home/vraiti/ukl/ukl/glibc/rtld-build/elf/dl-allobjs.os
 .debug_str     0x000000000002dea0      0x52b /home/vraiti/ukl/ukl/glibc/rtld-build/elf/rtld-libc.a(rtld-check_fds.os)
 .debug_str     0x000000000002e3cb      0x348 /home/vraiti/ukl/ukl/glibc/rtld-build/elf/rtld-libc.a(rtld-errno.os)
 .debug_str     0x000000000002e713      0x493 /home/vraiti/ukl/ukl/glibc/rtld-build/elf/rtld-libc.a(rtld-closedir.os)
 .debug_str     0x000000000002eba6      0x465 /home/vraiti/ukl/ukl/glibc/rtld-build/elf/rtld-libc.a(rtld-rewinddir.os)
 .debug_str     0x000000000002f00b      0x4e8 /home/vraiti/ukl/ukl/glibc/rtld-build/elf/rtld-libc.a(rtld-readdir64.os)
 .debug_str     0x000000000002f4f3      0x5cd /home/vraiti/ukl/ukl/glibc/rtld-build/elf/rtld-libc.a(rtld-fdopendir.os)
 .debug_str     0x000000000002fac0      0x394 /home/vraiti/ukl/ukl/glibc/rtld-build/elf/rtld-libc.a(rtld-getdents64.os)
 .debug_str     0x000000000002fe54      0x9fd /home/vraiti/ukl/ukl/glibc/rtld-build/elf/rtld-libc.a(rtld-dl-addr-obj.os)
 .debug_str     0x0000000000030851      0x6bb /home/vraiti/ukl/ukl/glibc/rtld-build/elf/rtld-libc.a(rtld-profil.os)
 .debug_str     0x0000000000030f0c     0x11b7 /home/vraiti/ukl/ukl/glibc/rtld-build/elf/rtld-libc.a(rtld-prof-freq.os)
 .debug_str     0x00000000000320c3      0x48b /home/vraiti/ukl/ukl/glibc/rtld-build/elf/rtld-libc.a(rtld-xstat.os)
 .debug_str     0x000000000003254e      0x488 /home/vraiti/ukl/ukl/glibc/rtld-build/elf/rtld-libc.a(rtld-fxstat.os)
 .debug_str     0x00000000000329d6      0x48d /home/vraiti/ukl/ukl/glibc/rtld-build/elf/rtld-libc.a(rtld-lxstat.os)
 .debug_str     0x0000000000032e63      0x391 /home/vraiti/ukl/ukl/glibc/rtld-build/elf/rtld-libc.a(rtld-lseek64.os)
 .debug_str     0x00000000000331f4      0x373 /home/vraiti/ukl/ukl/glibc/rtld-build/elf/rtld-libc.a(rtld-access.os)
 .debug_str     0x0000000000033567      0x380 /home/vraiti/ukl/ukl/glibc/rtld-build/elf/rtld-libc.a(rtld-close_nocancel.os)
 .debug_str     0x00000000000338e7      0x46d /home/vraiti/ukl/ukl/glibc/rtld-build/elf/rtld-libc.a(rtld-fcntl_nocancel.os)
 .debug_str     0x0000000000033d54      0x412 /home/vraiti/ukl/ukl/glibc/rtld-build/elf/rtld-libc.a(rtld-open64_nocancel.os)
 .debug_str     0x0000000000034166      0x426 /home/vraiti/ukl/ukl/glibc/rtld-build/elf/rtld-libc.a(rtld-openat64_nocancel.os)
 .debug_str     0x000000000003458c      0x3ac /home/vraiti/ukl/ukl/glibc/rtld-build/elf/rtld-libc.a(rtld-read_nocancel.os)
 .debug_str     0x0000000000034938      0x3d1 /home/vraiti/ukl/ukl/glibc/rtld-build/elf/rtld-libc.a(rtld-pread64_nocancel.os)
 .debug_str     0x0000000000034d09      0x3ae /home/vraiti/ukl/ukl/glibc/rtld-build/elf/rtld-libc.a(rtld-write_nocancel.os)
 .debug_str     0x00000000000350b7      0x26e /home/vraiti/ukl/ukl/glibc/rtld-build/elf/rtld-libc.a(rtld-scratch_buffer_set_array_size.os)
 .debug_str     0x0000000000035325     0x123b /home/vraiti/ukl/ukl/glibc/rtld-build/elf/rtld-libc.a(rtld-mmap64.os)
 .debug_str     0x0000000000036560      0x375 /home/vraiti/ukl/ukl/glibc/rtld-build/elf/rtld-libc.a(rtld-munmap.os)
 .debug_str     0x00000000000368d5      0x383 /home/vraiti/ukl/ukl/glibc/rtld-build/elf/rtld-libc.a(rtld-mprotect.os)
 .debug_str     0x0000000000036c58      0x3a7 /home/vraiti/ukl/ukl/glibc/rtld-build/elf/rtld-libc.a(rtld-uname.os)
 .debug_str     0x0000000000036fff      0x371 /home/vraiti/ukl/ukl/glibc/rtld-build/elf/rtld-libc.a(rtld-_exit.os)
 .debug_str     0x0000000000037370      0x35b /home/vraiti/ukl/ukl/glibc/rtld-build/elf/rtld-libc.a(rtld-getpid.os)
 .debug_str     0x00000000000376cb      0x187 /home/vraiti/ukl/ukl/glibc/rtld-build/elf/rtld-libc.a(rtld-environ.os)
 .debug_str     0x0000000000037852       0x6b /home/vraiti/ukl/ukl/glibc/rtld-build/elf/rtld-libc.a(rtld-setjmp.os)
 .debug_str     0x00000000000378bd       0x5b /home/vraiti/ukl/ukl/glibc/rtld-build/elf/rtld-libc.a(rtld-__longjmp.os)
 .debug_str     0x0000000000037918      0x5d5 /home/vraiti/ukl/ukl/glibc/rtld-build/elf/rtld-libc.a(rtld-sigaction.os)
 .debug_str     0x0000000000037eed      0x1b9 /home/vraiti/ukl/ukl/glibc/rtld-build/elf/rtld-libc.a(rtld-strdup.os)
 .debug_str     0x00000000000380a6       0x55 /home/vraiti/ukl/ukl/glibc/rtld-build/elf/rtld-libc.a(rtld-strcmp-sse2.os)
 .debug_str     0x00000000000380fb       0x56 /home/vraiti/ukl/ukl/glibc/rtld-build/elf/rtld-libc.a(rtld-strncmp-sse2.os)
 .debug_str     0x0000000000038151       0x6b /home/vraiti/ukl/ukl/glibc/rtld-build/elf/rtld-libc.a(rtld-memchr-sse2.os)
 .debug_str     0x00000000000381bc       0x74 /home/vraiti/ukl/ukl/glibc/rtld-build/elf/rtld-libc.a(rtld-rawmemchr-sse2.os)
 .debug_str     0x0000000000038230       0x5a /home/vraiti/ukl/ukl/glibc/rtld-build/elf/rtld-libc.a(rtld-memcmp-sse2.os)
 .debug_str     0x000000000003828a       0x68 /home/vraiti/ukl/ukl/glibc/rtld-build/elf/rtld-libc.a(rtld-strchr-sse2.os)
 .debug_str     0x00000000000382f2       0x62 /home/vraiti/ukl/ukl/glibc/rtld-build/elf/rtld-libc.a(rtld-strlen-sse2.os)
 .debug_str     0x0000000000038354       0x6d /home/vraiti/ukl/ukl/glibc/rtld-build/elf/rtld-libc.a(rtld-strnlen-sse2.os)
 .debug_str     0x00000000000383c1       0x5e /home/vraiti/ukl/ukl/glibc/rtld-build/elf/rtld-libc.a(rtld-stpcpy-sse2.os)
 .debug_str     0x000000000003841f       0x57 /home/vraiti/ukl/ukl/glibc/rtld-build/elf/rtld-libc.a(rtld-strcspn-sse2.os)
 .debug_str     0x0000000000038476       0x85 /home/vraiti/ukl/ukl/glibc/rtld-build/elf/rtld-libc.a(rtld-memmove-sse2-unaligned-erms.os)
 .debug_str     0x00000000000384fb       0x72 /home/vraiti/ukl/ukl/glibc/rtld-build/elf/rtld-libc.a(rtld-memset-sse2-unaligned-erms.os)
 .debug_str     0x000000000003856d      0x3fc /home/vraiti/ukl/ukl/glibc/rtld-build/elf/rtld-libc.a(rtld-setitimer.os)

.debug_loc
 *(.debug_loc)

.debug_macinfo
 *(.debug_macinfo)

.debug_weaknames
 *(.debug_weaknames)

.debug_funcnames
 *(.debug_funcnames)

.debug_typenames
 *(.debug_typenames)

.debug_varnames
 *(.debug_varnames)

.debug_pubtypes
 *(.debug_pubtypes)

.debug_ranges
 *(.debug_ranges)

.debug_addr
 *(.debug_addr)

.debug_line_str
                0x0000000000000000     0xa7ea
 *(.debug_line_str)
 .debug_line_str
                0x0000000000000000     0x6f08 /home/vraiti/ukl/ukl/glibc/rtld-build/elf/dl-allobjs.os
 .debug_line_str
                0x0000000000006f08      0x1a0 /home/vraiti/ukl/ukl/glibc/rtld-build/elf/rtld-libc.a(rtld-check_fds.os)
 .debug_line_str
                0x00000000000070a8       0xe9 /home/vraiti/ukl/ukl/glibc/rtld-build/elf/rtld-libc.a(rtld-errno.os)
 .debug_line_str
                0x0000000000007191      0x23a /home/vraiti/ukl/ukl/glibc/rtld-build/elf/rtld-libc.a(rtld-closedir.os)
 .debug_line_str
                0x00000000000073cb      0x20e /home/vraiti/ukl/ukl/glibc/rtld-build/elf/rtld-libc.a(rtld-rewinddir.os)
 .debug_line_str
                0x00000000000075d9      0x237 /home/vraiti/ukl/ukl/glibc/rtld-build/elf/rtld-libc.a(rtld-readdir64.os)
 .debug_line_str
                0x0000000000007810      0x299 /home/vraiti/ukl/ukl/glibc/rtld-build/elf/rtld-libc.a(rtld-fdopendir.os)
 .debug_line_str
                0x0000000000007aa9      0x17b /home/vraiti/ukl/ukl/glibc/rtld-build/elf/rtld-libc.a(rtld-getdents64.os)
 .debug_line_str
                0x0000000000007c24      0x1b9 /home/vraiti/ukl/ukl/glibc/rtld-build/elf/rtld-libc.a(rtld-dl-addr-obj.os)
 .debug_line_str
                0x0000000000007ddd      0x2b4 /home/vraiti/ukl/ukl/glibc/rtld-build/elf/rtld-libc.a(rtld-profil.os)
 .debug_line_str
                0x0000000000008091      0x2bd /home/vraiti/ukl/ukl/glibc/rtld-build/elf/rtld-libc.a(rtld-prof-freq.os)
 .debug_line_str
                0x000000000000834e      0x185 /home/vraiti/ukl/ukl/glibc/rtld-build/elf/rtld-libc.a(rtld-xstat.os)
 .debug_line_str
                0x00000000000084d3      0x188 /home/vraiti/ukl/ukl/glibc/rtld-build/elf/rtld-libc.a(rtld-fxstat.os)
 .debug_line_str
                0x000000000000865b      0x188 /home/vraiti/ukl/ukl/glibc/rtld-build/elf/rtld-libc.a(rtld-lxstat.os)
 .debug_line_str
                0x00000000000087e3      0x135 /home/vraiti/ukl/ukl/glibc/rtld-build/elf/rtld-libc.a(rtld-lseek64.os)
 .debug_line_str
                0x0000000000008918      0x120 /home/vraiti/ukl/ukl/glibc/rtld-build/elf/rtld-libc.a(rtld-access.os)
 .debug_line_str
                0x0000000000008a38      0x138 /home/vraiti/ukl/ukl/glibc/rtld-build/elf/rtld-libc.a(rtld-close_nocancel.os)
 .debug_line_str
                0x0000000000008b70      0x18b /home/vraiti/ukl/ukl/glibc/rtld-build/elf/rtld-libc.a(rtld-fcntl_nocancel.os)
 .debug_line_str
                0x0000000000008cfb      0x178 /home/vraiti/ukl/ukl/glibc/rtld-build/elf/rtld-libc.a(rtld-open64_nocancel.os)
 .debug_line_str
                0x0000000000008e73      0x18c /home/vraiti/ukl/ukl/glibc/rtld-build/elf/rtld-libc.a(rtld-openat64_nocancel.os)
 .debug_line_str
                0x0000000000008fff      0x179 /home/vraiti/ukl/ukl/glibc/rtld-build/elf/rtld-libc.a(rtld-read_nocancel.os)
 .debug_line_str
                0x0000000000009178      0x182 /home/vraiti/ukl/ukl/glibc/rtld-build/elf/rtld-libc.a(rtld-pread64_nocancel.os)
 .debug_line_str
                0x00000000000092fa      0x17c /home/vraiti/ukl/ukl/glibc/rtld-build/elf/rtld-libc.a(rtld-write_nocancel.os)
 .debug_line_str
                0x0000000000009476      0x117 /home/vraiti/ukl/ukl/glibc/rtld-build/elf/rtld-libc.a(rtld-scratch_buffer_set_array_size.os)
 .debug_line_str
                0x000000000000958d      0x2ce /home/vraiti/ukl/ukl/glibc/rtld-build/elf/rtld-libc.a(rtld-mmap64.os)
 .debug_line_str
                0x000000000000985b      0x15e /home/vraiti/ukl/ukl/glibc/rtld-build/elf/rtld-libc.a(rtld-munmap.os)
 .debug_line_str
                0x00000000000099b9      0x164 /home/vraiti/ukl/ukl/glibc/rtld-build/elf/rtld-libc.a(rtld-mprotect.os)
 .debug_line_str
                0x0000000000009b1d      0x142 /home/vraiti/ukl/ukl/glibc/rtld-build/elf/rtld-libc.a(rtld-uname.os)
 .debug_line_str
                0x0000000000009c5f      0x123 /home/vraiti/ukl/ukl/glibc/rtld-build/elf/rtld-libc.a(rtld-_exit.os)
 .debug_line_str
                0x0000000000009d82      0x12e /home/vraiti/ukl/ukl/glibc/rtld-build/elf/rtld-libc.a(rtld-getpid.os)
 .debug_line_str
                0x0000000000009eb0       0x7c /home/vraiti/ukl/ukl/glibc/rtld-build/elf/rtld-libc.a(rtld-environ.os)
 .debug_line_str
                0x0000000000009f2c       0x42 /home/vraiti/ukl/ukl/glibc/rtld-build/elf/rtld-libc.a(rtld-setjmp.os)
 .debug_line_str
                0x0000000000009f6e       0x45 /home/vraiti/ukl/ukl/glibc/rtld-build/elf/rtld-libc.a(rtld-__longjmp.os)
 .debug_line_str
                0x0000000000009fb3      0x266 /home/vraiti/ukl/ukl/glibc/rtld-build/elf/rtld-libc.a(rtld-sigaction.os)
 .debug_line_str
                0x000000000000a219       0xcd /home/vraiti/ukl/ukl/glibc/rtld-build/elf/rtld-libc.a(rtld-strdup.os)
 .debug_line_str
                0x000000000000a2e6       0x42 /home/vraiti/ukl/ukl/glibc/rtld-build/elf/rtld-libc.a(rtld-strcmp-sse2.os)
 .debug_line_str
                0x000000000000a328       0x42 /home/vraiti/ukl/ukl/glibc/rtld-build/elf/rtld-libc.a(rtld-strncmp-sse2.os)
 .debug_line_str
                0x000000000000a36a       0x4f /home/vraiti/ukl/ukl/glibc/rtld-build/elf/rtld-libc.a(rtld-memchr-sse2.os)
 .debug_line_str
                0x000000000000a3b9       0x52 /home/vraiti/ukl/ukl/glibc/rtld-build/elf/rtld-libc.a(rtld-rawmemchr-sse2.os)
 .debug_line_str
                0x000000000000a40b       0x42 /home/vraiti/ukl/ukl/glibc/rtld-build/elf/rtld-libc.a(rtld-memcmp-sse2.os)
 .debug_line_str
                0x000000000000a44d       0x4f /home/vraiti/ukl/ukl/glibc/rtld-build/elf/rtld-libc.a(rtld-strchr-sse2.os)
 .debug_line_str
                0x000000000000a49c       0x4f /home/vraiti/ukl/ukl/glibc/rtld-build/elf/rtld-libc.a(rtld-strlen-sse2.os)
 .debug_line_str
                0x000000000000a4eb       0x4f /home/vraiti/ukl/ukl/glibc/rtld-build/elf/rtld-libc.a(rtld-strnlen-sse2.os)
 .debug_line_str
                0x000000000000a53a       0x42 /home/vraiti/ukl/ukl/glibc/rtld-build/elf/rtld-libc.a(rtld-stpcpy-sse2.os)
 .debug_line_str
                0x000000000000a57c       0x43 /home/vraiti/ukl/ukl/glibc/rtld-build/elf/rtld-libc.a(rtld-strcspn-sse2.os)
 .debug_line_str
                0x000000000000a5bf       0x60 /home/vraiti/ukl/ukl/glibc/rtld-build/elf/rtld-libc.a(rtld-memmove-sse2-unaligned-erms.os)
 .debug_line_str
                0x000000000000a61f       0x5f /home/vraiti/ukl/ukl/glibc/rtld-build/elf/rtld-libc.a(rtld-memset-sse2-unaligned-erms.os)
 .debug_line_str
                0x000000000000a67e      0x16c /home/vraiti/ukl/ukl/glibc/rtld-build/elf/rtld-libc.a(rtld-setitimer.os)

.debug_loclists
                0x0000000000000000    0x17fa6
 *(.debug_loclists)
 .debug_loclists
                0x0000000000000000    0x16ddd /home/vraiti/ukl/ukl/glibc/rtld-build/elf/dl-allobjs.os
 .debug_loclists
                0x0000000000016ddd       0xa2 /home/vraiti/ukl/ukl/glibc/rtld-build/elf/rtld-libc.a(rtld-check_fds.os)