Archive member included to satisfy reference by file (symbol)

/home/vraiti/ukl/ukl/glibc/rtld-build/libc_pic.a(check_fds.os)
                              /home/vraiti/ukl/ukl/glibc/rtld-build/elf/dl-allobjs.os (__libc_check_standard_fds)
/home/vraiti/ukl/ukl/glibc/rtld-build/libc_pic.a(errno.os)
                              /home/vraiti/ukl/ukl/glibc/rtld-build/libc_pic.a(check_fds.os) (__libc_errno)
/home/vraiti/ukl/ukl/glibc/rtld-build/libc_pic.a(setjmp.os)
                              /home/vraiti/ukl/ukl/glibc/rtld-build/elf/dl-allobjs.os (__sigsetjmp)
/home/vraiti/ukl/ukl/glibc/rtld-build/libc_pic.a(__longjmp.os)
                              /home/vraiti/ukl/ukl/glibc/rtld-build/elf/dl-allobjs.os (__longjmp)
/home/vraiti/ukl/ukl/glibc/rtld-build/libc_pic.a(scratch_buffer_set_array_size.os)
                              /home/vraiti/ukl/ukl/glibc/rtld-build/elf/dl-allobjs.os (__libc_scratch_buffer_set_array_size)
/home/vraiti/ukl/ukl/glibc/rtld-build/libc_pic.a(strchr.os)
                              /home/vraiti/ukl/ukl/glibc/rtld-build/elf/dl-allobjs.os (strchr)
/home/vraiti/ukl/ukl/glibc/rtld-build/libc_pic.a(strcmp.os)
                              /home/vraiti/ukl/ukl/glibc/rtld-build/elf/dl-allobjs.os (strcmp)
/home/vraiti/ukl/ukl/glibc/rtld-build/libc_pic.a(strcspn.os)
                              /home/vraiti/ukl/ukl/glibc/rtld-build/elf/dl-allobjs.os (strcspn)
/home/vraiti/ukl/ukl/glibc/rtld-build/libc_pic.a(strdup.os)
                              /home/vraiti/ukl/ukl/glibc/rtld-build/elf/dl-allobjs.os (__strdup)
/home/vraiti/ukl/ukl/glibc/rtld-build/libc_pic.a(strlen.os)
                              /home/vraiti/ukl/ukl/glibc/rtld-build/elf/dl-allobjs.os (strlen)
/home/vraiti/ukl/ukl/glibc/rtld-build/libc_pic.a(strnlen.os)
                              /home/vraiti/ukl/ukl/glibc/rtld-build/elf/dl-allobjs.os (strnlen)
/home/vraiti/ukl/ukl/glibc/rtld-build/libc_pic.a(strncmp.os)
                              /home/vraiti/ukl/ukl/glibc/rtld-build/elf/dl-allobjs.os (strncmp)
/home/vraiti/ukl/ukl/glibc/rtld-build/libc_pic.a(memchr.os)
                              /home/vraiti/ukl/ukl/glibc/rtld-build/elf/dl-allobjs.os (memchr)
/home/vraiti/ukl/ukl/glibc/rtld-build/libc_pic.a(memcmp.os)
                              /home/vraiti/ukl/ukl/glibc/rtld-build/elf/dl-allobjs.os (memcmp)
/home/vraiti/ukl/ukl/glibc/rtld-build/libc_pic.a(memmove.os)
                              /home/vraiti/ukl/ukl/glibc/rtld-build/elf/dl-allobjs.os (memmove)
/home/vraiti/ukl/ukl/glibc/rtld-build/libc_pic.a(memset.os)
                              /home/vraiti/ukl/ukl/glibc/rtld-build/elf/dl-allobjs.os (memset)
/home/vraiti/ukl/ukl/glibc/rtld-build/libc_pic.a(mempcpy.os)
                              /home/vraiti/ukl/ukl/glibc/rtld-build/elf/dl-allobjs.os (__mempcpy)
/home/vraiti/ukl/ukl/glibc/rtld-build/libc_pic.a(stpcpy.os)
                              /home/vraiti/ukl/ukl/glibc/rtld-build/elf/dl-allobjs.os (__stpcpy)
/home/vraiti/ukl/ukl/glibc/rtld-build/libc_pic.a(memcpy.os)
                              /home/vraiti/ukl/ukl/glibc/rtld-build/libc_pic.a(check_fds.os) (__GI_memcpy)
/home/vraiti/ukl/ukl/glibc/rtld-build/libc_pic.a(rawmemchr.os)
                              /home/vraiti/ukl/ukl/glibc/rtld-build/elf/dl-allobjs.os (rawmemchr)
/home/vraiti/ukl/ukl/glibc/rtld-build/libc_pic.a(strcmp-sse2.os)
                              /home/vraiti/ukl/ukl/glibc/rtld-build/libc_pic.a(strcmp.os) (__strcmp_sse2)
/home/vraiti/ukl/ukl/glibc/rtld-build/libc_pic.a(strcmp-sse2-unaligned.os)
                              /home/vraiti/ukl/ukl/glibc/rtld-build/libc_pic.a(strcmp.os) (__strcmp_sse2_unaligned)
/home/vraiti/ukl/ukl/glibc/rtld-build/libc_pic.a(strcmp-ssse3.os)
                              /home/vraiti/ukl/ukl/glibc/rtld-build/libc_pic.a(strcmp.os) (__strcmp_ssse3)
/home/vraiti/ukl/ukl/glibc/rtld-build/libc_pic.a(strcmp-avx2.os)
                              /home/vraiti/ukl/ukl/glibc/rtld-build/libc_pic.a(strcmp.os) (__strcmp_avx2)
/home/vraiti/ukl/ukl/glibc/rtld-build/libc_pic.a(strncmp-sse2.os)
                              /home/vraiti/ukl/ukl/glibc/rtld-build/libc_pic.a(strncmp.os) (__strncmp_sse2)
/home/vraiti/ukl/ukl/glibc/rtld-build/libc_pic.a(strncmp-ssse3.os)
                              /home/vraiti/ukl/ukl/glibc/rtld-build/libc_pic.a(strncmp.os) (__strncmp_ssse3)
/home/vraiti/ukl/ukl/glibc/rtld-build/libc_pic.a(strncmp-sse4_2.os)
                              /home/vraiti/ukl/ukl/glibc/rtld-build/libc_pic.a(strncmp.os) (__strncmp_sse42)
/home/vraiti/ukl/ukl/glibc/rtld-build/libc_pic.a(strncmp-avx2.os)
                              /home/vraiti/ukl/ukl/glibc/rtld-build/libc_pic.a(strncmp.os) (__strncmp_avx2)
/home/vraiti/ukl/ukl/glibc/rtld-build/libc_pic.a(memchr-sse2.os)
                              /home/vraiti/ukl/ukl/glibc/rtld-build/libc_pic.a(memchr.os) (__memchr_sse2)
/home/vraiti/ukl/ukl/glibc/rtld-build/libc_pic.a(rawmemchr-sse2.os)
[...]
Memory Configuration

Name             Origin             Length             Attributes
*default*        0x0000000000000000 0xffffffffffffffff

Linker script and memory map

                0x0000000000000000                __stack_chk_fail = 0x0
                0x0000000000000000                __stack_chk_fail_local = 0x0
START GROUP
LOAD /home/vraiti/ukl/ukl/glibc/rtld-build/elf/dl-allobjs.os
LOAD /home/vraiti/ukl/ukl/glibc/rtld-build/libc_pic.a
LOAD /usr/lib/gcc/x86_64-linux-gnu/12/libgcc.a
END GROUP

.interp
 *(.interp)

.note.gnu.build-id
 *(.note.gnu.build-id)

.hash
 *(.hash)

.gnu.hash
 *(.gnu.hash)

.dynsym
 *(.dynsym)

.dynstr
 *(.dynstr)

.gnu.version
 *(.gnu.version)

.gnu.version_d
 *(.gnu.version_d)

.gnu.version_r
 *(.gnu.version_r)

.rela.init
 *(.rela.init)

.rela.text
 *(.rela.text)

.rela.fini
 *(.rela.fini)

.rela.rodata
 *(.rela.rodata)

.rela.data.rel.ro
 *(.rela.data.rel.ro)

.rela.data
 *(.rela.data)

.rela.tdata
 *(.rela.tdata)

.rela.tbss
 *(.rela.tbss)

.rela.ctors
 *(.rela.ctors)

.rela.dtors
 *(.rela.dtors)

.rela.got
 *(.rela.got)

.rela.bss
 *(.rela.bss)

.rela.ldata
 *(.rela.ldata)

.rela.lbss
 *(.rela.lbss)

.rela.lrodata
 *(.rela.lrodata)

.rela.ifunc
 *(.rela.ifunc)

.rela.plt
 *(.rela.plt)

.relr.dyn
 *(.relr.dyn)

.init
 *(SORT_NONE(.init))

.plt
 *(.plt)

.plt.got
 *(.plt.got)

.plt.sec
 *(.plt.sec)

.text           0x0000000000000000    0x1f90c
 *(.text .stub)
 .text          0x0000000000000000    0x18fa0 /home/vraiti/ukl/ukl/glibc/rtld-build/elf/dl-allobjs.os
                0x0000000000000000                _start
                0x0000000000000008                _dl_start_user
                0x0000000000001250                handle_preload_list
                0x00000000000074b0                _dl_dst_count
                0x0000000000007550                _dl_dst_substitute
                0x0000000000007c50                _dl_init_paths
                0x0000000000007f60                _dl_map_object
                0x0000000000008b00                _dl_rtld_di_serinfo
                0x0000000000009ba0                _dl_lookup_symbol_x
                0x000000000000ab00                _dl_setup_hash
                0x000000000000abc0                _dl_add_to_namespace_list
                0x000000000000ac70                _dl_new_object
                0x000000000000b040                _dl_try_allocate_static_tls
                0x000000000000b130                _dl_allocate_static_tls
                0x000000000000b160                _dl_nothread_init_static_tls
                0x000000000000b1a0                _dl_protect_relro
                0x000000000000b200                _dl_reloc_bad_type
                0x000000000000b2d0                _dl_relocate_object
                0x000000000000cd10                _dl_map_object_deps
                0x000000000000dd90                _dl_important_hwcaps
                0x000000000000e520                _dl_fixup
                0x000000000000e6f0                _dl_profile_fixup
                0x000000000000edd0                _dl_call_pltexit
                0x000000000000f060                _dl_init
                0x000000000000f1a0                _dl_fini
                0x000000000000f5b0                _dl_debug_state
                0x000000000000f5b0                __GI__dl_debug_state
                0x000000000000f5c0                _dl_debug_initialize
                0x000000000000fca0                _dl_sysdep_read_whole_file
                0x000000000000fd40                _dl_debug_printf
                0x000000000000fdf0                _dl_debug_printf_c
                0x000000000000fea0                _dl_dprintf
                0x000000000000ff40                _dl_name_match_p
                0x000000000000ffb0                _dl_higher_prime_number
                0x0000000000010000                _dl_strtoul
                0x0000000000010160                _dl_check_map_versions
                0x00000000000108e0                _dl_check_all_versions
                0x0000000000010950                _dl_start_profile
                0x00000000000110c0                __GI__dl_mcount
                0x00000000000110c0                _dl_mcount
                0x00000000000115f0                _dl_next_tls_modid
                0x00000000000116e0                _dl_count_modids
                0x0000000000011750                _dl_determine_tlsoffset
                0x0000000000011910                _dl_get_tls_static_info
                0x0000000000011930                _dl_allocate_tls_storage
                0x00000000000119f0                __GI__dl_allocate_tls_init
                0x00000000000119f0                _dl_allocate_tls_init
                0x0000000000011c30                __GI__dl_allocate_tls
                0x0000000000011c30                _dl_allocate_tls
                0x0000000000011ca0                _dl_deallocate_tls
                0x0000000000011ca0                __GI__dl_deallocate_tls
                0x0000000000011d20                _dl_update_slotinfo
                0x0000000000011f60                __GI___tls_get_addr
                0x0000000000011f60                ___tls_get_addr
                0x0000000000011fa0                _dl_tls_get_addr_soft
                0x0000000000012010                _dl_add_to_slotinfo
                0x0000000000012100                __tls_get_addr_slow
                0x0000000000012130                _dl_get_origin
                0x0000000000012290                _dl_scope_free
                0x0000000000012350                _dl_make_stack_executable
                0x0000000000012350                __GI__dl_make_stack_executable
                0x00000000000126b0                __GI__dl_find_dso_for_object
                0x00000000000126b0                _dl_find_dso_for_object
                0x0000000000012780                _dl_open
                0x0000000000012a80                _dl_show_scope
                0x0000000000013840                _dl_close_worker
                0x00000000000149c0                _dl_close
                0x0000000000014a30                _dl_runtime_profile_avx512
                0x0000000000014eb0                _dl_runtime_profile_avx
                0x0000000000015330                _dl_runtime_profile_sse
                0x0000000000015530                _dl_runtime_resolve_fxsave
                0x00000000000155b0                _dl_runtime_resolve_xsave
                0x0000000000015680                _dl_runtime_resolve_xsavec
                0x0000000000015770                _dl_exception_create
                0x0000000000015770                __GI__dl_exception_create
                0x0000000000015840                __GI__dl_exception_create_format
                0x0000000000015840                _dl_exception_create_format
                0x0000000000015ca0                _dl_exception_free
                0x0000000000015ca0                __GI__dl_exception_free
                0x0000000000015cc0                _dl_sort_maps
                0x0000000000015f80                _dl_cache_libcmp
                0x0000000000016060                _dl_load_cache_lookup
                0x0000000000016670                _dl_unload_cache
                0x00000000000166b0                _dl_make_tlsdesc_dynamic
                0x0000000000016990                _dl_tlsdesc_resolve_rela_fixup
                0x0000000000016b60                _dl_tlsdesc_resolve_hold_fixup
                0x0000000000016b90                _dl_unmap
                0x0000000000016c10                _dl_tlsdesc_return
                0x0000000000016c20                _dl_tlsdesc_undefweak
                0x0000000000016c30                _dl_tlsdesc_dynamic
                0x0000000000016cd0                _dl_tlsdesc_resolve_rela
                0x0000000000016d40                _dl_tlsdesc_resolve_hold
                0x0000000000016dc0                __tls_get_addr
                0x0000000000016e00                __get_cpu_features
                0x00000000000171e0                _dl_sysdep_start
                0x0000000000017970                _dl_sysdep_start_cleanup
                0x0000000000017980                _dl_show_auxv
                0x0000000000017b30                _dl_discover_osversion
                0x0000000000017d10                _dl_next_ld_env_entry
                0x0000000000017d60                unsetenv
                0x0000000000017de0                malloc
                0x0000000000017f00                calloc
                0x0000000000017f30                free
                0x0000000000017f70                __sigjmp_save
                0x0000000000017f80                __strerror_r
                0x0000000000018070                __GI___libc_fatal
                0x0000000000018070                __libc_fatal
                0x00000000000180a0                __GI___chk_fail
                0x00000000000180a0                __chk_fail
                0x00000000000180b0                __GI___assert_fail
                0x00000000000180b0                __assert_fail
                0x0000000000018100                realloc
                0x0000000000018190                __GI___assert_perror_fail
                0x0000000000018190                __assert_perror_fail
                0x0000000000018200                _itoa
                0x0000000000018260                __strsep
                0x0000000000018260                strsep
                0x0000000000018260                __strsep_g
                0x00000000000183a0                _dl_signal_exception
                0x00000000000183f0                _dl_signal_error
                0x0000000000018440                _dl_signal_cexception
                0x00000000000184c0                _dl_signal_cerror
                0x0000000000018540                _dl_catch_exception
                0x0000000000018610                _dl_catch_error
                0x0000000000018660                _dl_receive_error
                0x00000000000186b0                _dl_resolve_conflicts
                0x0000000000018830                __brk
                0x0000000000018830                brk
                0x0000000000018880                sbrk
                0x0000000000018880                __sbrk
                0x0000000000018910                __getcwd
                0x0000000000018910                getcwd
                0x0000000000018d80                openat64
                0x0000000000018de0                __alloc_dir
                0x0000000000018eb0                __opendir
                0x0000000000018eb0                opendir
                0x0000000000018f50                __fxstatat
                0x0000000000018f50                __fxstatat64
                0x0000000000018f50                __GI___fxstatat64
 .text          0x0000000000018fa0       0xe2 /home/vraiti/ukl/ukl/glibc/rtld-build/libc_pic.a(check_fds.os)
                0x0000000000019050                __libc_check_standard_fds
 .text          0x0000000000019082        0x0 /home/vraiti/ukl/ukl/glibc/rtld-build/libc_pic.a(errno.os)
 *fill*         0x0000000000019082        0xe 
 .text          0x0000000000019090       0x57 /home/vraiti/ukl/ukl/glibc/rtld-build/libc_pic.a(setjmp.os)
                0x0000000000019090                __sigsetjmp
                0x0000000000019090                __GI___sigsetjmp
 *fill*         0x00000000000190e7        0x9 
 .text          0x00000000000190f0       0x50 /home/vraiti/ukl/ukl/glibc/rtld-build/libc_pic.a(__longjmp.os)
                0x00000000000190f0                __longjmp
 .text          0x0000000000019140       0xa5 /home/vraiti/ukl/ukl/glibc/rtld-build/libc_pic.a(scratch_buffer_set_array_size.os)
                0x0000000000019140                __libc_scratch_buffer_set_array_size
                0x0000000000019140                __GI___libc_scratch_buffer_set_array_size
 *fill*         0x00000000000191e5        0xb 
 .text          0x00000000000191f0       0x48 /home/vraiti/ukl/ukl/glibc/rtld-build/libc_pic.a(strchr.os)
                0x00000000000191f0                __GI_strchr
                0x00000000000191f0                index
                0x00000000000191f0                strchr
 *fill*         0x0000000000019238        0x8 
 .text          0x0000000000019240       0x55 /home/vraiti/ukl/ukl/glibc/rtld-build/libc_pic.a(strcmp.os)
                0x0000000000019240                __GI_strcmp
                0x0000000000019240                strcmp
 *fill*         0x0000000000019295        0xb 
 .text          0x00000000000192a0       0x1e /home/vraiti/ukl/ukl/glibc/rtld-build/libc_pic.a(strcspn.os)
                0x00000000000192a0                strcspn
                0x00000000000192a0                __GI_strcspn
 *fill*         0x00000000000192be        0x2 
 .text          0x00000000000192c0       0x39 /home/vraiti/ukl/ukl/glibc/rtld-build/libc_pic.a(strdup.os)
                0x00000000000192c0                __GI___strdup
                0x00000000000192c0                __strdup
                0x00000000000192c0                strdup
 *fill*         0x00000000000192f9        0x7 
 .text          0x0000000000019300       0x38 /home/vraiti/ukl/ukl/glibc/rtld-build/libc_pic.a(strlen.os)
                0x0000000000019300                strlen
                0x0000000000019300                __GI_strlen
 *fill*         0x0000000000019338        0x8 
 .text          0x0000000000019340       0x38 /home/vraiti/ukl/ukl/glibc/rtld-build/libc_pic.a(strnlen.os)
                0x0000000000019340                __strnlen
                0x0000000000019340                strnlen
                0x0000000000019340                __GI___strnlen
                0x0000000000019340                __GI_strnlen
 *fill*         0x0000000000019378        0x8 
 .text          0x0000000000019380       0x5f /home/vraiti/ukl/ukl/glibc/rtld-build/libc_pic.a(strncmp.os)
                0x0000000000019380                __GI_strncmp
                0x0000000000019380                strncmp
 *fill*         0x00000000000193df        0x1 
 .text          0x00000000000193e0       0x38 /home/vraiti/ukl/ukl/glibc/rtld-build/libc_pic.a(memchr.os)
                0x00000000000193e0                __GI_memchr
                0x00000000000193e0                memchr
                0x00000000000193e0                __memchr
 *fill*         0x0000000000019418        0x8 
 .text          0x0000000000019420       0x69 /home/vraiti/ukl/ukl/glibc/rtld-build/libc_pic.a(memcmp.os)
                0x0000000000019420                bcmp
                0x0000000000019420                __GI_memcmp
                0x0000000000019420                memcmp
 *fill*         0x0000000000019489        0x7 
 .text          0x0000000000019490       0xc2 /home/vraiti/ukl/ukl/glibc/rtld-build/libc_pic.a(memmove.os)
                0x0000000000019490                memmove
                0x0000000000019490                __GI_memmove
                0x0000000000019490                __libc_memmove
 *fill*         0x0000000000019552        0xe 
 .text          0x0000000000019560       0x9e /home/vraiti/ukl/ukl/glibc/rtld-build/libc_pic.a(memset.os)
                0x0000000000019560                __GI_memset
                0x0000000000019560                memset
 *fill*         0x00000000000195fe        0x2 
 .text          0x0000000000019600       0xc2 /home/vraiti/ukl/ukl/glibc/rtld-build/libc_pic.a(mempcpy.os)
                0x0000000000019600                mempcpy
                0x0000000000019600                __GI_mempcpy
                0x0000000000019600                __mempcpy
                0x0000000000019600                __GI___mempcpy
 *fill*         0x00000000000196c2        0xe 
 .text          0x00000000000196d0       0x55 /home/vraiti/ukl/ukl/glibc/rtld-build/libc_pic.a(stpcpy.os)
                0x00000000000196d0                stpcpy
                0x00000000000196d0                __GI_stpcpy
                0x00000000000196d0                __stpcpy
                0x00000000000196d0                __GI___stpcpy
 *fill*         0x0000000000019725        0xb 
 .text          0x0000000000019730       0xc2 /home/vraiti/ukl/ukl/glibc/rtld-build/libc_pic.a(memcpy.os)
                0x0000000000019730                __GI_memcpy
                0x0000000000019730                __new_memcpy
                0x0000000000019730                memcpy@@GLIBC_2.14
 *fill*         0x00000000000197f2        0xe 
 .text          0x0000000000019800       0x38 /home/vraiti/ukl/ukl/glibc/rtld-build/libc_pic.a(rawmemchr.os)
                0x0000000000019800                __GI___rawmemchr
                0x0000000000019800                __rawmemchr
                0x0000000000019800                rawmemchr
 *fill*         0x0000000000019838        0x8 
 .text          0x0000000000019840     0x1439 /home/vraiti/ukl/ukl/glibc/rtld-build/libc_pic.a(strcmp-sse2.os)
                0x0000000000019840                __strcmp_sse2
 *fill*         0x000000000001ac79        0x7 
 .text          0x000000000001ac80      0x2a3 /home/vraiti/ukl/ukl/glibc/rtld-build/libc_pic.a(strcmp-sse2-unaligned.os)
                0x000000000001ac80                __strcmp_sse2_unaligned
 .text          0x000000000001af23        0x0 /home/vraiti/ukl/ukl/glibc/rtld-build/libc_pic.a(strcmp-ssse3.os)
 .text          0x000000000001af23        0x0 /home/vraiti/ukl/ukl/glibc/rtld-build/libc_pic.a(strcmp-avx2.os)
 *fill*         0x000000000001af23        0xd 
 .text          0x000000000001af30     0x1849 /home/vraiti/ukl/ukl/glibc/rtld-build/libc_pic.a(strncmp-sse2.os)
                0x000000000001af30                __strncmp_sse2
 .text          0x000000000001c779        0x0 /home/vraiti/ukl/ukl/glibc/rtld-build/libc_pic.a(strncmp-ssse3.os)
 .text          0x000000000001c779        0x0 /home/vraiti/ukl/ukl/glibc/rtld-build/libc_pic.a(strncmp-sse4_2.os)
 .text          0x000000000001c779        0x0 /home/vraiti/ukl/ukl/glibc/rtld-build/libc_pic.a(strncmp-avx2.os)
 *fill*         0x000000000001c779        0x7 
 .text          0x000000000001c780      0x323 /home/vraiti/ukl/ukl/glibc/rtld-build/libc_pic.a(memchr-sse2.os)
                0x000000000001c780                __memchr_sse2
 *fill*         0x000000000001caa3        0xd 
 .text          0x000000000001cab0      0x1f9 /home/vraiti/ukl/ukl/glibc/rtld-build/libc_pic.a(rawmemchr-sse2.os)
                0x000000000001cab0                __rawmemchr_sse2
 .text          0x000000000001cca9        0x0 /home/vraiti/ukl/ukl/glibc/rtld-build/libc_pic.a(memchr-avx2.os)
 .text          0x000000000001cca9        0x0 /home/vraiti/ukl/ukl/glibc/rtld-build/libc_pic.a(rawmemchr-avx2.os)
 *fill*         0x000000000001cca9        0x7 
 .text          0x000000000001ccb0      0x400 /home/vraiti/ukl/ukl/glibc/rtld-build/libc_pic.a(memcmp-sse2.os)
                0x000000000001ccb0                __memcmp_sse2
 .text          0x000000000001d0b0        0x0 /home/vraiti/ukl/ukl/glibc/rtld-build/libc_pic.a(memcmp-avx2-movbe.os)
 .text          0x000000000001d0b0        0x0 /home/vraiti/ukl/ukl/glibc/rtld-build/libc_pic.a(memcmp-sse4.os)
 .text          0x000000000001d0b0        0x0 /home/vraiti/ukl/ukl/glibc/rtld-build/libc_pic.a(memcpy-ssse3.os)
 .text          0x000000000001d0b0        0x0 /home/vraiti/ukl/ukl/glibc/rtld-build/libc_pic.a(memmove-ssse3.os)
 .text          0x000000000001d0b0        0x0 /home/vraiti/ukl/ukl/glibc/rtld-build/libc_pic.a(memcpy-ssse3-back.os)
 .text          0x000000000001d0b0        0x0 /home/vraiti/ukl/ukl/glibc/rtld-build/libc_pic.a(memmove-ssse3-back.os)
 .text          0x000000000001d0b0        0x0 /home/vraiti/ukl/ukl/glibc/rtld-build/libc_pic.a(memmove-avx512-no-vzeroupper.os)
 .text          0x000000000001d0b0      0x21a /home/vraiti/ukl/ukl/glibc/rtld-build/libc_pic.a(strchr-sse2.os)
                0x000000000001d0b0                __strchr_sse2
 .text          0x000000000001d2ca        0x0 /home/vraiti/ukl/ukl/glibc/rtld-build/libc_pic.a(strchr-avx2.os)
 *fill*         0x000000000001d2ca        0x6 
 .text          0x000000000001d2d0      0x19c /home/vraiti/ukl/ukl/glibc/rtld-build/libc_pic.a(strlen-sse2.os)
                0x000000000001d2d0                __strlen_sse2
                0x000000000001d2d0                __GI___strlen_sse2
 *fill*         0x000000000001d46c        0x4 
 .text          0x000000000001d470      0x218 /home/vraiti/ukl/ukl/glibc/rtld-build/libc_pic.a(strnlen-sse2.os)
                0x000000000001d470                __strnlen_sse2
 .text          0x000000000001d688        0x0 /home/vraiti/ukl/ukl/glibc/rtld-build/libc_pic.a(strlen-avx2.os)
 .text          0x000000000001d688        0x0 /home/vraiti/ukl/ukl/glibc/rtld-build/libc_pic.a(strnlen-avx2.os)
 *fill*         0x000000000001d688        0x8 
 .text          0x000000000001d690       0xdc /home/vraiti/ukl/ukl/glibc/rtld-build/libc_pic.a(stpcpy-sse2.os)
                0x000000000001d690                __stpcpy_sse2
 .text          0x000000000001d76c        0x0 /home/vraiti/ukl/ukl/glibc/rtld-build/libc_pic.a(stpcpy-ssse3.os)
 *fill*         0x000000000001d76c        0x4 
 .text          0x000000000001d770      0x6b0 /home/vraiti/ukl/ukl/glibc/rtld-build/libc_pic.a(stpcpy-sse2-unaligned.os)
                0x000000000001d770                __stpcpy_sse2_unaligned
 .text          0x000000000001de20        0x0 /home/vraiti/ukl/ukl/glibc/rtld-build/libc_pic.a(stpcpy-avx2.os)
 .text          0x000000000001de20        0x0 /home/vraiti/ukl/ukl/glibc/rtld-build/libc_pic.a(strchr-sse2-no-bsf.os)
 .text          0x000000000001de20        0x0 /home/vraiti/ukl/ukl/glibc/rtld-build/libc_pic.a(memcmp-ssse3.os)
 .text          0x000000000001de20       0x97 /home/vraiti/ukl/ukl/glibc/rtld-build/libc_pic.a(strcspn-sse2.os)
                0x000000000001de20                __strcspn_sse2
 .text          0x000000000001deb7        0x0 /home/vraiti/ukl/ukl/glibc/rtld-build/libc_pic.a(strcspn-c.os)
 .text          0x000000000001deb7        0x0 /home/vraiti/ukl/ukl/glibc/rtld-build/libc_pic.a(varshift.os)
 .text          0x000000000001deb7        0x0 /home/vraiti/ukl/ukl/glibc/rtld-build/libc_pic.a(memset-avx512-no-vzeroupper.os)
 *fill*         0x000000000001deb7        0x9 
 .text          0x000000000001dec0      0x3e9 /home/vraiti/ukl/ukl/glibc/rtld-build/libc_pic.a(memmove-sse2-unaligned-erms.os)
                0x000000000001dec0                __mempcpy_chk_sse2_unaligned
                0x000000000001ded0                __mempcpy_sse2_unaligned
                0x000000000001dee0                __memcpy_chk_sse2_unaligned
                0x000000000001dee0                __memmove_chk_sse2_unaligned
                0x000000000001def0                __memmove_sse2_unaligned
                0x000000000001def0                __memcpy_sse2_unaligned
                0x000000000001def0                memcpy@GLIBC_2.2.5
                0x000000000001df20                __mempcpy_chk_erms
                0x000000000001df30                __mempcpy_erms
                0x000000000001df40                __memcpy_chk_erms
                0x000000000001df40                __memmove_chk_erms
                0x000000000001df50                __memmove_erms
                0x000000000001df50                __memcpy_erms
                0x000000000001df80                __mempcpy_chk_sse2_unaligned_erms
                0x000000000001df90                __mempcpy_sse2_unaligned_erms
                0x000000000001dfa0                __memmove_chk_sse2_unaligned_erms
                0x000000000001dfa0                __memcpy_chk_sse2_unaligned_erms
                0x000000000001dfb0                __memmove_sse2_unaligned_erms
                0x000000000001dfb0                __memcpy_sse2_unaligned_erms
 .text          0x000000000001e2a9        0x0 /home/vraiti/ukl/ukl/glibc/rtld-build/libc_pic.a(memmove-avx-unaligned-erms.os)
 .text          0x000000000001e2a9        0x0 /home/vraiti/ukl/ukl/glibc/rtld-build/libc_pic.a(memmove-avx512-unaligned-erms.os)
 *fill*         0x000000000001e2a9        0x7 
 .text          0x000000000001e2b0      0x1b3 /home/vraiti/ukl/ukl/glibc/rtld-build/libc_pic.a(memset-sse2-unaligned-erms.os)
                0x000000000001e2b0                __bzero
                0x000000000001e2b0                bzero
                0x000000000001e2c0                __wmemset_chk_sse2_unaligned
                0x000000000001e2d0                __wmemset_sse2_unaligned
                0x000000000001e2f0                __memset_chk_sse2_unaligned
                0x000000000001e300                __memset_sse2_unaligned
                0x000000000001e340                __memset_chk_erms
                0x000000000001e350                __memset_erms
                0x000000000001e370                __memset_chk_sse2_unaligned_erms
                0x000000000001e380                __memset_sse2_unaligned_erms
 .text          0x000000000001e463        0x0 /home/vraiti/ukl/ukl/glibc/rtld-build/libc_pic.a(memset-avx2-unaligned-erms.os)
 .text          0x000000000001e463        0x0 /home/vraiti/ukl/ukl/glibc/rtld-build/libc_pic.a(memset-avx512-unaligned-erms.os)
 *fill*         0x000000000001e463        0xd 
 .text          0x000000000001e470      0x59d /home/vraiti/ukl/ukl/glibc/rtld-build/libc_pic.a(cacheinfo.os)
                0x000000000001e9e0                __cache_sysconf
 *fill*         0x000000000001ea0d        0x3 
 .text          0x000000000001ea10       0x29 /home/vraiti/ukl/ukl/glibc/rtld-build/libc_pic.a(closedir.os)
                0x000000000001ea10                __closedir
                0x000000000001ea10                closedir
 *fill*         0x000000000001ea39        0x7 
 .text          0x000000000001ea40       0xaa /home/vraiti/ukl/ukl/glibc/rtld-build/libc_pic.a(rewinddir.os)
                0x000000000001ea40                rewinddir
                0x000000000001ea40                __rewinddir
                0x000000000001ea40                __GI___rewinddir
 *fill*         0x000000000001eaea        0x6 
 .text          0x000000000001eaf0      0x110 /home/vraiti/ukl/ukl/glibc/rtld-build/libc_pic.a(readdir64.os)
                0x000000000001eaf0                readdir
                0x000000000001eaf0                __readdir64
                0x000000000001eaf0                __readdir
                0x000000000001eaf0                __GI___readdir64
                0x000000000001eaf0                readdir64
 .text          0x000000000001ec00       0x92 /home/vraiti/ukl/ukl/glibc/rtld-build/libc_pic.a(fdopendir.os)
                0x000000000001ec00                fdopendir
                0x000000000001ec00                __fdopendir
 *fill*         0x000000000001ec92        0xe 
 .text          0x000000000001eca0       0x73 /home/vraiti/ukl/ukl/glibc/rtld-build/libc_pic.a(uname.os)
                0x000000000001eca0                __GI_uname
                0x000000000001eca0                __uname
                0x000000000001eca0                __GI___uname
 *fill*         0x000000000001ed13        0xd 
 .text          0x000000000001ed20       0x58 /home/vraiti/ukl/ukl/glibc/rtld-build/libc_pic.a(_exit.os)
                0x000000000001ed20                _Exit
                0x000000000001ed20                __GI__exit
                0x000000000001ed20                _exit
 *fill*         0x000000000001ed78        0x8 
 .text          0x000000000001ed80       0x32 /home/vraiti/ukl/ukl/glibc/rtld-build/libc_pic.a(getpid.os)
                0x000000000001ed80                __getpid
                0x000000000001ed80                getpid
                0x000000000001ed80                __GI_getpid
                0x000000000001ed80                __GI___getpid
 .text          0x000000000001edb2        0x0 /home/vraiti/ukl/ukl/glibc/rtld-build/libc_pic.a(environ.os)
 *fill*         0x000000000001edb2        0xe 
 .text          0x000000000001edc0       0x54 /home/vraiti/ukl/ukl/glibc/rtld-build/libc_pic.a(xstat.os)
                0x000000000001edc0                _xstat
                0x000000000001edc0                __xstat64
                0x000000000001edc0                __GI___xstat64
                0x000000000001edc0                __GI___xstat
                0x000000000001edc0                __xstat
 *fill*         0x000000000001ee14        0xc 
 .text          0x000000000001ee20       0x54 /home/vraiti/ukl/ukl/glibc/rtld-build/libc_pic.a(fxstat.os)
                0x000000000001ee20                __GI___fxstat
                0x000000000001ee20                __GI___fxstat64
                0x000000000001ee20                __fxstat64
                0x000000000001ee20                _fxstat
                0x000000000001ee20                __fxstat
 *fill*         0x000000000001ee74        0xc 
 .text          0x000000000001ee80       0x54 /home/vraiti/ukl/ukl/glibc/rtld-build/libc_pic.a(lxstat.os)
                0x000000000001ee80                __GI___lxstat
                0x000000000001ee80                _lxstat
                0x000000000001ee80                __lxstat
                0x000000000001ee80                __lxstat64
                0x000000000001ee80                __GI___lxstat64
 *fill*         0x000000000001eed4        0xc 
 .text          0x000000000001eee0       0x34 /home/vraiti/ukl/ukl/glibc/rtld-build/libc_pic.a(lseek64.os)
                0x000000000001eee0                __compat_llseek
                0x000000000001eee0                __GI___lseek
                0x000000000001eee0                __lseek64
                0x000000000001eee0                lseek
                0x000000000001eee0                __libc_lseek64
                0x000000000001eee0                llseek@GLIBC_2.2.5
                0x000000000001eee0                __lseek
                0x000000000001eee0                __libc_lseek
                0x000000000001eee0                lseek64
 *fill*         0x000000000001ef14        0xc 
 .text          0x000000000001ef20       0x32 /home/vraiti/ukl/ukl/glibc/rtld-build/libc_pic.a(access.os)
                0x000000000001ef20                __GI___access
                0x000000000001ef20                access
                0x000000000001ef20                __access
 *fill*         0x000000000001ef52        0xe 
 .text          0x000000000001ef60       0x32 /home/vraiti/ukl/ukl/glibc/rtld-build/libc_pic.a(close_nocancel.os)
                0x000000000001ef60                __GI___close_nocancel
                0x000000000001ef60                __close_nocancel
 *fill*         0x000000000001ef92        0xe 
 .text          0x000000000001efa0      0x112 /home/vraiti/ukl/ukl/glibc/rtld-build/libc_pic.a(fcntl_nocancel.os)
                0x000000000001efa0                __fcntl64_nocancel
                0x000000000001efa0                __GI___fcntl64_nocancel
                0x000000000001f030                __fcntl64_nocancel_adjusted
 *fill*         0x000000000001f0b2        0xe 
 .text          0x000000000001f0c0       0x86 /home/vraiti/ukl/ukl/glibc/rtld-build/libc_pic.a(open64_nocancel.os)
                0x000000000001f0c0                __GI___open_nocancel
                0x000000000001f0c0                __open_nocancel
                0x000000000001f0c0                __GI___open64_nocancel
                0x000000000001f0c0                __open64_nocancel
 *fill*         0x000000000001f146        0xa 
 .text          0x000000000001f150       0x7e /home/vraiti/ukl/ukl/glibc/rtld-build/libc_pic.a(openat64_nocancel.os)
                0x000000000001f150                __GI___openat64_nocancel
                0x000000000001f150                __openat64_nocancel
                0x000000000001f150                __GI___openat_nocancel
                0x000000000001f150                __openat_nocancel
 *fill*         0x000000000001f1ce        0x2 
 .text          0x000000000001f1d0       0x2c /home/vraiti/ukl/ukl/glibc/rtld-build/libc_pic.a(read_nocancel.os)
                0x000000000001f1d0                __read_nocancel
                0x000000000001f1d0                __GI___read_nocancel
 *fill*         0x000000000001f1fc        0x4 
 .text          0x000000000001f200       0x34 /home/vraiti/ukl/ukl/glibc/rtld-build/libc_pic.a(pread64_nocancel.os)
                0x000000000001f200                __GI___pread64_nocancel
                0x000000000001f200                __pread64_nocancel
 *fill*         0x000000000001f234        0xc 
 .text          0x000000000001f240       0x34 /home/vraiti/ukl/ukl/glibc/rtld-build/libc_pic.a(write_nocancel.os)
                0x000000000001f240                __GI___write_nocancel
                0x000000000001f240                __write_nocancel
 *fill*         0x000000000001f274        0xc 
 .text          0x000000000001f280       0xad /home/vraiti/ukl/ukl/glibc/rtld-build/libc_pic.a(mmap64.os)
                0x000000000001f280                __GI___mmap
                0x000000000001f280                __mmap
                0x000000000001f280                mmap
                0x000000000001f280                __GI___mmap64
                0x000000000001f280                __mmap64
                0x000000000001f280                mmap64
 *fill*         0x000000000001f32d        0x3 
 .text          0x000000000001f330       0x32 /home/vraiti/ukl/ukl/glibc/rtld-build/libc_pic.a(munmap.os)
                0x000000000001f330                munmap
                0x000000000001f330                __GI___munmap
                0x000000000001f330                __munmap
 *fill*         0x000000000001f362        0xe 
 .text          0x000000000001f370       0x32 /home/vraiti/ukl/ukl/glibc/rtld-build/libc_pic.a(mprotect.os)
                0x000000000001f370                __mprotect
                0x000000000001f370                __GI___mprotect
                0x000000000001f370                mprotect
 *fill*         0x000000000001f3a2        0xe 
 .text          0x000000000001f3b0      0x1f4 /home/vraiti/ukl/ukl/glibc/rtld-build/libc_pic.a(profil.os)
                0x000000000001f400                __profil
                0x000000000001f400                profil
 *fill*         0x000000000001f5a4        0xc 
 .text          0x000000000001f5b0        0xb /home/vraiti/ukl/ukl/glibc/rtld-build/libc_pic.a(prof-freq.os)
                0x000000000001f5b0                __GI___profile_frequency
                0x000000000001f5b0                __profile_frequency
 *fill*         0x000000000001f5bb        0x5 
 .text          0x000000000001f5c0       0x7b /home/vraiti/ukl/ukl/glibc/rtld-build/libc_pic.a(dl-addr-obj.os)
                0x000000000001f5c0                _dl_addr_inside_object
 *fill*         0x000000000001f63b        0x5 
 .text          0x000000000001f640      0x20c /home/vraiti/ukl/ukl/glibc/rtld-build/libc_pic.a(sigaction.os)
                0x000000000001f660                __libc_sigaction
                0x000000000001f660                __GI___libc_sigaction
                0x000000000001f820                sigaction
                0x000000000001f820                __GI___sigaction
                0x000000000001f820                __sigaction
 *fill*         0x000000000001f84c        0x4 
 .text          0x000000000001f850       0x31 /home/vraiti/ukl/ukl/glibc/rtld-build/libc_pic.a(libc-lowlevellock.os)
                0x000000000001f850                __lll_lock_wait_private
 *fill*         0x000000000001f881        0xf 
 .text          0x000000000001f890       0x32 /home/vraiti/ukl/ukl/glibc/rtld-build/libc_pic.a(setitimer.os)
                0x000000000001f890                setitimer
                0x000000000001f890                __setitimer
 *fill*         0x000000000001f8c2        0xe 
 .text          0x000000000001f8d0       0x3c /home/vraiti/ukl/ukl/glibc/rtld-build/libc_pic.a(getdents64.os)
                0x000000000001f8d0                __getdents
                0x000000000001f8d0                __GI___getdents64
                0x000000000001f8d0                getdents64
                0x000000000001f8d0                __getdents64
 *(.gnu.warning)

.text.ssse3     0x0000000000000000     0xed43
 .text.ssse3    0x0000000000000000     0x1259 /home/vraiti/ukl/ukl/glibc/rtld-build/libc_pic.a(strcmp-ssse3.os)
                0x0000000000000000                __GI___strcmp_ssse3
                0x0000000000000000                __strcmp_ssse3
 *fill*         0x0000000000001259        0x7 
 .text.ssse3    0x0000000000001260     0x1759 /home/vraiti/ukl/ukl/glibc/rtld-build/libc_pic.a(strncmp-ssse3.os)
                0x0000000000001260                __strncmp_ssse3
 *fill*         0x00000000000029b9        0x7 
 .text.ssse3    0x00000000000029c0     0x29e6 /home/vraiti/ukl/ukl/glibc/rtld-build/libc_pic.a(memcpy-ssse3.os)
                0x00000000000029c0                __mempcpy_chk_ssse3
                0x00000000000029d0                __mempcpy_ssse3
                0x00000000000029e0                __memcpy_chk_ssse3
                0x00000000000029f0                __memcpy_ssse3
 *fill*         0x00000000000053a6        0xa 
 .text.ssse3    0x00000000000053b0     0x2b77 /home/vraiti/ukl/ukl/glibc/rtld-build/libc_pic.a(memmove-ssse3.os)
                0x00000000000053b0                __memmove_chk_ssse3
                0x00000000000053c0                __memmove_ssse3
 *fill*         0x0000000000007f27        0x9 
 .text.ssse3    0x0000000000007f30     0x2ae6 /home/vraiti/ukl/ukl/glibc/rtld-build/libc_pic.a(memcpy-ssse3-back.os)
                0x0000000000007f30                __mempcpy_chk_ssse3_back
                0x0000000000007f40                __mempcpy_ssse3_back
                0x0000000000007f50                __memcpy_chk_ssse3_back
                0x0000000000007f60                __memcpy_ssse3_back
 *fill*         0x000000000000aa16        0xa 
 .text.ssse3    0x000000000000aa20     0x2b16 /home/vraiti/ukl/ukl/glibc/rtld-build/libc_pic.a(memmove-ssse3-back.os)
                0x000000000000aa20                __memmove_chk_ssse3_back
                0x000000000000aa30                __memmove_ssse3_back
 *fill*         0x000000000000d536        0xa 
 .text.ssse3    0x000000000000d540     0x1803 /home/vraiti/ukl/ukl/glibc/rtld-build/libc_pic.a(stpcpy-ssse3.os)
                0x000000000000d540                __stpcpy_ssse3

.text.avx       0x0000000000000000     0x21eb
 .text.avx      0x0000000000000000      0x43f /home/vraiti/ukl/ukl/glibc/rtld-build/libc_pic.a(strcmp-avx2.os)
                0x0000000000000000                __strcmp_avx2
 *fill*         0x000000000000043f        0x1 
 .text.avx      0x0000000000000440      0x508 /home/vraiti/ukl/ukl/glibc/rtld-build/libc_pic.a(strncmp-avx2.os)
                0x0000000000000440                __strncmp_avx2
 *fill*         0x0000000000000948        0x8 
 .text.avx      0x0000000000000950      0x2cd /home/vraiti/ukl/ukl/glibc/rtld-build/libc_pic.a(memchr-avx2.os)
                0x0000000000000950                __memchr_avx2
 *fill*         0x0000000000000c1d        0x3 
 .text.avx      0x0000000000000c20      0x13d /home/vraiti/ukl/ukl/glibc/rtld-build/libc_pic.a(rawmemchr-avx2.os)
                0x0000000000000c20                __rawmemchr_avx2
 *fill*         0x0000000000000d5d        0x3 
 .text.avx      0x0000000000000d60      0x3d4 /home/vraiti/ukl/ukl/glibc/rtld-build/libc_pic.a(memcmp-avx2-movbe.os)
                0x0000000000000d60                __memcmp_avx2_movbe
 *fill*         0x0000000000001134        0xc 
 .text.avx      0x0000000000001140      0x224 /home/vraiti/ukl/ukl/glibc/rtld-build/libc_pic.a(strchr-avx2.os)
                0x0000000000001140                __strchr_avx2
 *fill*         0x0000000000001364        0xc 
 .text.avx      0x0000000000001370      0x18e /home/vraiti/ukl/ukl/glibc/rtld-build/libc_pic.a(strlen-avx2.os)
                0x0000000000001370                __strlen_avx2
 *fill*         0x00000000000014fe        0x2 
 .text.avx      0x0000000000001500      0x31e /home/vraiti/ukl/ukl/glibc/rtld-build/libc_pic.a(strnlen-avx2.os)
                0x0000000000001500                __strnlen_avx2
 *fill*         0x000000000000181e        0x2 
 .text.avx      0x0000000000001820      0x3ac /home/vraiti/ukl/ukl/glibc/rtld-build/libc_pic.a(stpcpy-avx2.os)
                0x0000000000001820                __stpcpy_avx2
 *fill*         0x0000000000001bcc        0x4 
 .text.avx      0x0000000000001bd0      0x464 /home/vraiti/ukl/ukl/glibc/rtld-build/libc_pic.a(memmove-avx-unaligned-erms.os)
                0x0000000000001bd0                __mempcpy_chk_avx_unaligned
                0x0000000000001be0                __mempcpy_avx_unaligned
                0x0000000000001bf0                __memcpy_chk_avx_unaligned
                0x0000000000001bf0                __memmove_chk_avx_unaligned
                0x0000000000001c00                __memcpy_avx_unaligned
                0x0000000000001c00                __memmove_avx_unaligned
                0x0000000000001c30                __mempcpy_chk_avx_unaligned_erms
                0x0000000000001c40                __mempcpy_avx_unaligned_erms
                0x0000000000001c50                __memmove_chk_avx_unaligned_erms
                0x0000000000001c50                __memcpy_chk_avx_unaligned_erms
                0x0000000000001c60                __memcpy_avx_unaligned_erms
                0x0000000000001c60                __memmove_avx_unaligned_erms
 *fill*         0x0000000000002034        0xc 
 .text.avx      0x0000000000002040      0x1ab /home/vraiti/ukl/ukl/glibc/rtld-build/libc_pic.a(memset-avx2-unaligned-erms.os)
                0x0000000000002040                __wmemset_chk_avx2_unaligned
                0x0000000000002050                __wmemset_avx2_unaligned
                0x0000000000002070                __memset_chk_avx2_unaligned
                0x0000000000002080                __memset_avx2_unaligned
                0x00000000000020b0                __memset_avx2_erms
                0x00000000000020d0                __memset_chk_avx2_unaligned_erms
                0x00000000000020e0                __memset_avx2_unaligned_erms

.text.sse4.2    0x0000000000000000     0x110f
 .text.sse4.2   0x0000000000000000      0xfd9 /home/vraiti/ukl/ukl/glibc/rtld-build/libc_pic.a(strncmp-sse4_2.os)
                0x0000000000000000                __strncmp_sse42
 *fill*         0x0000000000000fd9        0x7 
 .text.sse4.2   0x0000000000000fe0      0x12f /home/vraiti/ukl/ukl/glibc/rtld-build/libc_pic.a(strcspn-c.os)
                0x0000000000000fe0                __strcspn_sse42

.text.sse4.1    0x0000000000000000     0x163e
 .text.sse4.1   0x0000000000000000     0x163e /home/vraiti/ukl/ukl/glibc/rtld-build/libc_pic.a(memcmp-sse4.os)
                0x0000000000000000                __memcmp_sse4_1

.text.avx512    0x0000000000000000     0x1171
 .text.avx512   0x0000000000000000      0x76b /home/vraiti/ukl/ukl/glibc/rtld-build/libc_pic.a(memmove-avx512-no-vzeroupper.os)
                0x0000000000000000                __mempcpy_chk_avx512_no_vzeroupper
                0x0000000000000010                __mempcpy_avx512_no_vzeroupper
                0x0000000000000020                __memcpy_chk_avx512_no_vzeroupper
                0x0000000000000020                __memmove_chk_avx512_no_vzeroupper
                0x0000000000000030                __memcpy_avx512_no_vzeroupper
                0x0000000000000030                __memmove_avx512_no_vzeroupper
 *fill*         0x000000000000076b        0x5 
 .text.avx512   0x0000000000000770      0x280 /home/vraiti/ukl/ukl/glibc/rtld-build/libc_pic.a(memset-avx512-no-vzeroupper.os)
                0x0000000000000770                __memset_chk_avx512_no_vzeroupper
                0x0000000000000780                __memset_avx512_no_vzeroupper
 .text.avx512   0x00000000000009f0      0x57c /home/vraiti/ukl/ukl/glibc/rtld-build/libc_pic.a(memmove-avx512-unaligned-erms.os)
                0x00000000000009f0                __mempcpy_chk_avx512_unaligned
                0x0000000000000a00                __mempcpy_avx512_unaligned
                0x0000000000000a10                __memcpy_chk_avx512_unaligned
                0x0000000000000a10                __memmove_chk_avx512_unaligned
                0x0000000000000a20                __memmove_avx512_unaligned
                0x0000000000000a20                __memcpy_avx512_unaligned
                0x0000000000000a60                __mempcpy_chk_avx512_unaligned_erms
                0x0000000000000a70                __mempcpy_avx512_unaligned_erms
                0x0000000000000a80                __memcpy_chk_avx512_unaligned_erms
                0x0000000000000a80                __memmove_chk_avx512_unaligned_erms
                0x0000000000000a90                __memmove_avx512_unaligned_erms
                0x0000000000000a90                __memcpy_avx512_unaligned_erms
 *fill*         0x0000000000000f6c        0x4 
 .text.avx512   0x0000000000000f70      0x201 /home/vraiti/ukl/ukl/glibc/rtld-build/libc_pic.a(memset-avx512-unaligned-erms.os)
                0x0000000000000f70                __wmemset_chk_avx512_unaligned
                0x0000000000000f80                __wmemset_avx512_unaligned
                0x0000000000000fa0                __memset_chk_avx512_unaligned
                0x0000000000000fb0                __memset_avx512_unaligned
                0x0000000000000ff0                __memset_avx512_erms
                0x0000000000001010                __memset_chk_avx512_unaligned_erms
                0x0000000000001020                __memset_avx512_unaligned_erms

.text.atom      0x0000000000000000     0x1a83
 .text.atom     0x0000000000000000      0x315 /home/vraiti/ukl/ukl/glibc/rtld-build/libc_pic.a(strchr-sse2-no-bsf.os)
                0x0000000000000000                __strchr_sse2_no_bsf
 *fill*         0x0000000000000315        0xb 
 .text.atom     0x0000000000000320     0x1763 /home/vraiti/ukl/ukl/glibc/rtld-build/libc_pic.a(memcmp-ssse3.os)
                0x0000000000000320                __memcmp_ssse3

.text.startup   0x0000000000000000      0x4c1
 .text.startup  0x0000000000000000      0x4c1 /home/vraiti/ukl/ukl/glibc/rtld-build/libc_pic.a(cacheinfo.os)

.fini
 *(SORT_NONE(.fini))

.rodata         0x0000000000000000     0x11a0
 *(.rodata)
 .rodata        0x0000000000000000      0xd04 /home/vraiti/ukl/ukl/glibc/rtld-build/elf/dl-allobjs.os
 *fill*         0x0000000000000d04        0x4 
 .rodata        0x0000000000000d08       0x40 /home/vraiti/ukl/ukl/glibc/rtld-build/libc_pic.a(strcmp-sse2.os)
 .rodata        0x0000000000000d48       0x40 /home/vraiti/ukl/ukl/glibc/rtld-build/libc_pic.a(strcmp-ssse3.os)
 .rodata        0x0000000000000d88       0x40 /home/vraiti/ukl/ukl/glibc/rtld-build/libc_pic.a(strncmp-sse2.os)
 .rodata        0x0000000000000dc8       0x40 /home/vraiti/ukl/ukl/glibc/rtld-build/libc_pic.a(strncmp-ssse3.os)
 .rodata        0x0000000000000e08       0x80 /home/vraiti/ukl/ukl/glibc/rtld-build/libc_pic.a(stpcpy-sse2-unaligned.os)
 *fill*         0x0000000000000e88        0x8 
 .rodata        0x0000000000000e90       0x1f /home/vraiti/ukl/ukl/glibc/rtld-build/libc_pic.a(varshift.os)
                0x0000000000000e90                ___m128i_shift_right
 *fill*         0x0000000000000eaf       0x11 
 .rodata        0x0000000000000ec0      0x2e0 /home/vraiti/ukl/ukl/glibc/rtld-build/libc_pic.a(cacheinfo.os)

.rodata.str1.1  0x0000000000000000      0xf40
 .rodata.str1.1
                0x0000000000000000      0xef3 /home/vraiti/ukl/ukl/glibc/rtld-build/elf/dl-allobjs.os
 .rodata.str1.1
                0x0000000000000ef3       0x14 /home/vraiti/ukl/ukl/glibc/rtld-build/libc_pic.a(check_fds.os)
 .rodata.str1.1
                0x0000000000000f07       0x39 /home/vraiti/ukl/ukl/glibc/rtld-build/libc_pic.a(cacheinfo.os)

.rodata.str1.8  0x0000000000000000     0x26d3
 .rodata.str1.8
                0x0000000000000000     0x26c1 /home/vraiti/ukl/ukl/glibc/rtld-build/elf/dl-allobjs.os
 *fill*         0x00000000000026c1        0x7 
 .rodata.str1.8
                0x00000000000026c8        0xb /home/vraiti/ukl/ukl/glibc/rtld-build/libc_pic.a(cacheinfo.os)

.rodata.str1.16
                0x0000000000000000      0x3c1
 .rodata.str1.16
                0x0000000000000000      0x3a6 /home/vraiti/ukl/ukl/glibc/rtld-build/elf/dl-allobjs.os
                0x0000000000000370                __GI__itoa_lower_digits
                0x0000000000000370                _itoa_lower_digits
 *fill*         0x00000000000003a6        0xa 
 .rodata.str1.16
                0x00000000000003b0       0x11 /home/vraiti/ukl/ukl/glibc/rtld-build/libc_pic.a(cacheinfo.os)

.rodata.cst16   0x0000000000000000       0x40
 .rodata.cst16  0x0000000000000000       0x40 /home/vraiti/ukl/ukl/glibc/rtld-build/elf/dl-allobjs.os

.rodata.cst4    0x0000000000000000        0x4
 .rodata.cst4   0x0000000000000000        0x4 /home/vraiti/ukl/ukl/glibc/rtld-build/elf/dl-allobjs.os

.rodata.str1.32
                0x0000000000000000       0x5b
 .rodata.str1.32
                0x0000000000000000       0x5b /home/vraiti/ukl/ukl/glibc/rtld-build/elf/dl-allobjs.os

.rodata.cst2    0x0000000000000000        0x4
 .rodata.cst2   0x0000000000000000        0x4 /home/vraiti/ukl/ukl/glibc/rtld-build/elf/dl-allobjs.os

.rodata.cst8    0x0000000000000000        0x8
 .rodata.cst8   0x0000000000000000        0x8 /home/vraiti/ukl/ukl/glibc/rtld-build/elf/dl-allobjs.os

.rodata.sse4.2  0x0000000000000000       0x40
 .rodata.sse4.2
                0x0000000000000000       0x40 /home/vraiti/ukl/ukl/glibc/rtld-build/libc_pic.a(strncmp-sse4_2.os)

.rodata.sse4.1  0x0000000000000000      0x140
 .rodata.sse4.1
                0x0000000000000000      0x140 /home/vraiti/ukl/ukl/glibc/rtld-build/libc_pic.a(memcmp-sse4.os)

.rodata.ssse3   0x0000000000000000      0xd80
 .rodata.ssse3  0x0000000000000000      0x1c0 /home/vraiti/ukl/ukl/glibc/rtld-build/libc_pic.a(memcpy-ssse3.os)
 .rodata.ssse3  0x00000000000001c0      0x1c0 /home/vraiti/ukl/ukl/glibc/rtld-build/libc_pic.a(memmove-ssse3.os)
 .rodata.ssse3  0x0000000000000380      0x500 /home/vraiti/ukl/ukl/glibc/rtld-build/libc_pic.a(memcpy-ssse3-back.os)
 .rodata.ssse3  0x0000000000000880      0x500 /home/vraiti/ukl/ukl/glibc/rtld-build/libc_pic.a(memmove-ssse3-back.os)

.rodata1
 *(.rodata1)

.eh_frame_hdr
 *(.eh_frame_hdr)

.eh_frame       0x0000000000000000     0x3fd4
 *(.eh_frame)
 .eh_frame      0x0000000000000000     0x26b8 /home/vraiti/ukl/ukl/glibc/rtld-build/elf/dl-allobjs.os
                                       0x270c (size before relaxing)
 *fill*         0x00000000000026b8        0x0 
 .eh_frame      0x00000000000026b8       0x68 /home/vraiti/ukl/ukl/glibc/rtld-build/libc_pic.a(check_fds.os)
 .eh_frame      0x0000000000002720       0x30 /home/vraiti/ukl/ukl/glibc/rtld-build/libc_pic.a(setjmp.os)
 .eh_frame      0x0000000000002750       0x48 /home/vraiti/ukl/ukl/glibc/rtld-build/libc_pic.a(__longjmp.os)
 .eh_frame      0x0000000000002798       0x48 /home/vraiti/ukl/ukl/glibc/rtld-build/libc_pic.a(scratch_buffer_set_array_size.os)
 .eh_frame      0x00000000000027e0       0x30 /home/vraiti/ukl/ukl/glibc/rtld-build/libc_pic.a(strchr.os)
 .eh_frame      0x0000000000002810       0x30 /home/vraiti/ukl/ukl/glibc/rtld-build/libc_pic.a(strcmp.os)
 .eh_frame      0x0000000000002840       0x30 /home/vraiti/ukl/ukl/glibc/rtld-build/libc_pic.a(strcspn.os)
 .eh_frame      0x0000000000002870       0x50 /home/vraiti/ukl/ukl/glibc/rtld-build/libc_pic.a(strdup.os)
 .eh_frame      0x00000000000028c0       0x30 /home/vraiti/ukl/ukl/glibc/rtld-build/libc_pic.a(strlen.os)
 .eh_frame      0x00000000000028f0       0x30 /home/vraiti/ukl/ukl/glibc/rtld-build/libc_pic.a(strnlen.os)
 .eh_frame      0x0000000000002920       0x30 /home/vraiti/ukl/ukl/glibc/rtld-build/libc_pic.a(strncmp.os)
 .eh_frame      0x0000000000002950       0x30 /home/vraiti/ukl/ukl/glibc/rtld-build/libc_pic.a(memchr.os)
 .eh_frame      0x0000000000002980       0x30 /home/vraiti/ukl/ukl/glibc/rtld-build/libc_pic.a(memcmp.os)
 .eh_frame      0x00000000000029b0       0x30 /home/vraiti/ukl/ukl/glibc/rtld-build/libc_pic.a(memmove.os)
 .eh_frame      0x00000000000029e0       0x30 /home/vraiti/ukl/ukl/glibc/rtld-build/libc_pic.a(memset.os)
 .eh_frame      0x0000000000002a10       0x30 /home/vraiti/ukl/ukl/glibc/rtld-build/libc_pic.a(mempcpy.os)
 .eh_frame      0x0000000000002a40       0x30 /home/vraiti/ukl/ukl/glibc/rtld-build/libc_pic.a(stpcpy.os)
 .eh_frame      0x0000000000002a70       0x30 /home/vraiti/ukl/ukl/glibc/rtld-build/libc_pic.a(memcpy.os)
 .eh_frame      0x0000000000002aa0       0x30 /home/vraiti/ukl/ukl/glibc/rtld-build/libc_pic.a(rawmemchr.os)
 .eh_frame      0x0000000000002ad0       0x30 /home/vraiti/ukl/ukl/glibc/rtld-build/libc_pic.a(strcmp-sse2.os)
 .eh_frame      0x0000000000002b00       0x30 /home/vraiti/ukl/ukl/glibc/rtld-build/libc_pic.a(strcmp-sse2-unaligned.os)
 .eh_frame      0x0000000000002b30       0x30 /home/vraiti/ukl/ukl/glibc/rtld-build/libc_pic.a(strcmp-ssse3.os)
 .eh_frame      0x0000000000002b60       0x30 /home/vraiti/ukl/ukl/glibc/rtld-build/libc_pic.a(strcmp-avx2.os)
 .eh_frame      0x0000000000002b90       0x30 /home/vraiti/ukl/ukl/glibc/rtld-build/libc_pic.a(strncmp-sse2.os)
 .eh_frame      0x0000000000002bc0       0x30 /home/vraiti/ukl/ukl/glibc/rtld-build/libc_pic.a(strncmp-ssse3.os)
 .eh_frame      0x0000000000002bf0       0x30 /home/vraiti/ukl/ukl/glibc/rtld-build/libc_pic.a(strncmp-sse4_2.os)
 .eh_frame      0x0000000000002c20       0x30 /home/vraiti/ukl/ukl/glibc/rtld-build/libc_pic.a(strncmp-avx2.os)
 .eh_frame      0x0000000000002c50       0x30 /home/vraiti/ukl/ukl/glibc/rtld-build/libc_pic.a(memchr-sse2.os)
 .eh_frame      0x0000000000002c80       0x30 /home/vraiti/ukl/ukl/glibc/rtld-build/libc_pic.a(rawmemchr-sse2.os)
 .eh_frame      0x0000000000002cb0       0x30 /home/vraiti/ukl/ukl/glibc/rtld-build/libc_pic.a(memchr-avx2.os)
 .eh_frame      0x0000000000002ce0       0x30 /home/vraiti/ukl/ukl/glibc/rtld-build/libc_pic.a(rawmemchr-avx2.os)
 .eh_frame      0x0000000000002d10       0x30 /home/vraiti/ukl/ukl/glibc/rtld-build/libc_pic.a(memcmp-sse2.os)
 .eh_frame      0x0000000000002d40       0x30 /home/vraiti/ukl/ukl/glibc/rtld-build/libc_pic.a(memcmp-avx2-movbe.os)
 .eh_frame      0x0000000000002d70       0x30 /home/vraiti/ukl/ukl/glibc/rtld-build/libc_pic.a(memcmp-sse4.os)
 .eh_frame      0x0000000000002da0       0x68 /home/vraiti/ukl/ukl/glibc/rtld-build/libc_pic.a(memcpy-ssse3.os)
 .eh_frame      0x0000000000002e08       0x40 /home/vraiti/ukl/ukl/glibc/rtld-build/libc_pic.a(memmove-ssse3.os)
 .eh_frame      0x0000000000002e48       0x68 /home/vraiti/ukl/ukl/glibc/rtld-build/libc_pic.a(memcpy-ssse3-back.os)
 .eh_frame      0x0000000000002eb0       0x40 /home/vraiti/ukl/ukl/glibc/rtld-build/libc_pic.a(memmove-ssse3-back.os)
 .eh_frame      0x0000000000002ef0       0x68 /home/vraiti/ukl/ukl/glibc/rtld-build/libc_pic.a(memmove-avx512-no-vzeroupper.os)
 .eh_frame      0x0000000000002f58       0x30 /home/vraiti/ukl/ukl/glibc/rtld-build/libc_pic.a(strchr-sse2.os)
 .eh_frame      0x0000000000002f88       0x30 /home/vraiti/ukl/ukl/glibc/rtld-build/libc_pic.a(strchr-avx2.os)
 .eh_frame      0x0000000000002fb8       0x30 /home/vraiti/ukl/ukl/glibc/rtld-build/libc_pic.a(strlen-sse2.os)
 .eh_frame      0x0000000000002fe8       0x30 /home/vraiti/ukl/ukl/glibc/rtld-build/libc_pic.a(strnlen-sse2.os)
 .eh_frame      0x0000000000003018       0x30 /home/vraiti/ukl/ukl/glibc/rtld-build/libc_pic.a(strlen-avx2.os)
 .eh_frame      0x0000000000003048       0x30 /home/vraiti/ukl/ukl/glibc/rtld-build/libc_pic.a(strnlen-avx2.os)
 .eh_frame      0x0000000000003078       0x30 /home/vraiti/ukl/ukl/glibc/rtld-build/libc_pic.a(stpcpy-sse2.os)
 .eh_frame      0x00000000000030a8       0x30 /home/vraiti/ukl/ukl/glibc/rtld-build/libc_pic.a(stpcpy-ssse3.os)
 .eh_frame      0x00000000000030d8       0x30 /home/vraiti/ukl/ukl/glibc/rtld-build/libc_pic.a(stpcpy-sse2-unaligned.os)
 .eh_frame      0x0000000000003108       0x30 /home/vraiti/ukl/ukl/glibc/rtld-build/libc_pic.a(stpcpy-avx2.os)
 .eh_frame      0x0000000000003138       0x30 /home/vraiti/ukl/ukl/glibc/rtld-build/libc_pic.a(strchr-sse2-no-bsf.os)
 .eh_frame      0x0000000000003168       0x30 /home/vraiti/ukl/ukl/glibc/rtld-build/libc_pic.a(memcmp-ssse3.os)
 .eh_frame      0x0000000000003198       0x38 /home/vraiti/ukl/ukl/glibc/rtld-build/libc_pic.a(strcspn-sse2.os)
 .eh_frame      0x00000000000031d0       0x30 /home/vraiti/ukl/ukl/glibc/rtld-build/libc_pic.a(strcspn-c.os)
 .eh_frame      0x0000000000003200       0x40 /home/vraiti/ukl/ukl/glibc/rtld-build/libc_pic.a(memset-avx512-no-vzeroupper.os)
 .eh_frame      0x0000000000003240      0x108 /home/vraiti/ukl/ukl/glibc/rtld-build/libc_pic.a(memmove-sse2-unaligned-erms.os)
 .eh_frame      0x0000000000003348       0xb8 /home/vraiti/ukl/ukl/glibc/rtld-build/libc_pic.a(memmove-avx-unaligned-erms.os)
 .eh_frame      0x0000000000003400       0xb8 /home/vraiti/ukl/ukl/glibc/rtld-build/libc_pic.a(memmove-avx512-unaligned-erms.os)
 .eh_frame      0x00000000000034b8       0xd0 /home/vraiti/ukl/ukl/glibc/rtld-build/libc_pic.a(memset-sse2-unaligned-erms.os)
 .eh_frame      0x0000000000003588       0xa8 /home/vraiti/ukl/ukl/glibc/rtld-build/libc_pic.a(memset-avx2-unaligned-erms.os)
 .eh_frame      0x0000000000003630       0xa8 /home/vraiti/ukl/ukl/glibc/rtld-build/libc_pic.a(memset-avx512-unaligned-erms.os)
 .eh_frame      0x00000000000036d8      0x1c8 /home/vraiti/ukl/ukl/glibc/rtld-build/libc_pic.a(cacheinfo.os)
 .eh_frame      0x00000000000038a0       0x38 /home/vraiti/ukl/ukl/glibc/rtld-build/libc_pic.a(closedir.os)
 .eh_frame      0x00000000000038d8       0x48 /home/vraiti/ukl/ukl/glibc/rtld-build/libc_pic.a(rewinddir.os)
 .eh_frame      0x0000000000003920       0x60 /home/vraiti/ukl/ukl/glibc/rtld-build/libc_pic.a(readdir64.os)
 .eh_frame      0x0000000000003980       0x48 /home/vraiti/ukl/ukl/glibc/rtld-build/libc_pic.a(fdopendir.os)
 .eh_frame      0x00000000000039c8       0x30 /home/vraiti/ukl/ukl/glibc/rtld-build/libc_pic.a(uname.os)
 .eh_frame      0x00000000000039f8       0x30 /home/vraiti/ukl/ukl/glibc/rtld-build/libc_pic.a(_exit.os)
 .eh_frame      0x0000000000003a28       0x30 /home/vraiti/ukl/ukl/glibc/rtld-build/libc_pic.a(getpid.os)
 .eh_frame      0x0000000000003a58       0x30 /home/vraiti/ukl/ukl/glibc/rtld-build/libc_pic.a(xstat.os)
 .eh_frame      0x0000000000003a88       0x30 /home/vraiti/ukl/ukl/glibc/rtld-build/libc_pic.a(fxstat.os)
 .eh_frame      0x0000000000003ab8       0x30 /home/vraiti/ukl/ukl/glibc/rtld-build/libc_pic.a(lxstat.os)
 .eh_frame      0x0000000000003ae8       0x30 /home/vraiti/ukl/ukl/glibc/rtld-build/libc_pic.a(lseek64.os)
 .eh_frame      0x0000000000003b18       0x30 /home/vraiti/ukl/ukl/glibc/rtld-build/libc_pic.a(access.os)
 .eh_frame      0x0000000000003b48       0x30 /home/vraiti/ukl/ukl/glibc/rtld-build/libc_pic.a(close_nocancel.os)
 .eh_frame      0x0000000000003b78       0x50 /home/vraiti/ukl/ukl/glibc/rtld-build/libc_pic.a(fcntl_nocancel.os)
 .eh_frame      0x0000000000003bc8       0x38 /home/vraiti/ukl/ukl/glibc/rtld-build/libc_pic.a(open64_nocancel.os)
 .eh_frame      0x0000000000003c00       0x38 /home/vraiti/ukl/ukl/glibc/rtld-build/libc_pic.a(openat64_nocancel.os)
 .eh_frame      0x0000000000003c38       0x30 /home/vraiti/ukl/ukl/glibc/rtld-build/libc_pic.a(read_nocancel.os)
 .eh_frame      0x0000000000003c68       0x30 /home/vraiti/ukl/ukl/glibc/rtld-build/libc_pic.a(pread64_nocancel.os)
 .eh_frame      0x0000000000003c98       0x30 /home/vraiti/ukl/ukl/glibc/rtld-build/libc_pic.a(write_nocancel.os)
 .eh_frame      0x0000000000003cc8       0x48 /home/vraiti/ukl/ukl/glibc/rtld-build/libc_pic.a(mmap64.os)
 .eh_frame      0x0000000000003d10       0x30 /home/vraiti/ukl/ukl/glibc/rtld-build/libc_pic.a(munmap.os)
 .eh_frame      0x0000000000003d40       0x30 /home/vraiti/ukl/ukl/glibc/rtld-build/libc_pic.a(mprotect.os)
 .eh_frame      0x0000000000003d70       0x98 /home/vraiti/ukl/ukl/glibc/rtld-build/libc_pic.a(profil.os)
 .eh_frame      0x0000000000003e08       0x30 /home/vraiti/ukl/ukl/glibc/rtld-build/libc_pic.a(prof-freq.os)
 .eh_frame      0x0000000000003e38       0x30 /home/vraiti/ukl/ukl/glibc/rtld-build/libc_pic.a(dl-addr-obj.os)
 .eh_frame      0x0000000000003e68       0xe0 /home/vraiti/ukl/ukl/glibc/rtld-build/libc_pic.a(sigaction.os)
                                         0xe8 (size before relaxing)
 .eh_frame      0x0000000000003f48       0x30 /home/vraiti/ukl/ukl/glibc/rtld-build/libc_pic.a(libc-lowlevellock.os)
 .eh_frame      0x0000000000003f78       0x30 /home/vraiti/ukl/ukl/glibc/rtld-build/libc_pic.a(setitimer.os)
 .eh_frame      0x0000000000003fa8       0x2c /home/vraiti/ukl/ukl/glibc/rtld-build/libc_pic.a(getdents64.os)
                                         0x30 (size before relaxing)

.sframe
 *(.sframe)

.gcc_except_table
 *(.gcc_except_table)

.gnu_extab
 *(.gnu_extab*)

.exception_ranges
 *(.exception_ranges)

.eh_frame
 *(.eh_frame)

.sframe
 *(.sframe)

.gnu_extab
 *(.gnu_extab)

.gcc_except_table
 *(.gcc_except_table)

.exception_ranges
 *(.exception_ranges)

.tdata
 *(.tdata)

.tbss           0x0000000000000000        0x4
 *(.tbss)
 .tbss          0x0000000000000000        0x4 /home/vraiti/ukl/ukl/glibc/rtld-build/libc_pic.a(errno.os)
                0x0000000000000000                errno
                0x0000000000000000                __libc_errno

.jcr
 *(.jcr)

.dynamic
 *(.dynamic)

.got
 *(.got)

.got.plt
 *(.got.plt)

.data           0x0000000000000000      0xfd8
 *(.data)
 .data          0x0000000000000000      0xf98 /home/vraiti/ukl/ukl/glibc/rtld-build/elf/dl-allobjs.os
                0x0000000000000000                _rtld_global
                0x0000000000000000                _rtld_local
 .data          0x0000000000000f98        0x0 /home/vraiti/ukl/ukl/glibc/rtld-build/libc_pic.a(check_fds.os)
 .data          0x0000000000000f98        0x0 /home/vraiti/ukl/ukl/glibc/rtld-build/libc_pic.a(errno.os)
 .data          0x0000000000000f98        0x0 /home/vraiti/ukl/ukl/glibc/rtld-build/libc_pic.a(setjmp.os)
 .data          0x0000000000000f98        0x0 /home/vraiti/ukl/ukl/glibc/rtld-build/libc_pic.a(__longjmp.os)
 .data          0x0000000000000f98        0x0 /home/vraiti/ukl/ukl/glibc/rtld-build/libc_pic.a(scratch_buffer_set_array_size.os)
 .data          0x0000000000000f98        0x0 /home/vraiti/ukl/ukl/glibc/rtld-build/libc_pic.a(strchr.os)
 .data          0x0000000000000f98        0x0 /home/vraiti/ukl/ukl/glibc/rtld-build/libc_pic.a(strcmp.os)
 .data          0x0000000000000f98        0x0 /home/vraiti/ukl/ukl/glibc/rtld-build/libc_pic.a(strcspn.os)
 .data          0x0000000000000f98        0x0 /home/vraiti/ukl/ukl/glibc/rtld-build/libc_pic.a(strdup.os)
 .data          0x0000000000000f98        0x0 /home/vraiti/ukl/ukl/glibc/rtld-build/libc_pic.a(strlen.os)
 .data          0x0000000000000f98        0x0 /home/vraiti/ukl/ukl/glibc/rtld-build/libc_pic.a(strnlen.os)
 .data          0x0000000000000f98        0x0 /home/vraiti/ukl/ukl/glibc/rtld-build/libc_pic.a(strncmp.os)
 .data          0x0000000000000f98        0x0 /home/vraiti/ukl/ukl/glibc/rtld-build/libc_pic.a(memchr.os)
 .data          0x0000000000000f98        0x0 /home/vraiti/ukl/ukl/glibc/rtld-build/libc_pic.a(memcmp.os)
 .data          0x0000000000000f98        0x0 /home/vraiti/ukl/ukl/glibc/rtld-build/libc_pic.a(memmove.os)
 .data          0x0000000000000f98        0x0 /home/vraiti/ukl/ukl/glibc/rtld-build/libc_pic.a(memset.os)
 .data          0x0000000000000f98        0x0 /home/vraiti/ukl/ukl/glibc/rtld-build/libc_pic.a(mempcpy.os)
 .data          0x0000000000000f98        0x0 /home/vraiti/ukl/ukl/glibc/rtld-build/libc_pic.a(stpcpy.os)
 .data          0x0000000000000f98        0x0 /home/vraiti/ukl/ukl/glibc/rtld-build/libc_pic.a(memcpy.os)
 .data          0x0000000000000f98        0x0 /home/vraiti/ukl/ukl/glibc/rtld-build/libc_pic.a(rawmemchr.os)
 .data          0x0000000000000f98        0x0 /home/vraiti/ukl/ukl/glibc/rtld-build/libc_pic.a(strcmp-sse2.os)
 .data          0x0000000000000f98        0x0 /home/vraiti/ukl/ukl/glibc/rtld-build/libc_pic.a(strcmp-sse2-unaligned.os)
 .data          0x0000000000000f98        0x0 /home/vraiti/ukl/ukl/glibc/rtld-build/libc_pic.a(strcmp-ssse3.os)
 .data          0x0000000000000f98        0x0 /home/vraiti/ukl/ukl/glibc/rtld-build/libc_pic.a(strcmp-avx2.os)
 .data          0x0000000000000f98        0x0 /home/vraiti/ukl/ukl/glibc/rtld-build/libc_pic.a(strncmp-sse2.os)
 .data          0x0000000000000f98        0x0 /home/vraiti/ukl/ukl/glibc/rtld-build/libc_pic.a(strncmp-ssse3.os)
 .data          0x0000000000000f98        0x0 /home/vraiti/ukl/ukl/glibc/rtld-build/libc_pic.a(strncmp-sse4_2.os)
 .data          0x0000000000000f98        0x0 /home/vraiti/ukl/ukl/glibc/rtld-build/libc_pic.a(strncmp-avx2.os)
 .data          0x0000000000000f98        0x0 /home/vraiti/ukl/ukl/glibc/rtld-build/libc_pic.a(memchr-sse2.os)
 .data          0x0000000000000f98        0x0 /home/vraiti/ukl/ukl/glibc/rtld-build/libc_pic.a(rawmemchr-sse2.os)
 .data          0x0000000000000f98        0x0 /home/vraiti/ukl/ukl/glibc/rtld-build/libc_pic.a(memchr-avx2.os)
 .data          0x0000000000000f98        0x0 /home/vraiti/ukl/ukl/glibc/rtld-build/libc_pic.a(rawmemchr-avx2.os)
 .data          0x0000000000000f98        0x0 /home/vraiti/ukl/ukl/glibc/rtld-build/libc_pic.a(memcmp-sse2.os)
 .data          0x0000000000000f98        0x0 /home/vraiti/ukl/ukl/glibc/rtld-build/libc_pic.a(memcmp-avx2-movbe.os)
 .data          0x0000000000000f98        0x0 /home/vraiti/ukl/ukl/glibc/rtld-build/libc_pic.a(memcmp-sse4.os)
 .data          0x0000000000000f98        0x0 /home/vraiti/ukl/ukl/glibc/rtld-build/libc_pic.a(memcpy-ssse3.os)
 .data          0x0000000000000f98        0x0 /home/vraiti/ukl/ukl/glibc/rtld-build/libc_pic.a(memmove-ssse3.os)
 .data          0x0000000000000f98        0x0 /home/vraiti/ukl/ukl/glibc/rtld-build/libc_pic.a(memcpy-ssse3-back.os)
 .data          0x0000000000000f98        0x0 /home/vraiti/ukl/ukl/glibc/rtld-build/libc_pic.a(memmove-ssse3-back.os)
 .data          0x0000000000000f98        0x0 /home/vraiti/ukl/ukl/glibc/rtld-build/libc_pic.a(memmove-avx512-no-vzeroupper.os)
 .data          0x0000000000000f98        0x0 /home/vraiti/ukl/ukl/glibc/rtld-build/libc_pic.a(strchr-sse2.os)
 .data          0x0000000000000f98        0x0 /home/vraiti/ukl/ukl/glibc/rtld-build/libc_pic.a(strchr-avx2.os)
 .data          0x0000000000000f98        0x0 /home/vraiti/ukl/ukl/glibc/rtld-build/libc_pic.a(strlen-sse2.os)
 .data          0x0000000000000f98        0x0 /home/vraiti/ukl/ukl/glibc/rtld-build/libc_pic.a(strnlen-sse2.os)
 .data          0x0000000000000f98        0x0 /home/vraiti/ukl/ukl/glibc/rtld-build/libc_pic.a(strlen-avx2.os)
 .data          0x0000000000000f98        0x0 /home/vraiti/ukl/ukl/glibc/rtld-build/libc_pic.a(strnlen-avx2.os)
 .data          0x0000000000000f98        0x0 /home/vraiti/ukl/ukl/glibc/rtld-build/libc_pic.a(stpcpy-sse2.os)
 .data          0x0000000000000f98        0x0 /home/vraiti/ukl/ukl/glibc/rtld-build/libc_pic.a(stpcpy-ssse3.os)
 .data          0x0000000000000f98        0x0 /home/vraiti/ukl/ukl/glibc/rtld-build/libc_pic.a(stpcpy-sse2-unaligned.os)
 .data          0x0000000000000f98        0x0 /home/vraiti/ukl/ukl/glibc/rtld-build/libc_pic.a(stpcpy-avx2.os)
 .data          0x0000000000000f98        0x0 /home/vraiti/ukl/ukl/glibc/rtld-build/libc_pic.a(strchr-sse2-no-bsf.os)
 .data          0x0000000000000f98        0x0 /home/vraiti/ukl/ukl/glibc/rtld-build/libc_pic.a(memcmp-ssse3.os)
 .data          0x0000000000000f98        0x0 /home/vraiti/ukl/ukl/glibc/rtld-build/libc_pic.a(strcspn-sse2.os)
 .data          0x0000000000000f98        0x0 /home/vraiti/ukl/ukl/glibc/rtld-build/libc_pic.a(strcspn-c.os)
 .data          0x0000000000000f98        0x0 /home/vraiti/ukl/ukl/glibc/rtld-build/libc_pic.a(varshift.os)
 .data          0x0000000000000f98        0x0 /home/vraiti/ukl/ukl/glibc/rtld-build/libc_pic.a(memset-avx512-no-vzeroupper.os)
 .data          0x0000000000000f98        0x0 /home/vraiti/ukl/ukl/glibc/rtld-build/libc_pic.a(memmove-sse2-unaligned-erms.os)
 .data          0x0000000000000f98        0x0 /home/vraiti/ukl/ukl/glibc/rtld-build/libc_pic.a(memmove-avx-unaligned-erms.os)
 .data          0x0000000000000f98        0x0 /home/vraiti/ukl/ukl/glibc/rtld-build/libc_pic.a(memmove-avx512-unaligned-erms.os)
 .data          0x0000000000000f98        0x0 /home/vraiti/ukl/ukl/glibc/rtld-build/libc_pic.a(memset-sse2-unaligned-erms.os)
 .data          0x0000000000000f98        0x0 /home/vraiti/ukl/ukl/glibc/rtld-build/libc_pic.a(memset-avx2-unaligned-erms.os)
 .data          0x0000000000000f98        0x0 /home/vraiti/ukl/ukl/glibc/rtld-build/libc_pic.a(memset-avx512-unaligned-erms.os)
 .data          0x0000000000000f98       0x40 /home/vraiti/ukl/ukl/glibc/rtld-build/libc_pic.a(cacheinfo.os)
                0x0000000000000f98                __x86_raw_shared_cache_size
                0x0000000000000fa0                __x86_raw_shared_cache_size_half
                0x0000000000000fa8                __x86_shared_cache_size
                0x0000000000000fb0                __x86_shared_cache_size_half
                0x0000000000000fb8                __x86_raw_data_cache_size
                0x0000000000000fc0                __x86_raw_data_cache_size_half
                0x0000000000000fc8                __x86_data_cache_size
                0x0000000000000fd0                __x86_data_cache_size_half
 .data          0x0000000000000fd8        0x0 /home/vraiti/ukl/ukl/glibc/rtld-build/libc_pic.a(closedir.os)
 .data          0x0000000000000fd8        0x0 /home/vraiti/ukl/ukl/glibc/rtld-build/libc_pic.a(rewinddir.os)
 .data          0x0000000000000fd8        0x0 /home/vraiti/ukl/ukl/glibc/rtld-build/libc_pic.a(readdir64.os)
 .data          0x0000000000000fd8        0x0 /home/vraiti/ukl/ukl/glibc/rtld-build/libc_pic.a(fdopendir.os)
 .data          0x0000000000000fd8        0x0 /home/vraiti/ukl/ukl/glibc/rtld-build/libc_pic.a(uname.os)
 .data          0x0000000000000fd8        0x0 /home/vraiti/ukl/ukl/glibc/rtld-build/libc_pic.a(_exit.os)
 .data          0x0000000000000fd8        0x0 /home/vraiti/ukl/ukl/glibc/rtld-build/libc_pic.a(getpid.os)
 .data          0x0000000000000fd8        0x0 /home/vraiti/ukl/ukl/glibc/rtld-build/libc_pic.a(environ.os)
 .data          0x0000000000000fd8        0x0 /home/vraiti/ukl/ukl/glibc/rtld-build/libc_pic.a(xstat.os)
 .data          0x0000000000000fd8        0x0 /home/vraiti/ukl/ukl/glibc/rtld-build/libc_pic.a(fxstat.os)
 .data          0x0000000000000fd8        0x0 /home/vraiti/ukl/ukl/glibc/rtld-build/libc_pic.a(lxstat.os)
 .data          0x0000000000000fd8        0x0 /home/vraiti/ukl/ukl/glibc/rtld-build/libc_pic.a(lseek64.os)
 .data          0x0000000000000fd8        0x0 /home/vraiti/ukl/ukl/glibc/rtld-build/libc_pic.a(access.os)
 .data          0x0000000000000fd8        0x0 /home/vraiti/ukl/ukl/glibc/rtld-build/libc_pic.a(close_nocancel.os)
 .data          0x0000000000000fd8        0x0 /home/vraiti/ukl/ukl/glibc/rtld-build/libc_pic.a(fcntl_nocancel.os)
 .data          0x0000000000000fd8        0x0 /home/vraiti/ukl/ukl/glibc/rtld-build/libc_pic.a(open64_nocancel.os)
 .data          0x0000000000000fd8        0x0 /home/vraiti/ukl/ukl/glibc/rtld-build/libc_pic.a(openat64_nocancel.os)
 .data          0x0000000000000fd8        0x0 /home/vraiti/ukl/ukl/glibc/rtld-build/libc_pic.a(read_nocancel.os)
 .data          0x0000000000000fd8        0x0 /home/vraiti/ukl/ukl/glibc/rtld-build/libc_pic.a(pread64_nocancel.os)
 .data          0x0000000000000fd8        0x0 /home/vraiti/ukl/ukl/glibc/rtld-build/libc_pic.a(write_nocancel.os)
 .data          0x0000000000000fd8        0x0 /home/vraiti/ukl/ukl/glibc/rtld-build/libc_pic.a(mmap64.os)
 .data          0x0000000000000fd8        0x0 /home/vraiti/ukl/ukl/glibc/rtld-build/libc_pic.a(munmap.os)
 .data          0x0000000000000fd8        0x0 /home/vraiti/ukl/ukl/glibc/rtld-build/libc_pic.a(mprotect.os)
 .data          0x0000000000000fd8        0x0 /home/vraiti/ukl/ukl/glibc/rtld-build/libc_pic.a(profil.os)
 .data          0x0000000000000fd8        0x0 /home/vraiti/ukl/ukl/glibc/rtld-build/libc_pic.a(prof-freq.os)
 .data          0x0000000000000fd8        0x0 /home/vraiti/ukl/ukl/glibc/rtld-build/libc_pic.a(dl-addr-obj.os)
 .data          0x0000000000000fd8        0x0 /home/vraiti/ukl/ukl/glibc/rtld-build/libc_pic.a(sigaction.os)
 .data          0x0000000000000fd8        0x0 /home/vraiti/ukl/ukl/glibc/rtld-build/libc_pic.a(libc-lowlevellock.os)
 .data          0x0000000000000fd8        0x0 /home/vraiti/ukl/ukl/glibc/rtld-build/libc_pic.a(setitimer.os)
 .data          0x0000000000000fd8        0x0 /home/vraiti/ukl/ukl/glibc/rtld-build/libc_pic.a(getdents64.os)

.data.rel.ro    0x0000000000000000      0x37c
 .data.rel.ro   0x0000000000000000      0x37c /home/vraiti/ukl/ukl/glibc/rtld-build/elf/dl-allobjs.os
                0x00000000000000d0                __pointer_chk_guard_local
                0x00000000000000d8                _dl_skip_args
                0x00000000000000e0                __GI__dl_argv
                0x00000000000000e0                _dl_argv
                0x00000000000000e8                _dl_argc
                0x0000000000000100                _rtld_global_ro
                0x0000000000000100                _rtld_local_ro
                0x0000000000000360                __stack_prot
                0x0000000000000368                _dl_random
                0x0000000000000370                __libc_stack_end
                0x0000000000000370                __GI___libc_stack_end
                0x0000000000000378                __GI___libc_enable_secure
                0x0000000000000378                __libc_enable_secure

.init_array     0x0000000000000000        0x8
 .init_array    0x0000000000000000        0x8 /home/vraiti/ukl/ukl/glibc/rtld-build/libc_pic.a(cacheinfo.os)

.data1
 *(.data1)

.bss            0x0000000000000000      0x260
 *(.bss)
 .bss           0x0000000000000000      0x168 /home/vraiti/ukl/ukl/glibc/rtld-build/elf/dl-allobjs.os
                0x0000000000000000                audit_list_string
                0x00000000000000a0                _r_debug
                0x0000000000000130                __libc_multiple_libcs
                0x0000000000000160                __curbrk
 .bss           0x0000000000000168        0x0 /home/vraiti/ukl/ukl/glibc/rtld-build/libc_pic.a(check_fds.os)
 .bss           0x0000000000000168        0x0 /home/vraiti/ukl/ukl/glibc/rtld-build/libc_pic.a(errno.os)
 .bss           0x0000000000000168        0x0 /home/vraiti/ukl/ukl/glibc/rtld-build/libc_pic.a(setjmp.os)
 .bss           0x0000000000000168        0x0 /home/vraiti/ukl/ukl/glibc/rtld-build/libc_pic.a(__longjmp.os)
 .bss           0x0000000000000168        0x0 /home/vraiti/ukl/ukl/glibc/rtld-build/libc_pic.a(scratch_buffer_set_array_size.os)
 .bss           0x0000000000000168        0x0 /home/vraiti/ukl/ukl/glibc/rtld-build/libc_pic.a(strchr.os)
 .bss           0x0000000000000168        0x0 /home/vraiti/ukl/ukl/glibc/rtld-build/libc_pic.a(strcmp.os)
 .bss           0x0000000000000168        0x0 /home/vraiti/ukl/ukl/glibc/rtld-build/libc_pic.a(strcspn.os)
 .bss           0x0000000000000168        0x0 /home/vraiti/ukl/ukl/glibc/rtld-build/libc_pic.a(strdup.os)
 .bss           0x0000000000000168        0x0 /home/vraiti/ukl/ukl/glibc/rtld-build/libc_pic.a(strlen.os)
 .bss           0x0000000000000168        0x0 /home/vraiti/ukl/ukl/glibc/rtld-build/libc_pic.a(strnlen.os)
 .bss           0x0000000000000168        0x0 /home/vraiti/ukl/ukl/glibc/rtld-build/libc_pic.a(strncmp.os)
 .bss           0x0000000000000168        0x0 /home/vraiti/ukl/ukl/glibc/rtld-build/libc_pic.a(memchr.os)
 .bss           0x0000000000000168        0x0 /home/vraiti/ukl/ukl/glibc/rtld-build/libc_pic.a(memcmp.os)
 .bss           0x0000000000000168        0x0 /home/vraiti/ukl/ukl/glibc/rtld-build/libc_pic.a(memmove.os)
 .bss           0x0000000000000168        0x0 /home/vraiti/ukl/ukl/glibc/rtld-build/libc_pic.a(memset.os)
 .bss           0x0000000000000168        0x0 /home/vraiti/ukl/ukl/glibc/rtld-build/libc_pic.a(mempcpy.os)
 .bss           0x0000000000000168        0x0 /home/vraiti/ukl/ukl/glibc/rtld-build/libc_pic.a(stpcpy.os)
 .bss           0x0000000000000168        0x0 /home/vraiti/ukl/ukl/glibc/rtld-build/libc_pic.a(memcpy.os)
 .bss           0x0000000000000168        0x0 /home/vraiti/ukl/ukl/glibc/rtld-build/libc_pic.a(rawmemchr.os)
 .bss           0x0000000000000168        0x0 /home/vraiti/ukl/ukl/glibc/rtld-build/libc_pic.a(strcmp-sse2.os)
 .bss           0x0000000000000168        0x0 /home/vraiti/ukl/ukl/glibc/rtld-build/libc_pic.a(strcmp-sse2-unaligned.os)
 .bss           0x0000000000000168        0x0 /home/vraiti/ukl/ukl/glibc/rtld-build/libc_pic.a(strcmp-ssse3.os)
 .bss           0x0000000000000168        0x0 /home/vraiti/ukl/ukl/glibc/rtld-build/libc_pic.a(strcmp-avx2.os)
 .bss           0x0000000000000168        0x0 /home/vraiti/ukl/ukl/glibc/rtld-build/libc_pic.a(strncmp-sse2.os)
 .bss           0x0000000000000168        0x0 /home/vraiti/ukl/ukl/glibc/rtld-build/libc_pic.a(strncmp-ssse3.os)
 .bss           0x0000000000000168        0x0 /home/vraiti/ukl/ukl/glibc/rtld-build/libc_pic.a(strncmp-sse4_2.os)
 .bss           0x0000000000000168        0x0 /home/vraiti/ukl/ukl/glibc/rtld-build/libc_pic.a(strncmp-avx2.os)
 .bss           0x0000000000000168        0x0 /home/vraiti/ukl/ukl/glibc/rtld-build/libc_pic.a(memchr-sse2.os)
 .bss           0x0000000000000168        0x0 /home/vraiti/ukl/ukl/glibc/rtld-build/libc_pic.a(rawmemchr-sse2.os)
 .bss           0x0000000000000168        0x0 /home/vraiti/ukl/ukl/glibc/rtld-build/libc_pic.a(memchr-avx2.os)
 .bss           0x0000000000000168        0x0 /home/vraiti/ukl/ukl/glibc/rtld-build/libc_pic.a(rawmemchr-avx2.os)
 .bss           0x0000000000000168        0x0 /home/vraiti/ukl/ukl/glibc/rtld-build/libc_pic.a(memcmp-sse2.os)
 .bss           0x0000000000000168        0x0 /home/vraiti/ukl/ukl/glibc/rtld-build/libc_pic.a(memcmp-avx2-movbe.os)
 .bss           0x0000000000000168        0x0 /home/vraiti/ukl/ukl/glibc/rtld-build/libc_pic.a(memcmp-sse4.os)
 .bss           0x0000000000000168        0x0 /home/vraiti/ukl/ukl/glibc/rtld-build/libc_pic.a(memcpy-ssse3.os)
 .bss           0x0000000000000168        0x0 /home/vraiti/ukl/ukl/glibc/rtld-build/libc_pic.a(memmove-ssse3.os)
 .bss           0x0000000000000168        0x0 /home/vraiti/ukl/ukl/glibc/rtld-build/libc_pic.a(memcpy-ssse3-back.os)
 .bss           0x0000000000000168        0x0 /home/vraiti/ukl/ukl/glibc/rtld-build/libc_pic.a(memmove-ssse3-back.os)
 .bss           0x0000000000000168        0x0 /home/vraiti/ukl/ukl/glibc/rtld-build/libc_pic.a(memmove-avx512-no-vzeroupper.os)
 .bss           0x0000000000000168        0x0 /home/vraiti/ukl/ukl/glibc/rtld-build/libc_pic.a(strchr-sse2.os)
 .bss           0x0000000000000168        0x0 /home/vraiti/ukl/ukl/glibc/rtld-build/libc_pic.a(strchr-avx2.os)
 .bss           0x0000000000000168        0x0 /home/vraiti/ukl/ukl/glibc/rtld-build/libc_pic.a(strlen-sse2.os)
 .bss           0x0000000000000168        0x0 /home/vraiti/ukl/ukl/glibc/rtld-build/libc_pic.a(strnlen-sse2.os)
 .bss           0x0000000000000168        0x0 /home/vraiti/ukl/ukl/glibc/rtld-build/libc_pic.a(strlen-avx2.os)
 .bss           0x0000000000000168        0x0 /home/vraiti/ukl/ukl/glibc/rtld-build/libc_pic.a(strnlen-avx2.os)
 .bss           0x0000000000000168        0x0 /home/vraiti/ukl/ukl/glibc/rtld-build/libc_pic.a(stpcpy-sse2.os)
 .bss           0x0000000000000168        0x0 /home/vraiti/ukl/ukl/glibc/rtld-build/libc_pic.a(stpcpy-ssse3.os)
 .bss           0x0000000000000168        0x0 /home/vraiti/ukl/ukl/glibc/rtld-build/libc_pic.a(stpcpy-sse2-unaligned.os)
 .bss           0x0000000000000168        0x0 /home/vraiti/ukl/ukl/glibc/rtld-build/libc_pic.a(stpcpy-avx2.os)
 .bss           0x0000000000000168        0x0 /home/vraiti/ukl/ukl/glibc/rtld-build/libc_pic.a(strchr-sse2-no-bsf.os)
 .bss           0x0000000000000168        0x0 /home/vraiti/ukl/ukl/glibc/rtld-build/libc_pic.a(memcmp-ssse3.os)
 .bss           0x0000000000000168        0x0 /home/vraiti/ukl/ukl/glibc/rtld-build/libc_pic.a(strcspn-sse2.os)
 .bss           0x0000000000000168        0x0 /home/vraiti/ukl/ukl/glibc/rtld-build/libc_pic.a(strcspn-c.os)
 .bss           0x0000000000000168        0x0 /home/vraiti/ukl/ukl/glibc/rtld-build/libc_pic.a(varshift.os)
 .bss           0x0000000000000168        0x0 /home/vraiti/ukl/ukl/glibc/rtld-build/libc_pic.a(memset-avx512-no-vzeroupper.os)
 .bss           0x0000000000000168        0x0 /home/vraiti/ukl/ukl/glibc/rtld-build/libc_pic.a(memmove-sse2-unaligned-erms.os)
 .bss           0x0000000000000168        0x0 /home/vraiti/ukl/ukl/glibc/rtld-build/libc_pic.a(memmove-avx-unaligned-erms.os)
 .bss           0x0000000000000168        0x0 /home/vraiti/ukl/ukl/glibc/rtld-build/libc_pic.a(memmove-avx512-unaligned-erms.os)
 .bss           0x0000000000000168        0x0 /home/vraiti/ukl/ukl/glibc/rtld-build/libc_pic.a(memset-sse2-unaligned-erms.os)
 .bss           0x0000000000000168        0x0 /home/vraiti/ukl/ukl/glibc/rtld-build/libc_pic.a(memset-avx2-unaligned-erms.os)
 .bss           0x0000000000000168        0x0 /home/vraiti/ukl/ukl/glibc/rtld-build/libc_pic.a(memset-avx512-unaligned-erms.os)
 .bss           0x0000000000000168       0x10 /home/vraiti/ukl/ukl/glibc/rtld-build/libc_pic.a(cacheinfo.os)
                0x0000000000000168                __x86_prefetchw
                0x0000000000000170                __x86_shared_non_temporal_threshold
 .bss           0x0000000000000178        0x0 /home/vraiti/ukl/ukl/glibc/rtld-build/libc_pic.a(closedir.os)
 .bss           0x0000000000000178        0x0 /home/vraiti/ukl/ukl/glibc/rtld-build/libc_pic.a(rewinddir.os)
 .bss           0x0000000000000178        0x0 /home/vraiti/ukl/ukl/glibc/rtld-build/libc_pic.a(readdir64.os)
 .bss           0x0000000000000178        0x0 /home/vraiti/ukl/ukl/glibc/rtld-build/libc_pic.a(fdopendir.os)
 .bss           0x0000000000000178        0x0 /home/vraiti/ukl/ukl/glibc/rtld-build/libc_pic.a(uname.os)
 .bss           0x0000000000000178        0x0 /home/vraiti/ukl/ukl/glibc/rtld-build/libc_pic.a(_exit.os)
 .bss           0x0000000000000178        0x0 /home/vraiti/ukl/ukl/glibc/rtld-build/libc_pic.a(getpid.os)
 .bss           0x0000000000000178        0x8 /home/vraiti/ukl/ukl/glibc/rtld-build/libc_pic.a(environ.os)
                0x0000000000000178                _environ
                0x0000000000000178                __environ
                0x0000000000000178                environ
 .bss           0x0000000000000180        0x0 /home/vraiti/ukl/ukl/glibc/rtld-build/libc_pic.a(xstat.os)
 .bss           0x0000000000000180        0x0 /home/vraiti/ukl/ukl/glibc/rtld-build/libc_pic.a(fxstat.os)
 .bss           0x0000000000000180        0x0 /home/vraiti/ukl/ukl/glibc/rtld-build/libc_pic.a(lxstat.os)
 .bss           0x0000000000000180        0x0 /home/vraiti/ukl/ukl/glibc/rtld-build/libc_pic.a(lseek64.os)
 .bss           0x0000000000000180        0x0 /home/vraiti/ukl/ukl/glibc/rtld-build/libc_pic.a(access.os)
 .bss           0x0000000000000180        0x0 /home/vraiti/ukl/ukl/glibc/rtld-build/libc_pic.a(close_nocancel.os)
 .bss           0x0000000000000180        0x0 /home/vraiti/ukl/ukl/glibc/rtld-build/libc_pic.a(fcntl_nocancel.os)
 .bss           0x0000000000000180        0x0 /home/vraiti/ukl/ukl/glibc/rtld-build/libc_pic.a(open64_nocancel.os)
 .bss           0x0000000000000180        0x0 /home/vraiti/ukl/ukl/glibc/rtld-build/libc_pic.a(openat64_nocancel.os)
 .bss           0x0000000000000180        0x0 /home/vraiti/ukl/ukl/glibc/rtld-build/libc_pic.a(read_nocancel.os)
 .bss           0x0000000000000180        0x0 /home/vraiti/ukl/ukl/glibc/rtld-build/libc_pic.a(pread64_nocancel.os)
 .bss           0x0000000000000180        0x0 /home/vraiti/ukl/ukl/glibc/rtld-build/libc_pic.a(write_nocancel.os)
 .bss           0x0000000000000180        0x0 /home/vraiti/ukl/ukl/glibc/rtld-build/libc_pic.a(mmap64.os)
 .bss           0x0000000000000180        0x0 /home/vraiti/ukl/ukl/glibc/rtld-build/libc_pic.a(munmap.os)
 .bss           0x0000000000000180        0x0 /home/vraiti/ukl/ukl/glibc/rtld-build/libc_pic.a(mprotect.os)
 .bss           0x0000000000000180       0xe0 /home/vraiti/ukl/ukl/glibc/rtld-build/libc_pic.a(profil.os)
 .bss           0x0000000000000260        0x0 /home/vraiti/ukl/ukl/glibc/rtld-build/libc_pic.a(prof-freq.os)
 .bss           0x0000000000000260        0x0 /home/vraiti/ukl/ukl/glibc/rtld-build/libc_pic.a(dl-addr-obj.os)
 .bss           0x0000000000000260        0x0 /home/vraiti/ukl/ukl/glibc/rtld-build/libc_pic.a(sigaction.os)
 .bss           0x0000000000000260        0x0 /home/vraiti/ukl/ukl/glibc/rtld-build/libc_pic.a(libc-lowlevellock.os)
 .bss           0x0000000000000260        0x0 /home/vraiti/ukl/ukl/glibc/rtld-build/libc_pic.a(setitimer.os)
 .bss           0x0000000000000260        0x0 /home/vraiti/ukl/ukl/glibc/rtld-build/libc_pic.a(getdents64.os)

.lbss
 *(.lbss)

.lrodata
 *(.lrodata)

.ldata
 *(.ldata)

.stab
 *(.stab)

.stabstr
 *(.stabstr)

.stab.excl
 *(.stab.excl)

.stab.exclstr
 *(.stab.exclstr)

.stab.index
 *(.stab.index)

.stab.indexstr
 *(.stab.indexstr)

.comment        0x0000000000000000      0xae0
 *(.comment)
 .comment       0x0000000000000000      0x480 /home/vraiti/ukl/ukl/glibc/rtld-build/elf/dl-allobjs.os
 .comment       0x0000000000000480       0x20 /home/vraiti/ukl/ukl/glibc/rtld-build/libc_pic.a(check_fds.os)
 .comment       0x00000000000004a0       0x20 /home/vraiti/ukl/ukl/glibc/rtld-build/libc_pic.a(errno.os)
 .comment       0x00000000000004c0       0x20 /home/vraiti/ukl/ukl/glibc/rtld-build/libc_pic.a(scratch_buffer_set_array_size.os)
 .comment       0x00000000000004e0       0x20 /home/vraiti/ukl/ukl/glibc/rtld-build/libc_pic.a(strchr.os)
 .comment       0x0000000000000500       0x20 /home/vraiti/ukl/ukl/glibc/rtld-build/libc_pic.a(strcmp.os)
 .comment       0x0000000000000520       0x20 /home/vraiti/ukl/ukl/glibc/rtld-build/libc_pic.a(strcspn.os)
 .comment       0x0000000000000540       0x20 /home/vraiti/ukl/ukl/glibc/rtld-build/libc_pic.a(strdup.os)
 .comment       0x0000000000000560       0x20 /home/vraiti/ukl/ukl/glibc/rtld-build/libc_pic.a(strlen.os)
 .comment       0x0000000000000580       0x20 /home/vraiti/ukl/ukl/glibc/rtld-build/libc_pic.a(strnlen.os)
 .comment       0x00000000000005a0       0x20 /home/vraiti/ukl/ukl/glibc/rtld-build/libc_pic.a(strncmp.os)
 .comment       0x00000000000005c0       0x20 /home/vraiti/ukl/ukl/glibc/rtld-build/libc_pic.a(memchr.os)
 .comment       0x00000000000005e0       0x20 /home/vraiti/ukl/ukl/glibc/rtld-build/libc_pic.a(memcmp.os)
 .comment       0x0000000000000600       0x20 /home/vraiti/ukl/ukl/glibc/rtld-build/libc_pic.a(memmove.os)
 .comment       0x0000000000000620       0x20 /home/vraiti/ukl/ukl/glibc/rtld-build/libc_pic.a(memset.os)
 .comment       0x0000000000000640       0x20 /home/vraiti/ukl/ukl/glibc/rtld-build/libc_pic.a(mempcpy.os)
 .comment       0x0000000000000660       0x20 /home/vraiti/ukl/ukl/glibc/rtld-build/libc_pic.a(stpcpy.os)
 .comment       0x0000000000000680       0x20 /home/vraiti/ukl/ukl/glibc/rtld-build/libc_pic.a(memcpy.os)
 .comment       0x00000000000006a0       0x20 /home/vraiti/ukl/ukl/glibc/rtld-build/libc_pic.a(rawmemchr.os)
 .comment       0x00000000000006c0       0x20 /home/vraiti/ukl/ukl/glibc/rtld-build/libc_pic.a(strcspn-c.os)
 .comment       0x00000000000006e0       0x20 /home/vraiti/ukl/ukl/glibc/rtld-build/libc_pic.a(varshift.os)
 .comment       0x0000000000000700       0x20 /home/vraiti/ukl/ukl/glibc/rtld-build/libc_pic.a(cacheinfo.os)
 .comment       0x0000000000000720       0x20 /home/vraiti/ukl/ukl/glibc/rtld-build/libc_pic.a(closedir.os)
 .comment       0x0000000000000740       0x20 /home/vraiti/ukl/ukl/glibc/rtld-build/libc_pic.a(rewinddir.os)
 .comment       0x0000000000000760       0x20 /home/vraiti/ukl/ukl/glibc/rtld-build/libc_pic.a(readdir64.os)
 .comment       0x0000000000000780       0x20 /home/vraiti/ukl/ukl/glibc/rtld-build/libc_pic.a(fdopendir.os)
 .comment       0x00000000000007a0       0x20 /home/vraiti/ukl/ukl/glibc/rtld-build/libc_pic.a(uname.os)
 .comment       0x00000000000007c0       0x20 /home/vraiti/ukl/ukl/glibc/rtld-build/libc_pic.a(_exit.os)
 .comment       0x00000000000007e0       0x20 /home/vraiti/ukl/ukl/glibc/rtld-build/libc_pic.a(getpid.os)
 .comment       0x0000000000000800       0x20 /home/vraiti/ukl/ukl/glibc/rtld-build/libc_pic.a(environ.os)
 .comment       0x0000000000000820       0x20 /home/vraiti/ukl/ukl/glibc/rtld-build/libc_pic.a(xstat.os)
 .comment       0x0000000000000840       0x20 /home/vraiti/ukl/ukl/glibc/rtld-build/libc_pic.a(fxstat.os)
 .comment       0x0000000000000860       0x20 /home/vraiti/ukl/ukl/glibc/rtld-build/libc_pic.a(lxstat.os)
 .comment       0x0000000000000880       0x20 /home/vraiti/ukl/ukl/glibc/rtld-build/libc_pic.a(lseek64.os)
 .comment       0x00000000000008a0       0x20 /home/vraiti/ukl/ukl/glibc/rtld-build/libc_pic.a(access.os)
 .comment       0x00000000000008c0       0x20 /home/vraiti/ukl/ukl/glibc/rtld-build/libc_pic.a(close_nocancel.os)
 .comment       0x00000000000008e0       0x20 /home/vraiti/ukl/ukl/glibc/rtld-build/libc_pic.a(fcntl_nocancel.os)
 .comment       0x0000000000000900       0x20 /home/vraiti/ukl/ukl/glibc/rtld-build/libc_pic.a(open64_nocancel.os)
 .comment       0x0000000000000920       0x20 /home/vraiti/ukl/ukl/glibc/rtld-build/libc_pic.a(openat64_nocancel.os)
 .comment       0x0000000000000940       0x20 /home/vraiti/ukl/ukl/glibc/rtld-build/libc_pic.a(read_nocancel.os)
 .comment       0x0000000000000960       0x20 /home/vraiti/ukl/ukl/glibc/rtld-build/libc_pic.a(pread64_nocancel.os)
 .comment       0x0000000000000980       0x20 /home/vraiti/ukl/ukl/glibc/rtld-build/libc_pic.a(write_nocancel.os)
 .comment       0x00000000000009a0       0x20 /home/vraiti/ukl/ukl/glibc/rtld-build/libc_pic.a(mmap64.os)
 .comment       0x00000000000009c0       0x20 /home/vraiti/ukl/ukl/glibc/rtld-build/libc_pic.a(munmap.os)
 .comment       0x00000000000009e0       0x20 /home/vraiti/ukl/ukl/glibc/rtld-build/libc_pic.a(mprotect.os)
 .comment       0x0000000000000a00       0x20 /home/vraiti/ukl/ukl/glibc/rtld-build/libc_pic.a(profil.os)
 .comment       0x0000000000000a20       0x20 /home/vraiti/ukl/ukl/glibc/rtld-build/libc_pic.a(prof-freq.os)
 .comment       0x0000000000000a40       0x20 /home/vraiti/ukl/ukl/glibc/rtld-build/libc_pic.a(dl-addr-obj.os)
 .comment       0x0000000000000a60       0x20 /home/vraiti/ukl/ukl/glibc/rtld-build/libc_pic.a(sigaction.os)
 .comment       0x0000000000000a80       0x20 /home/vraiti/ukl/ukl/glibc/rtld-build/libc_pic.a(libc-lowlevellock.os)
 .comment       0x0000000000000aa0       0x20 /home/vraiti/ukl/ukl/glibc/rtld-build/libc_pic.a(setitimer.os)
 .comment       0x0000000000000ac0       0x20 /home/vraiti/ukl/ukl/glibc/rtld-build/libc_pic.a(getdents64.os)

.note.GNU-stack
                0x0000000000000000        0x0
 .note.GNU-stack
                0x0000000000000000        0x0 /home/vraiti/ukl/ukl/glibc/rtld-build/elf/dl-allobjs.os
 .note.GNU-stack
                0x0000000000000000        0x0 /home/vraiti/ukl/ukl/glibc/rtld-build/libc_pic.a(check_fds.os)
 .note.GNU-stack
                0x0000000000000000        0x0 /home/vraiti/ukl/ukl/glibc/rtld-build/libc_pic.a(errno.os)
 .note.GNU-stack
                0x0000000000000000        0x0 /home/vraiti/ukl/ukl/glibc/rtld-build/libc_pic.a(setjmp.os)
 .note.GNU-stack
                0x0000000000000000        0x0 /home/vraiti/ukl/ukl/glibc/rtld-build/libc_pic.a(__longjmp.os)
 .note.GNU-stack
                0x0000000000000000        0x0 /home/vraiti/ukl/ukl/glibc/rtld-build/libc_pic.a(scratch_buffer_set_array_size.os)
 .note.GNU-stack
                0x0000000000000000        0x0 /home/vraiti/ukl/ukl/glibc/rtld-build/libc_pic.a(strchr.os)
 .note.GNU-stack
                0x0000000000000000        0x0 /home/vraiti/ukl/ukl/glibc/rtld-build/libc_pic.a(strcmp.os)
 .note.GNU-stack
                0x0000000000000000        0x0 /home/vraiti/ukl/ukl/glibc/rtld-build/libc_pic.a(strcspn.os)
 .note.GNU-stack
                0x0000000000000000        0x0 /home/vraiti/ukl/ukl/glibc/rtld-build/libc_pic.a(strdup.os)
 .note.GNU-stack
                0x0000000000000000        0x0 /home/vraiti/ukl/ukl/glibc/rtld-build/libc_pic.a(strlen.os)
 .note.GNU-stack
                0x0000000000000000        0x0 /home/vraiti/ukl/ukl/glibc/rtld-build/libc_pic.a(strnlen.os)
 .note.GNU-stack
                0x0000000000000000        0x0 /home/vraiti/ukl/ukl/glibc/rtld-build/libc_pic.a(strncmp.os)
 .note.GNU-stack
                0x0000000000000000        0x0 /home/vraiti/ukl/ukl/glibc/rtld-build/libc_pic.a(memchr.os)
 .note.GNU-stack
                0x0000000000000000        0x0 /home/vraiti/ukl/ukl/glibc/rtld-build/libc_pic.a(memcmp.os)
 .note.GNU-stack
                0x0000000000000000        0x0 /home/vraiti/ukl/ukl/glibc/rtld-build/libc_pic.a(memmove.os)
 .note.GNU-stack
                0x0000000000000000        0x0 /home/vraiti/ukl/ukl/glibc/rtld-build/libc_pic.a(memset.os)
 .note.GNU-stack
                0x0000000000000000        0x0 /home/vraiti/ukl/ukl/glibc/rtld-build/libc_pic.a(mempcpy.os)
 .note.GNU-stack
                0x0000000000000000        0x0 /home/vraiti/ukl/ukl/glibc/rtld-build/libc_pic.a(stpcpy.os)
 .note.GNU-stack
                0x0000000000000000        0x0 /home/vraiti/ukl/ukl/glibc/rtld-build/libc_pic.a(memcpy.os)
 .note.GNU-stack
                0x0000000000000000        0x0 /home/vraiti/ukl/ukl/glibc/rtld-build/libc_pic.a(rawmemchr.os)
 .note.GNU-stack
                0x0000000000000000        0x0 /home/vraiti/ukl/ukl/glibc/rtld-build/libc_pic.a(strcmp-sse2.os)
 .note.GNU-stack
                0x0000000000000000        0x0 /home/vraiti/ukl/ukl/glibc/rtld-build/libc_pic.a(strcmp-sse2-unaligned.os)
 .note.GNU-stack
                0x0000000000000000        0x0 /home/vraiti/ukl/ukl/glibc/rtld-build/libc_pic.a(strcmp-ssse3.os)
 .note.GNU-stack
                0x0000000000000000        0x0 /home/vraiti/ukl/ukl/glibc/rtld-build/libc_pic.a(strcmp-avx2.os)
 .note.GNU-stack
                0x0000000000000000        0x0 /home/vraiti/ukl/ukl/glibc/rtld-build/libc_pic.a(strncmp-sse2.os)
 .note.GNU-stack
                0x0000000000000000        0x0 /home/vraiti/ukl/ukl/glibc/rtld-build/libc_pic.a(strncmp-ssse3.os)
 .note.GNU-stack