GLIBC_2.2.5 {
  global:
    _LIB_VERSION; signgam;
    __clog10; __clog10f; __clog10l;
    __finite; __finitef; __finitel;
    __fpclassify; __fpclassifyf; __fpclassifyl;
    __signbit; __signbitf; __signbitl;
    acos; acosf; acosl;
    acosh; acoshf; acoshl;
    asin; asinf; asinl;
    asinh; asinhf; asinhl;
    atan2; atan2f; atan2l;
    atan; atanf; atanl;
    atanh; atanhf; atanhl;
    cabs; cabsf; cabsl;
    cacos; cacosf; cacosl;
    cacosh; cacoshf; cacoshl;
    carg; cargf; cargl;
    casin; casinf; casinl;
    casinh; casinhf; casinhl;
    catan; catanf; catanl;
    catanh; catanhf; catanhl;
    cbrt; cbrtf; cbrtl;
    ccos; ccosf; ccosl;
    ccosh; ccoshf; ccoshl;
    ceil; ceilf; ceill;
    cexp; cexpf; cexpl;
    cimag; cimagf; cimagl;
    clog10; clog10f; clog10l;
    clog; clogf; clogl;
    conj; conjf; conjl;
    copysign; copysignf; copysignl;
    cos; cosf; cosl;
    coshf; cosh; coshl;
    cpow; cpowf; cpowl;
    cproj; cprojf; cprojl;
    creal; crealf; creall;
    csin; csinf; csinl;
    csinh; csinhf; csinhl;
    csqrt; csqrtf; csqrtl;
    ctan; ctanf; ctanl;
    ctanh; ctanhf; ctanhl;
    drem; dremf; dreml;
    erf; erff; erfl;
    erfc; erfcf; erfcl;
    exp10; exp10f; exp10l;
    exp2; exp2f;
    exp2l;
    exp; expf; expl;
    expm1; expm1f; expm1l;
    fabs; fabsf; fabsl;
    fdim; fdimf; fdiml;
    feclearexcept; fegetenv; fegetexceptflag;
    feclearexcept; fegetenv; fegetexceptflag; feraiseexcept;
    feenableexcept; fedisableexcept; fegetexcept;
    fegetround; feholdexcept; feraiseexcept;
    fesetenv; fesetexceptflag; fesetround;
    fesetenv; fesetexceptflag; feupdateenv;
    fetestexcept; feupdateenv;
    finite; finitef; finitel;
    floor; floorf; floorl;
    fma; fmaf; fmal;
    fmax; fmaxf; fmaxl;
    fmin; fminf; fminl;
    fmod; fmodf; fmodl;
    frexp; frexpf; frexpl;
    gamma; gammaf; gammal;
    gamma_r; gammaf_r; gammal_r;
    hypot; hypotf; hypotl;
    ilogb; ilogbf; ilogbl;
    j0; j0f; j0l;
    j1; j1f; j1l;
    jn; jnf; jnl;
    ldexp; ldexpf; ldexpl;
    lgamma; lgammaf; lgammal;
    lgamma_r; lgammaf_r; lgammal_r;
    llrint; llrintf; llrintl;
    llround; llroundf; llroundl;
    log10; log10f; log10l;
    log1p; log1pf; log1pl;
    log2; log2f; log2l;
    log; logf; logl;
    logb; logbf; logbl;
    lrint; lrintf; lrintl;
    lround; lroundf; lroundl;
    matherr;
    modf; modff; modfl;
    nan; nanf; nanl;
    nearbyint; nearbyintf; nearbyintl;
    nextafter; nextafterf; nextafterl;
    nexttoward; nexttowardf; nexttowardl;
    pow10; pow10f; pow10l;
    pow; powf; powl;
    remainder; remainderf; remainderl;
    remquo; remquof; remquol;
    rint; rintf; rintl;
    round; roundf; roundl;
    scalb; scalbf; scalbl;
    scalbln; scalblnf; scalblnl;
    scalbn; scalbnf; scalbnl;
    significand; significandf; significandl;
    sin; sinf; sinl;
    sincos; sincosf; sincosl;
    sinh; sinhf; sinhl;
    sqrt; sqrtf; sqrtl;
    tan; tanf; tanl;
    tanh; tanhf; tanhl;
    tgamma; tgammaf; tgammal;
    trunc; truncf; truncl;
    y0; y0f; y0l;
    y1; y1f; y1l;
    yn; ynf; ynl;
  local:
    *;
};
GLIBC_2.4 {
  global:
    exp2l;
} GLIBC_2.2.5;
GLIBC_2.15 {
  global:
    __acos_finite; __acosf_finite; __acosl_finite;
    __acosh_finite; __acoshf_finite; __acoshl_finite;
    __asin_finite; __asinf_finite; __asinl_finite;
    __atan2_finite; __atan2f_finite; __atan2l_finite;
    __atanh_finite; __atanhf_finite; __atanhl_finite;
    __cosh_finite; __coshf_finite; __coshl_finite;
    __exp10_finite; __exp10f_finite; __exp10l_finite;
    __exp2_finite; __exp2f_finite; __exp2l_finite;
    __exp_finite; __expf_finite; __expl_finite;
    __fmod_finite; __fmodf_finite; __fmodl_finite;
    __gamma_r_finite; __gammaf_r_finite; __gammal_r_finite;
    __hypot_finite; __hypotf_finite; __hypotl_finite;
    __j0_finite; __j0f_finite; __j0l_finite;
    __j1_finite; __j1f_finite; __j1l_finite;
    __jn_finite; __jnf_finite; __jnl_finite;
    __lgamma_r_finite; __lgammaf_r_finite; __lgammal_r_finite;
    __log10_finite; __log10f_finite; __log10l_finite;
    __log2_finite; __log2f_finite; __log2l_finite;
    __log_finite; __logf_finite; __logl_finite;
    __pow_finite; __powf_finite; __powl_finite;
    __remainder_finite; __remainderf_finite; __remainderl_finite;
    __scalb_finite; __scalbf_finite; __scalbl_finite;
    __sinh_finite; __sinhf_finite; __sinhl_finite;
    __sqrt_finite; __sqrtf_finite; __sqrtl_finite;
    __y0_finite; __y0f_finite; __y0l_finite;
    __y1_finite; __y1f_finite; __y1l_finite;
    __yn_finite; __ynf_finite; __ynl_finite;
} GLIBC_2.4;
GLIBC_2.18 {
  global:
    __issignaling; __issignalingf; __issignalingl;
} GLIBC_2.15;
GLIBC_2.23 {
  global:
    lgamma; lgammaf; lgammal; __signgam;
} GLIBC_2.18;
GLIBC_2.24 {
  global:
    nextdown; nextdownf; nextdownl;
    nextup; nextupf; nextupl;
} GLIBC_2.23;
GLIBC_2.25 {
  global:
    __iscanonicall; __iseqsigf; __iseqsig; __iseqsigl;
    canonicalize; canonicalizef; canonicalizel;
    fesetexcept; fetestexceptflag; fegetmode; fesetmode;
    fmaxmag; fmaxmagf; fmaxmagl; fminmag; fminmagf; fminmagl;
    fromfp; fromfpf; fromfpl; ufromfp; ufromfpf; ufromfpl;
    fromfpx; fromfpxf; fromfpxl; ufromfpx; ufromfpxf; ufromfpxl;
    getpayload; getpayloadf; getpayloadl;
    llogb; llogbf; llogbl;
    roundeven; roundevenf; roundevenl;
    setpayload; setpayloadf; setpayloadl;
    setpayloadsig; setpayloadsigf; setpayloadsigl;
    totalorder; totalorderf; totalorderl;
    totalordermag; totalordermagf; totalordermagl;
} GLIBC_2.24;
GLIBC_2.26 {
  global:
    __acosf128_finite;
    __acoshf128_finite;
    __asinf128_finite;
    __atan2f128_finite;
    __atanhf128_finite;
    __coshf128_finite;
    __exp10f128_finite;
    __exp2f128_finite;
    __expf128_finite;
    __finitef128;
    __fmodf128_finite;
    __fpclassifyf128;
    __gammaf128_r_finite;
    __hypotf128_finite;
    __iseqsigf128;
    __isinff128;
    __isnanf128;
    __issignalingf128;
    __j0f128_finite;
    __j1f128_finite;
    __jnf128_finite;
    __lgammaf128_r_finite;
    __log10f128_finite;
    __log2f128_finite;
    __logf128_finite;
    __powf128_finite;
    __remainderf128_finite;
    __signbitf128;
    __sinhf128_finite;
    __sqrtf128_finite;
    __y0f128_finite;
    __y1f128_finite;
    __ynf128_finite;
    acosf128;
    acoshf128;
    asinf128;
    asinhf128;
    atan2f128;
    atanf128;
    atanhf128;
    cabsf128;
    cacosf128;
    cacoshf128;
    canonicalizef128;
    cargf128;
    casinf128;
    casinhf128;
    catanf128;
    catanhf128;
    cbrtf128;
    ccosf128;
    ccoshf128;
    ceilf128;
    cexpf128;
    cimagf128;
    clog10f128;
    clogf128;
    conjf128;
    copysignf128;
    cosf128;
    coshf128;
    cpowf128;
    cprojf128;
    crealf128;
    csinf128;
    csinhf128;
    csqrtf128;
    ctanf128;
    ctanhf128;
    erfcf128;
    erff128;
    exp10f128;
    exp2f128;
    expf128;
    expm1f128;
    fabsf128;
    fdimf128;
    floorf128;
    fmaf128;
    fmaxf128;
    fmaxmagf128;
    fminf128;
    fminmagf128;
    fmodf128;
    frexpf128;
    fromfpf128;
    fromfpxf128;
    getpayloadf128;
    hypotf128;
    ilogbf128;
    j0f128;
    j1f128;
    jnf128;
    ldexpf128;
    lgammaf128;
    lgammaf128_r;
    llogbf128;
    llrintf128;
    llroundf128;
    log10f128;
    log1pf128;
    log2f128;
    logbf128;
    logf128;
    lrintf128;
    lroundf128;
    modff128;
    nanf128;
    nearbyintf128;
    nextafterf128;
    nextdownf128;
    nextupf128;
    powf128;
    remainderf128;
    remquof128;
    rintf128;
    roundevenf128;
    roundf128;
    scalblnf128;
    scalbnf128;
    setpayloadf128;
    setpayloadsigf128;
    sincosf128;
    sinf128;
    sinhf128;
    sqrtf128;
    tanf128;
    tanhf128;
    tgammaf128;
    totalorderf128;
    totalordermagf128;
    truncf128;
    ufromfpf128;
    ufromfpxf128;
    y0f128;
    y1f128;
    ynf128;
} GLIBC_2.25;
GLIBC_2.27 {
  global:
    acosf32; acosf64; acosf32x;
    acosf64x;
    acoshf32; acoshf64; acoshf32x;
    acoshf64x;
    asinf32; asinf64; asinf32x;
    asinf64x;
    asinhf32; asinhf64; asinhf32x;
    asinhf64x;
    atan2f32; atan2f64; atan2f32x;
    atan2f64x;
    atanf32; atanf64; atanf32x;
    atanf64x;
    atanhf32; atanhf64; atanhf32x;
    atanhf64x;
    cabsf32; cabsf64; cabsf32x;
    cabsf64x;
    cacosf32; cacosf64; cacosf32x;
    cacosf64x;
    cacoshf32; cacoshf64; cacoshf32x;
    cacoshf64x;
    canonicalizef32; canonicalizef64; canonicalizef32x;
    canonicalizef64x;
    cargf32; cargf64; cargf32x;
    cargf64x;
    casinf32; casinf64; casinf32x;
    casinf64x;
    casinhf32; casinhf64; casinhf32x;
    casinhf64x;
    catanf32; catanf64; catanf32x;
    catanf64x;
    catanhf32; catanhf64; catanhf32x;
    catanhf64x;
    cbrtf32; cbrtf64; cbrtf32x;
    cbrtf64x;
    ccosf32; ccosf64; ccosf32x;
    ccosf64x;
    ccoshf32; ccoshf64; ccoshf32x;
    ccoshf64x;
    ceilf32; ceilf64; ceilf32x;
    ceilf64x;
    cexpf32; cexpf64; cexpf32x;
    cexpf64x;
    cimagf32; cimagf64; cimagf32x;
    cimagf64x;
    clog10f32; clog10f64; clog10f32x;
    clog10f64x;
    clogf32; clogf64; clogf32x;
    clogf64x;
    conjf32; conjf64; conjf32x;
    conjf64x;
    copysignf32; copysignf64; copysignf32x;
    copysignf64x;
    cosf32; cosf64; cosf32x;
    cosf64x;
    coshf32; coshf64; coshf32x;
    coshf64x;
    cpowf32; cpowf64; cpowf32x;
    cpowf64x;
    cprojf32; cprojf64; cprojf32x;
    cprojf64x;
    crealf32; crealf64; crealf32x;
    crealf64x;
    csinf32; csinf64; csinf32x;
    csinf64x;
    csinhf32; csinhf64; csinhf32x;
    csinhf64x;
    csqrtf32; csqrtf64; csqrtf32x;
    csqrtf64x;
    ctanf32; ctanf64; ctanf32x;
    ctanf64x;
    ctanhf32; ctanhf64; ctanhf32x;
    ctanhf64x;
    erfcf32; erfcf64; erfcf32x;
    erfcf64x;
    erff32; erff64; erff32x;
    erff64x;
    exp10f32; exp10f64; exp10f32x;
    exp10f64x;
    exp2f32; exp2f64; exp2f32x;
    exp2f64x;
    expf32; expf64; expf32x;
    expf64x;
    expf; exp2f; logf; log2f; powf;
    expm1f32; expm1f64; expm1f32x;
    expm1f64x;
    fabsf32; fabsf64; fabsf32x;
    fabsf64x;
    fdimf32; fdimf64; fdimf32x;
    fdimf64x;
    floorf32; floorf64; floorf32x;
    floorf64x;
    fmaf32; fmaf64; fmaf32x;
    fmaf64x;
    fmaxf32; fmaxf64; fmaxf32x;
    fmaxf64x;
    fmaxmagf32; fmaxmagf64; fmaxmagf32x;
    fmaxmagf64x;
    fminf32; fminf64; fminf32x;
    fminf64x;
    fminmagf32; fminmagf64; fminmagf32x;
    fminmagf64x;
    fmodf32; fmodf64; fmodf32x;
    fmodf64x;
    frexpf32; frexpf64; frexpf32x;
    frexpf64x;
    fromfpf32; fromfpf64; fromfpf32x;
    fromfpf64x;
    fromfpxf32; fromfpxf64; fromfpxf32x;
    fromfpxf64x;
    getpayloadf32; getpayloadf64; getpayloadf32x;
    getpayloadf64x;
    hypotf32; hypotf64; hypotf32x;
    hypotf64x;
    ilogbf32; ilogbf64; ilogbf32x;
    ilogbf64x;
    j0f32; j0f64; j0f32x;
    j0f64x;
    j1f32; j1f64; j1f32x;
    j1f64x;
    jnf32; jnf64; jnf32x;
    jnf64x;
    ldexpf32; ldexpf64; ldexpf32x;
    ldexpf64x;
    lgammaf32; lgammaf64; lgammaf32x;
    lgammaf32_r; lgammaf64_r; lgammaf32x_r;
    lgammaf64x;
    lgammaf64x_r;
    llogbf32; llogbf64; llogbf32x;
    llogbf64x;
    llrintf32; llrintf64; llrintf32x;
    llrintf64x;
    llroundf32; llroundf64; llroundf32x;
    llroundf64x;
    log10f32; log10f64; log10f32x;
    log10f64x;
    log1pf32; log1pf64; log1pf32x;
    log1pf64x;
    log2f32; log2f64; log2f32x;
    log2f64x;
    logbf32; logbf64; logbf32x;
    logbf64x;
    logf32; logf64; logf32x;
    logf64x;
    lrintf32; lrintf64; lrintf32x;
    lrintf64x;
    lroundf32; lroundf64; lroundf32x;
    lroundf64x;
    modff32; modff64; modff32x;
    modff64x;
    nanf32; nanf64; nanf32x;
    nanf64x;
    nearbyintf32; nearbyintf64; nearbyintf32x;
    nearbyintf64x;
    nextafterf32; nextafterf64; nextafterf32x;
    nextafterf64x;
    nextdownf32; nextdownf64; nextdownf32x;
    nextdownf64x;
    nextupf32; nextupf64; nextupf32x;
    nextupf64x;
    powf32; powf64; powf32x;
    powf64x;
    remainderf32; remainderf64; remainderf32x;
    remainderf64x;
    remquof32; remquof64; remquof32x;
    remquof64x;
    rintf32; rintf64; rintf32x;
    rintf64x;
    roundevenf32; roundevenf64; roundevenf32x;
    roundevenf64x;
    roundf32; roundf64; roundf32x;
    roundf64x;
    scalblnf32; scalblnf64; scalblnf32x;
    scalblnf64x;
    scalbnf32; scalbnf64; scalbnf32x;
    scalbnf64x;
    setpayloadf32; setpayloadf64; setpayloadf32x;
    setpayloadf64x;
    setpayloadsigf32; setpayloadsigf64; setpayloadsigf32x;
    setpayloadsigf64x;
    sincosf32; sincosf64; sincosf32x;
    sincosf64x;
    sinf32; sinf64; sinf32x;
    sinf64x;
    sinhf32; sinhf64; sinhf32x;
    sinhf64x;
    sqrtf32; sqrtf64; sqrtf32x;
    sqrtf64x;
    tanf32; tanf64; tanf32x;
    tanf64x;
    tanhf32; tanhf64; tanhf32x;
    tanhf64x;
    tgammaf32; tgammaf64; tgammaf32x;
    tgammaf64x;
    totalorderf32; totalorderf64; totalorderf32x;
    totalorderf64x;
    totalordermagf32; totalordermagf64; totalordermagf32x;
    totalordermagf64x;
    truncf32; truncf64; truncf32x;
    truncf64x;
    ufromfpf32; ufromfpf64; ufromfpf32x;
    ufromfpf64x;
    ufromfpxf32; ufromfpxf64; ufromfpxf32x;
    ufromfpxf64x;
    y0f32; y0f64; y0f32x;
    y0f64x;
    y1f32; y1f64; y1f32x;
    y1f64x;
    ynf32; ynf64; ynf32x;
    ynf64x;
} GLIBC_2.26;
GLIBC_2.28 {
  global:
    f32addf32x; f32addf64; f32xaddf64;
    f32addf64x; f32addf128;
    f32divf32x; f32divf64; f32xdivf64;
    f32divf64x; f32divf128;
    f32mulf32x; f32mulf64; f32xmulf64;
    f32mulf64x; f32mulf128;
    f32subf32x; f32subf64; f32xsubf64;
    f32subf64x; f32subf128;
    f32xaddf64x; f32xaddf128; f64addf64x; f64addf128;
    f32xdivf64x; f32xdivf128; f64divf64x; f64divf128;
    f32xmulf64x; f32xmulf128; f64mulf64x; f64mulf128;
    f32xsubf64x; f32xsubf128; f64subf64x; f64subf128;
    f64xaddf128;
    f64xdivf128;
    f64xmulf128;
    f64xsubf128;
    fadd; faddl; daddl;
    fdiv; fdivl; ddivl;
    fmul; fmull; dmull;
    fsub; fsubl; dsubl;
} GLIBC_2.27;
GLIBC_2.29 {
  global:
    exp; exp2; log; log2; pow;
} GLIBC_2.28;
GLIBC_2.31 {
  global:
    totalorder; totalorderf; totalorderl;
    totalorderf128;
    totalorderf32; totalorderf64; totalorderf32x;
    totalorderf64x;
    totalordermag; totalordermagf; totalordermagl;
    totalordermagf128;
    totalordermagf32; totalordermagf64; totalordermagf32x;
    totalordermagf64x;
} GLIBC_2.29;
